[pid  5091] <... recvfrom resumed>[{nlmsg_len=36, nlmsg_type=NLMSG_ERROR, nlmsg_flags=NLM_F_CAPPED, nlmsg_seq=0, nlmsg_pid=1}, {error=0, msg={nlmsg_len=60, nlmsg_type=0x10 /* NLMSG_??? */, nlmsg_flags=NLM_F_REQUEST|NLM_F_ACK|0x600, nlmsg_seq=0, nlmsg_pid=0}}], 4096, 0, NULL, NULL) = 36
[pid  5096] sendto(3, [{nlmsg_len=60, nlmsg_type=0x10 /* NLMSG_??? */, nlmsg_flags=NLM_F_REQUEST|NLM_F_ACK|0x600, nlmsg_seq=0, nlmsg_pid=0}, "\x00\x00\x00\x00\x00\x00\x00\x00\x00\x00\x00\x00\x00\x00\x00\x00\x07\x00\x03\x00\x77\x67\x32\x00\x14\x00\x12\x00\x0d\x00\x01\x00\x77\x69\x72\x65\x67\x75\x61\x72\x64\x00\x00\x00"], 60, 0, {sa_family=AF_NETLINK, nl_pid=0, nl_groups=00000000}, 12 <unfinished ...>
[pid  5089] sendto(3, [{nlmsg_len=60, nlmsg_type=0x10 /* NLMSG_??? */, nlmsg_flags=NLM_F_REQUEST|NLM_F_ACK|0x600, nlmsg_seq=0, nlmsg_pid=0}, "\x00\x00\x00\x00\x00\x00\x00\x00\x00\x00\x00\x00\x00\x00\x00\x00\x0b\x00\x03\x00\x62\x61\x74\x61\x64\x76\x30\x00\x10\x00\x12\x00\x0a\x00\x01\x00\x62\x61\x74\x61\x64\x76\x00\x00"], 60, 0, {sa_family=AF_NETLINK, nl_pid=0, nl_groups=00000000}, 12 <unfinished ...>
[   78.509835][ T5089] chnl_net:caif_netlink_parms(): no params data found
[pid  5091] sendto(3, [{nlmsg_len=60, nlmsg_type=0x10 /* NLMSG_??? */, nlmsg_flags=NLM_F_REQUEST|NLM_F_ACK|0x600, nlmsg_seq=0, nlmsg_pid=0}, "\x00\x00\x00\x00\x00\x00\x00\x00\x00\x00\x00\x00\x00\x00\x00\x00\x07\x00\x03\x00\x77\x67\x32\x00\x14\x00\x12\x00\x0d\x00\x01\x00\x77\x69\x72\x65\x67\x75\x61\x72\x64\x00\x00\x00"], 60, 0, {sa_family=AF_NETLINK, nl_pid=0, nl_groups=00000000}, 12 <unfinished ...>
[pid  5094] recvfrom(3,  <unfinished ...>
[pid  5092] <... sendto resumed>)       = 60
[pid  5094] <... recvfrom resumed>[{nlmsg_len=36, nlmsg_type=NLMSG_ERROR, nlmsg_flags=NLM_F_CAPPED, nlmsg_seq=0, nlmsg_pid=1}, {error=0, msg={nlmsg_len=60, nlmsg_type=0x10 /* NLMSG_??? */, nlmsg_flags=NLM_F_REQUEST|NLM_F_ACK|0x600, nlmsg_seq=0, nlmsg_pid=0}}], 4096, 0, NULL, NULL) = 36
[pid  5095] <... sendto resumed>)       = 44
[pid  5092] recvfrom(3,  <unfinished ...>
[pid  5094] sendto(3, [{nlmsg_len=44, nlmsg_type=0x10 /* NLMSG_??? */, nlmsg_flags=NLM_F_REQUEST|NLM_F_ACK|0x600, nlmsg_seq=0, nlmsg_pid=0}, "\x00\x00\x00\x00\x00\x00\x00\x00\x00\x00\x00\x00\x00\x00\x00\x00\x0c\x00\x12\x00\x08\x00\x01\x00\x76\x65\x74\x68"], 44, 0, {sa_family=AF_NETLINK, nl_pid=0, nl_groups=00000000}, 12 <unfinished ...>
[pid  5092] <... recvfrom resumed>[{nlmsg_len=36, nlmsg_type=NLMSG_ERROR, nlmsg_flags=NLM_F_CAPPED, nlmsg_seq=0, nlmsg_pid=1}, {error=0, msg={nlmsg_len=60, nlmsg_type=0x10 /* NLMSG_??? */, nlmsg_flags=NLM_F_REQUEST|NLM_F_ACK|0x600, nlmsg_seq=0, nlmsg_pid=0}}], 4096, 0, NULL, NULL) = 36
[pid  5096] <... sendto resumed>)       = 60
[pid  5095] recvfrom(3,  <unfinished ...>
[pid  5092] sendto(3, [{nlmsg_len=44, nlmsg_type=0x10 /* NLMSG_??? */, nlmsg_flags=NLM_F_REQUEST|NLM_F_ACK|0x600, nlmsg_seq=0, nlmsg_pid=0}, "\x00\x00\x00\x00\x00\x00\x00\x00\x00\x00\x00\x00\x00\x00\x00\x00\x0c\x00\x12\x00\x08\x00\x01\x00\x76\x65\x74\x68"], 44, 0, {sa_family=AF_NETLINK, nl_pid=0, nl_groups=00000000}, 12 <unfinished ...>
[pid  5096] recvfrom(3,  <unfinished ...>
[pid  5095] <... recvfrom resumed>[{nlmsg_len=36, nlmsg_type=NLMSG_ERROR, nlmsg_flags=NLM_F_CAPPED, nlmsg_seq=0, nlmsg_pid=1}, {error=0, msg={nlmsg_len=44, nlmsg_type=0x10 /* NLMSG_??? */, nlmsg_flags=NLM_F_REQUEST|NLM_F_ACK|0x600, nlmsg_seq=0, nlmsg_pid=0}}], 4096, 0, NULL, NULL) = 36
[pid  5096] <... recvfrom resumed>[{nlmsg_len=36, nlmsg_type=NLMSG_ERROR, nlmsg_flags=NLM_F_CAPPED, nlmsg_seq=0, nlmsg_pid=1}, {error=0, msg={nlmsg_len=60, nlmsg_type=0x10 /* NLMSG_??? */, nlmsg_flags=NLM_F_REQUEST|NLM_F_ACK|0x600, nlmsg_seq=0, nlmsg_pid=0}}], 4096, 0, NULL, NULL) = 36
[pid  5096] sendto(3, [{nlmsg_len=108, nlmsg_type=0x10 /* NLMSG_??? */, nlmsg_flags=NLM_F_REQUEST|NLM_F_ACK|0x600, nlmsg_seq=0, nlmsg_pid=0}, "\x00\x00\x00\x00\x00\x00\x00\x00\x00\x00\x00\x00\x00\x00\x00\x00\x12\x00\x03\x00\x62\x72\x69\x64\x67\x65\x5f\x73\x6c\x61\x76\x65\x5f\x30\x00\x00\x38\x00\x12\x00\x08\x00\x01\x00\x76\x65\x74\x68\x2c\x00\x02\x00\x28\x00\x01\x00\x00\x00\x00\x00\x00\x00\x00\x00\x00\x00\x00\x00\x00\x00\x00\x00\x13\x00\x03\x00\x76\x65\x74\x68\x30\x5f\x74\x6f\x5f\x62\x72\x69\x64\x67\x65\x00"], 108, 0, {sa_family=AF_NETLINK, nl_pid=0, nl_groups=00000000}, 12 <unfinished ...>
[pid  5095] sendto(3, [{nlmsg_len=60, nlmsg_type=0x10 /* NLMSG_??? */, nlmsg_flags=NLM_F_REQUEST|NLM_F_ACK|0x600, nlmsg_seq=0, nlmsg_pid=0}, "\x00\x00\x00\x00\x00\x00\x00\x00\x00\x00\x00\x00\x00\x00\x00\x00\x07\x00\x03\x00\x77\x67\x30\x00\x14\x00\x12\x00\x0d\x00\x01\x00\x77\x69\x72\x65\x67\x75\x61\x72\x64\x00\x00\x00"], 60, 0, {sa_family=AF_NETLINK, nl_pid=0, nl_groups=00000000}, 12 <unfinished ...>
[pid  5094] <... sendto resumed>)       = 44
[pid  5091] <... sendto resumed>)       = 60
[pid  5094] recvfrom(3,  <unfinished ...>
[pid  5091] recvfrom(3,  <unfinished ...>
[pid  5094] <... recvfrom resumed>[{nlmsg_len=36, nlmsg_type=NLMSG_ERROR, nlmsg_flags=NLM_F_CAPPED, nlmsg_seq=0, nlmsg_pid=1}, {error=0, msg={nlmsg_len=44, nlmsg_type=0x10 /* NLMSG_??? */, nlmsg_flags=NLM_F_REQUEST|NLM_F_ACK|0x600, nlmsg_seq=0, nlmsg_pid=0}}], 4096, 0, NULL, NULL) = 36
[pid  5091] <... recvfrom resumed>[{nlmsg_len=36, nlmsg_type=NLMSG_ERROR, nlmsg_flags=NLM_F_CAPPED, nlmsg_seq=0, nlmsg_pid=1}, {error=0, msg={nlmsg_len=60, nlmsg_type=0x10 /* NLMSG_??? */, nlmsg_flags=NLM_F_REQUEST|NLM_F_ACK|0x600, nlmsg_seq=0, nlmsg_pid=0}}], 4096, 0, NULL, NULL) = 36
[pid  5094] sendto(3, [{nlmsg_len=60, nlmsg_type=0x10 /* NLMSG_??? */, nlmsg_flags=NLM_F_REQUEST|NLM_F_ACK|0x600, nlmsg_seq=0, nlmsg_pid=0}, "\x00\x00\x00\x00\x00\x00\x00\x00\x00\x00\x00\x00\x00\x00\x00\x00\x07\x00\x03\x00\x77\x67\x30\x00\x14\x00\x12\x00\x0d\x00\x01\x00\x77\x69\x72\x65\x67\x75\x61\x72\x64\x00\x00\x00"], 60, 0, {sa_family=AF_NETLINK, nl_pid=0, nl_groups=00000000}, 12 <unfinished ...>
[pid  5091] sendto(3, [{nlmsg_len=108, nlmsg_type=0x10 /* NLMSG_??? */, nlmsg_flags=NLM_F_REQUEST|NLM_F_ACK|0x600, nlmsg_seq=0, nlmsg_pid=0}, "\x00\x00\x00\x00\x00\x00\x00\x00\x00\x00\x00\x00\x00\x00\x00\x00\x12\x00\x03\x00\x62\x72\x69\x64\x67\x65\x5f\x73\x6c\x61\x76\x65\x5f\x30\x00\x00\x38\x00\x12\x00\x08\x00\x01\x00\x76\x65\x74\x68\x2c\x00\x02\x00\x28\x00\x01\x00\x00\x00\x00\x00\x00\x00\x00\x00\x00\x00\x00\x00\x00\x00\x00\x00\x13\x00\x03\x00\x76\x65\x74\x68\x30\x5f\x74\x6f\x5f\x62\x72\x69\x64\x67\x65\x00"], 108, 0, {sa_family=AF_NETLINK, nl_pid=0, nl_groups=00000000}, 12 <unfinished ...>
[pid  5089] <... sendto resumed>)       = 60
[pid  5089] recvfrom(3, [{nlmsg_len=36, nlmsg_type=NLMSG_ERROR, nlmsg_flags=NLM_F_CAPPED, nlmsg_seq=0, nlmsg_pid=1}, {error=0, msg={nlmsg_len=60, nlmsg_type=0x10 /* NLMSG_??? */, nlmsg_flags=NLM_F_REQUEST|NLM_F_ACK|0x600, nlmsg_seq=0, nlmsg_pid=0}}], 4096, 0, NULL, NULL) = 36
[pid  5089] sendto(3, [{nlmsg_len=60, nlmsg_type=0x10 /* NLMSG_??? */, nlmsg_flags=NLM_F_REQUEST|NLM_F_ACK|0x600, nlmsg_seq=0, nlmsg_pid=0}, "\x00\x00\x00\x00\x00\x00\x00\x00\x00\x00\x00\x00\x00\x00\x00\x00\x0a\x00\x03\x00\x76\x78\x63\x61\x6e\x31\x00\x00\x10\x00\x12\x00\x09\x00\x01\x00\x76\x78\x63\x61\x6e\x00\x00\x00"], 60, 0, {sa_family=AF_NETLINK, nl_pid=0, nl_groups=00000000}, 12 <unfinished ...>
[pid  5092] <... sendto resumed>)       = 44
[pid  5092] recvfrom(3, [{nlmsg_len=36, nlmsg_type=NLMSG_ERROR, nlmsg_flags=NLM_F_CAPPED, nlmsg_seq=0, nlmsg_pid=1}, {error=0, msg={nlmsg_len=44, nlmsg_type=0x10 /* NLMSG_??? */, nlmsg_flags=NLM_F_REQUEST|NLM_F_ACK|0x600, nlmsg_seq=0, nlmsg_pid=0}}], 4096, 0, NULL, NULL) = 36
[pid  5092] sendto(3, [{nlmsg_len=60, nlmsg_type=0x10 /* NLMSG_??? */, nlmsg_flags=NLM_F_REQUEST|NLM_F_ACK|0x600, nlmsg_seq=0, nlmsg_pid=0}, "\x00\x00\x00\x00\x00\x00\x00\x00\x00\x00\x00\x00\x00\x00\x00\x00\x07\x00\x03\x00\x77\x67\x30\x00\x14\x00\x12\x00\x0d\x00\x01\x00\x77\x69\x72\x65\x67\x75\x61\x72\x64\x00\x00\x00"], 60, 0, {sa_family=AF_NETLINK, nl_pid=0, nl_groups=00000000}, 12 <unfinished ...>
[pid  5096] <... sendto resumed>)       = 108
[pid  5096] recvfrom(3, [{nlmsg_len=36, nlmsg_type=NLMSG_ERROR, nlmsg_flags=NLM_F_CAPPED, nlmsg_seq=0, nlmsg_pid=1}, {error=0, msg={nlmsg_len=108, nlmsg_type=0x10 /* NLMSG_??? */, nlmsg_flags=NLM_F_REQUEST|NLM_F_ACK|0x600, nlmsg_seq=0, nlmsg_pid=0}}], 4096, 0, NULL, NULL) = 36
[pid  5096] sendto(3, [{nlmsg_len=108, nlmsg_type=0x10 /* NLMSG_??? */, nlmsg_flags=NLM_F_REQUEST|NLM_F_ACK|0x600, nlmsg_seq=0, nlmsg_pid=0}, "\x00\x00\x00\x00\x00\x00\x00\x00\x00\x00\x00\x00\x00\x00\x00\x00\x12\x00\x03\x00\x62\x72\x69\x64\x67\x65\x5f\x73\x6c\x61\x76\x65\x5f\x31\x00\x00\x38\x00\x12\x00\x08\x00\x01\x00\x76\x65\x74\x68\x2c\x00\x02\x00\x28\x00\x01\x00\x00\x00\x00\x00\x00\x00\x00\x00\x00\x00\x00\x00\x00\x00\x00\x00\x13\x00\x03\x00\x76\x65\x74\x68\x31\x5f\x74\x6f\x5f\x62\x72\x69\x64\x67\x65\x00"], 108, 0, {sa_family=AF_NETLINK, nl_pid=0, nl_groups=00000000}, 12 <unfinished ...>
[pid  5095] <... sendto resumed>)       = 60
[pid  5095] recvfrom(3, [{nlmsg_len=36, nlmsg_type=NLMSG_ERROR, nlmsg_flags=NLM_F_CAPPED, nlmsg_seq=0, nlmsg_pid=1}, {error=0, msg={nlmsg_len=60, nlmsg_type=0x10 /* NLMSG_??? */, nlmsg_flags=NLM_F_REQUEST|NLM_F_ACK|0x600, nlmsg_seq=0, nlmsg_pid=0}}], 4096, 0, NULL, NULL) = 36
[pid  5095] sendto(3, [{nlmsg_len=60, nlmsg_type=0x10 /* NLMSG_??? */, nlmsg_flags=NLM_F_REQUEST|NLM_F_ACK|0x600, nlmsg_seq=0, nlmsg_pid=0}, "\x00\x00\x00\x00\x00\x00\x00\x00\x00\x00\x00\x00\x00\x00\x00\x00\x07\x00\x03\x00\x77\x67\x31\x00\x14\x00\x12\x00\x0d\x00\x01\x00\x77\x69\x72\x65\x67\x75\x61\x72\x64\x00\x00\x00"], 60, 0, {sa_family=AF_NETLINK, nl_pid=0, nl_groups=00000000}, 12 <unfinished ...>
[pid  5094] <... sendto resumed>)       = 60
[pid  5094] recvfrom(3, [{nlmsg_len=36, nlmsg_type=NLMSG_ERROR, nlmsg_flags=NLM_F_CAPPED, nlmsg_seq=0, nlmsg_pid=1}, {error=0, msg={nlmsg_len=60, nlmsg_type=0x10 /* NLMSG_??? */, nlmsg_flags=NLM_F_REQUEST|NLM_F_ACK|0x600, nlmsg_seq=0, nlmsg_pid=0}}], 4096, 0, NULL, NULL) = 36
[pid  5094] sendto(3, [{nlmsg_len=60, nlmsg_type=0x10 /* NLMSG_??? */, nlmsg_flags=NLM_F_REQUEST|NLM_F_ACK|0x600, nlmsg_seq=0, nlmsg_pid=0}, "\x00\x00\x00\x00\x00\x00\x00\x00\x00\x00\x00\x00\x00\x00\x00\x00\x07\x00\x03\x00\x77\x67\x31\x00\x14\x00\x12\x00\x0d\x00\x01\x00\x77\x69\x72\x65\x67\x75\x61\x72\x64\x00\x00\x00"], 60, 0, {sa_family=AF_NETLINK, nl_pid=0, nl_groups=00000000}, 12 <unfinished ...>
[pid  5095] <... sendto resumed>)       = 60
[pid  5095] recvfrom(3, [{nlmsg_len=36, nlmsg_type=NLMSG_ERROR, nlmsg_flags=NLM_F_CAPPED, nlmsg_seq=0, nlmsg_pid=1}, {error=0, msg={nlmsg_len=60, nlmsg_type=0x10 /* NLMSG_??? */, nlmsg_flags=NLM_F_REQUEST|NLM_F_ACK|0x600, nlmsg_seq=0, nlmsg_pid=0}}], 4096, 0, NULL, NULL) = 36
[pid  5091] <... sendto resumed>)       = 108
[pid  5095] sendto(3, [{nlmsg_len=60, nlmsg_type=0x10 /* NLMSG_??? */, nlmsg_flags=NLM_F_REQUEST|NLM_F_ACK|0x600, nlmsg_seq=0, nlmsg_pid=0}, "\x00\x00\x00\x00\x00\x00\x00\x00\x00\x00\x00\x00\x00\x00\x00\x00\x07\x00\x03\x00\x77\x67\x32\x00\x14\x00\x12\x00\x0d\x00\x01\x00\x77\x69\x72\x65\x67\x75\x61\x72\x64\x00\x00\x00"], 60, 0, {sa_family=AF_NETLINK, nl_pid=0, nl_groups=00000000}, 12 <unfinished ...>
[pid  5091] recvfrom(3, [{nlmsg_len=36, nlmsg_type=NLMSG_ERROR, nlmsg_flags=NLM_F_CAPPED, nlmsg_seq=0, nlmsg_pid=1}, {error=0, msg={nlmsg_len=108, nlmsg_type=0x10 /* NLMSG_??? */, nlmsg_flags=NLM_F_REQUEST|NLM_F_ACK|0x600, nlmsg_seq=0, nlmsg_pid=0}}], 4096, 0, NULL, NULL) = 36
[pid  5091] sendto(3, [{nlmsg_len=108, nlmsg_type=0x10 /* NLMSG_??? */, nlmsg_flags=NLM_F_REQUEST|NLM_F_ACK|0x600, nlmsg_seq=0, nlmsg_pid=0}, "\x00\x00\x00\x00\x00\x00\x00\x00\x00\x00\x00\x00\x00\x00\x00\x00\x12\x00\x03\x00\x62\x72\x69\x64\x67\x65\x5f\x73\x6c\x61\x76\x65\x5f\x31\x00\x00\x38\x00\x12\x00\x08\x00\x01\x00\x76\x65\x74\x68\x2c\x00\x02\x00\x28\x00\x01\x00\x00\x00\x00\x00\x00\x00\x00\x00\x00\x00\x00\x00\x00\x00\x00\x00\x13\x00\x03\x00\x76\x65\x74\x68\x31\x5f\x74\x6f\x5f\x62\x72\x69\x64\x67\x65\x00"], 108, 0, {sa_family=AF_NETLINK, nl_pid=0, nl_groups=00000000}, 12 <unfinished ...>
[pid  5089] <... sendto resumed>)       = 60
[pid  5089] recvfrom(3, [{nlmsg_len=36, nlmsg_type=NLMSG_ERROR, nlmsg_flags=NLM_F_CAPPED, nlmsg_seq=0, nlmsg_pid=1}, {error=0, msg={nlmsg_len=60, nlmsg_type=0x10 /* NLMSG_??? */, nlmsg_flags=NLM_F_REQUEST|NLM_F_ACK|0x600, nlmsg_seq=0, nlmsg_pid=0}}], 4096, 0, NULL, NULL) = 36
[pid  5089] sendto(3, [{nlmsg_len=44, nlmsg_type=0x10 /* NLMSG_??? */, nlmsg_flags=NLM_F_REQUEST|NLM_F_ACK|0x600, nlmsg_seq=0, nlmsg_pid=0}, "\x00\x00\x00\x00\x00\x00\x00\x00\x00\x00\x00\x00\x00\x00\x00\x00\x0c\x00\x12\x00\x08\x00\x01\x00\x76\x65\x74\x68"], 44, 0, {sa_family=AF_NETLINK, nl_pid=0, nl_groups=00000000}, 12 <unfinished ...>
[pid  5091] <... sendto resumed>)       = 108
[pid  5091] recvfrom(3,  <unfinished ...>
[pid  5092] <... sendto resumed>)       = 60
[pid  5091] <... recvfrom resumed>[{nlmsg_len=36, nlmsg_type=NLMSG_ERROR, nlmsg_flags=NLM_F_CAPPED, nlmsg_seq=0, nlmsg_pid=1}, {error=0, msg={nlmsg_len=108, nlmsg_type=0x10 /* NLMSG_??? */, nlmsg_flags=NLM_F_REQUEST|NLM_F_ACK|0x600, nlmsg_seq=0, nlmsg_pid=0}}], 4096, 0, NULL, NULL) = 36
[pid  5092] recvfrom(3,  <unfinished ...>
[pid  5091] socket(AF_UNIX, SOCK_DGRAM|SOCK_CLOEXEC, 0 <unfinished ...>
[pid  5092] <... recvfrom resumed>[{nlmsg_len=36, nlmsg_type=NLMSG_ERROR, nlmsg_flags=NLM_F_CAPPED, nlmsg_seq=0, nlmsg_pid=1}, {error=0, msg={nlmsg_len=60, nlmsg_type=0x10 /* NLMSG_??? */, nlmsg_flags=NLM_F_REQUEST|NLM_F_ACK|0x600, nlmsg_seq=0, nlmsg_pid=0}}], 4096, 0, NULL, NULL) = 36
[pid  5092] sendto(3, [{nlmsg_len=60, nlmsg_type=0x10 /* NLMSG_??? */, nlmsg_flags=NLM_F_REQUEST|NLM_F_ACK|0x600, nlmsg_seq=0, nlmsg_pid=0}, "\x00\x00\x00\x00\x00\x00\x00\x00\x00\x00\x00\x00\x00\x00\x00\x00\x07\x00\x03\x00\x77\x67\x31\x00\x14\x00\x12\x00\x0d\x00\x01\x00\x77\x69\x72\x65\x67\x75\x61\x72\x64\x00\x00\x00"], 60, 0, {sa_family=AF_NETLINK, nl_pid=0, nl_groups=00000000}, 12 <unfinished ...>
[pid  5091] <... socket resumed>)       = 4
[pid  5096] <... sendto resumed>)       = 108
[pid  5091] ioctl(4, SIOCGIFINDEX, {ifr_name="bridge_slave_0" <unfinished ...>
[pid  5096] recvfrom(3,  <unfinished ...>
[pid  5091] <... ioctl resumed>, ifr_ifindex=28}) = 0
[pid  5091] close(4)                    = 0
[pid  5091] socket(AF_UNIX, SOCK_DGRAM|SOCK_CLOEXEC, 0) = 4
[pid  5091] ioctl(4, SIOCGIFINDEX, {ifr_name="bridge0" <unfinished ...>
[pid  5096] <... recvfrom resumed>[{nlmsg_len=36, nlmsg_type=NLMSG_ERROR, nlmsg_flags=NLM_F_CAPPED, nlmsg_seq=0, nlmsg_pid=1}, {error=0, msg={nlmsg_len=108, nlmsg_type=0x10 /* NLMSG_??? */, nlmsg_flags=NLM_F_REQUEST|NLM_F_ACK|0x600, nlmsg_seq=0, nlmsg_pid=0}}], 4096, 0, NULL, NULL) = 36
[pid  5095] <... sendto resumed>)       = 60
[pid  5094] <... sendto resumed>)       = 60
[pid  5095] recvfrom(3,  <unfinished ...>
[pid  5091] <... ioctl resumed>, ifr_ifindex=12}) = 0
[pid  5095] <... recvfrom resumed>[{nlmsg_len=36, nlmsg_type=NLMSG_ERROR, nlmsg_flags=NLM_F_CAPPED, nlmsg_seq=0, nlmsg_pid=1}, {error=0, msg={nlmsg_len=60, nlmsg_type=0x10 /* NLMSG_??? */, nlmsg_flags=NLM_F_REQUEST|NLM_F_ACK|0x600, nlmsg_seq=0, nlmsg_pid=0}}], 4096, 0, NULL, NULL) = 36
[pid  5096] socket(AF_UNIX, SOCK_DGRAM|SOCK_CLOEXEC, 0 <unfinished ...>
[pid  5095] sendto(3, [{nlmsg_len=108, nlmsg_type=0x10 /* NLMSG_??? */, nlmsg_flags=NLM_F_REQUEST|NLM_F_ACK|0x600, nlmsg_seq=0, nlmsg_pid=0}, "\x00\x00\x00\x00\x00\x00\x00\x00\x00\x00\x00\x00\x00\x00\x00\x00\x12\x00\x03\x00\x62\x72\x69\x64\x67\x65\x5f\x73\x6c\x61\x76\x65\x5f\x30\x00\x00\x38\x00\x12\x00\x08\x00\x01\x00\x76\x65\x74\x68\x2c\x00\x02\x00\x28\x00\x01\x00\x00\x00\x00\x00\x00\x00\x00\x00\x00\x00\x00\x00\x00\x00\x00\x00\x13\x00\x03\x00\x76\x65\x74\x68\x30\x5f\x74\x6f\x5f\x62\x72\x69\x64\x67\x65\x00"], 108, 0, {sa_family=AF_NETLINK, nl_pid=0, nl_groups=00000000}, 12 <unfinished ...>
[pid  5094] recvfrom(3,  <unfinished ...>
[pid  5091] close(4 <unfinished ...>
[pid  5096] <... socket resumed>)       = 4
[pid  5094] <... recvfrom resumed>[{nlmsg_len=36, nlmsg_type=NLMSG_ERROR, nlmsg_flags=NLM_F_CAPPED, nlmsg_seq=0, nlmsg_pid=1}, {error=0, msg={nlmsg_len=60, nlmsg_type=0x10 /* NLMSG_??? */, nlmsg_flags=NLM_F_REQUEST|NLM_F_ACK|0x600, nlmsg_seq=0, nlmsg_pid=0}}], 4096, 0, NULL, NULL) = 36
[pid  5091] <... close resumed>)        = 0
[pid  5096] ioctl(4, SIOCGIFINDEX, {ifr_name="bridge_slave_0" <unfinished ...>
[pid  5094] sendto(3, [{nlmsg_len=60, nlmsg_type=0x10 /* NLMSG_??? */, nlmsg_flags=NLM_F_REQUEST|NLM_F_ACK|0x600, nlmsg_seq=0, nlmsg_pid=0}, "\x00\x00\x00\x00\x00\x00\x00\x00\x00\x00\x00\x00\x00\x00\x00\x00\x07\x00\x03\x00\x77\x67\x32\x00\x14\x00\x12\x00\x0d\x00\x01\x00\x77\x69\x72\x65\x67\x75\x61\x72\x64\x00\x00\x00"], 60, 0, {sa_family=AF_NETLINK, nl_pid=0, nl_groups=00000000}, 12 <unfinished ...>
[pid  5091] sendto(3, [{nlmsg_len=40, nlmsg_type=0x10 /* NLMSG_??? */, nlmsg_flags=NLM_F_REQUEST|NLM_F_ACK, nlmsg_seq=0, nlmsg_pid=0}, "\x00\x00\x00\x00\x1c\x00\x00\x00\x00\x00\x00\x00\x00\x00\x00\x00\x08\x00\x0a\x00\x0c\x00\x00\x00"], 40, 0, {sa_family=AF_NETLINK, nl_pid=0, nl_groups=00000000}, 12 <unfinished ...>
[pid  5089] <... sendto resumed>)       = 44
[pid  5096] <... ioctl resumed>, ifr_ifindex=28}) = 0
[pid  5096] close(4 <unfinished ...>
[pid  5089] recvfrom(3,  <unfinished ...>
[pid  5096] <... close resumed>)        = 0
[pid  5096] socket(AF_UNIX, SOCK_DGRAM|SOCK_CLOEXEC, 0 <unfinished ...>
[pid  5089] <... recvfrom resumed>[{nlmsg_len=36, nlmsg_type=NLMSG_ERROR, nlmsg_flags=NLM_F_CAPPED, nlmsg_seq=0, nlmsg_pid=1}, {error=0, msg={nlmsg_len=44, nlmsg_type=0x10 /* NLMSG_??? */, nlmsg_flags=NLM_F_REQUEST|NLM_F_ACK|0x600, nlmsg_seq=0, nlmsg_pid=0}}], 4096, 0, NULL, NULL) = 36
[pid  5096] <... socket resumed>)       = 4
[pid  5096] ioctl(4, SIOCGIFINDEX, {ifr_name="bridge0" <unfinished ...>
[pid  5089] sendto(3, [{nlmsg_len=60, nlmsg_type=0x10 /* NLMSG_??? */, nlmsg_flags=NLM_F_REQUEST|NLM_F_ACK|0x600, nlmsg_seq=0, nlmsg_pid=0}, "\x00\x00\x00\x00\x00\x00\x00\x00\x00\x00\x00\x00\x00\x00\x00\x00\x07\x00\x03\x00\x77\x67\x30\x00\x14\x00\x12\x00\x0d\x00\x01\x00\x77\x69\x72\x65\x67\x75\x61\x72\x64\x00\x00\x00"], 60, 0, {sa_family=AF_NETLINK, nl_pid=0, nl_groups=00000000}, 12 <unfinished ...>
[pid  5096] <... ioctl resumed>, ifr_ifindex=12}) = 0
[pid  5096] close(4 <unfinished ...>
[pid  5092] <... sendto resumed>)       = 60
[pid  5096] <... close resumed>)        = 0
[pid  5092] recvfrom(3,  <unfinished ...>
[pid  5096] sendto(3, [{nlmsg_len=40, nlmsg_type=0x10 /* NLMSG_??? */, nlmsg_flags=NLM_F_REQUEST|NLM_F_ACK, nlmsg_seq=0, nlmsg_pid=0}, "\x00\x00\x00\x00\x1c\x00\x00\x00\x00\x00\x00\x00\x00\x00\x00\x00\x08\x00\x0a\x00\x0c\x00\x00\x00"], 40, 0, {sa_family=AF_NETLINK, nl_pid=0, nl_groups=00000000}, 12 <unfinished ...>
[pid  5089] <... sendto resumed>)       = 60
[pid  5092] <... recvfrom resumed>[{nlmsg_len=36, nlmsg_type=NLMSG_ERROR, nlmsg_flags=NLM_F_CAPPED, nlmsg_seq=0, nlmsg_pid=1}, {error=0, msg={nlmsg_len=60, nlmsg_type=0x10 /* NLMSG_??? */, nlmsg_flags=NLM_F_REQUEST|NLM_F_ACK|0x600, nlmsg_seq=0, nlmsg_pid=0}}], 4096, 0, NULL, NULL) = 36
[pid  5089] recvfrom(3,  <unfinished ...>
[pid  5092] sendto(3, [{nlmsg_len=60, nlmsg_type=0x10 /* NLMSG_??? */, nlmsg_flags=NLM_F_REQUEST|NLM_F_ACK|0x600, nlmsg_seq=0, nlmsg_pid=0}, "\x00\x00\x00\x00\x00\x00\x00\x00\x00\x00\x00\x00\x00\x00\x00\x00\x07\x00\x03\x00\x77\x67\x32\x00\x14\x00\x12\x00\x0d\x00\x01\x00\x77\x69\x72\x65\x67\x75\x61\x72\x64\x00\x00\x00"], 60, 0, {sa_family=AF_NETLINK, nl_pid=0, nl_groups=00000000}, 12 <unfinished ...>
[pid  5095] <... sendto resumed>)       = 108
[pid  5089] <... recvfrom resumed>[{nlmsg_len=36, nlmsg_type=NLMSG_ERROR, nlmsg_flags=NLM_F_CAPPED, nlmsg_seq=0, nlmsg_pid=1}, {error=0, msg={nlmsg_len=60, nlmsg_type=0x10 /* NLMSG_??? */, nlmsg_flags=NLM_F_REQUEST|NLM_F_ACK|0x600, nlmsg_seq=0, nlmsg_pid=0}}], 4096, 0, NULL, NULL) = 36
[pid  5095] recvfrom(3,  <unfinished ...>
[pid  5089] sendto(3, [{nlmsg_len=60, nlmsg_type=0x10 /* NLMSG_??? */, nlmsg_flags=NLM_F_REQUEST|NLM_F_ACK|0x600, nlmsg_seq=0, nlmsg_pid=0}, "\x00\x00\x00\x00\x00\x00\x00\x00\x00\x00\x00\x00\x00\x00\x00\x00\x07\x00\x03\x00\x77\x67\x31\x00\x14\x00\x12\x00\x0d\x00\x01\x00\x77\x69\x72\x65\x67\x75\x61\x72\x64\x00\x00\x00"], 60, 0, {sa_family=AF_NETLINK, nl_pid=0, nl_groups=00000000}, 12 <unfinished ...>
[pid  5095] <... recvfrom resumed>[{nlmsg_len=36, nlmsg_type=NLMSG_ERROR, nlmsg_flags=NLM_F_CAPPED, nlmsg_seq=0, nlmsg_pid=1}, {error=0, msg={nlmsg_len=108, nlmsg_type=0x10 /* NLMSG_??? */, nlmsg_flags=NLM_F_REQUEST|NLM_F_ACK|0x600, nlmsg_seq=0, nlmsg_pid=0}}], 4096, 0, NULL, NULL) = 36
[pid  5095] sendto(3, [{nlmsg_len=108, nlmsg_type=0x10 /* NLMSG_??? */, nlmsg_flags=NLM_F_REQUEST|NLM_F_ACK|0x600, nlmsg_seq=0, nlmsg_pid=0}, "\x00\x00\x00\x00\x00\x00\x00\x00\x00\x00\x00\x00\x00\x00\x00\x00\x12\x00\x03\x00\x62\x72\x69\x64\x67\x65\x5f\x73\x6c\x61\x76\x65\x5f\x31\x00\x00\x38\x00\x12\x00\x08\x00\x01\x00\x76\x65\x74\x68\x2c\x00\x02\x00\x28\x00\x01\x00\x00\x00\x00\x00\x00\x00\x00\x00\x00\x00\x00\x00\x00\x00\x00\x00\x13\x00\x03\x00\x76\x65\x74\x68\x31\x5f\x74\x6f\x5f\x62\x72\x69\x64\x67\x65\x00"], 108, 0, {sa_family=AF_NETLINK, nl_pid=0, nl_groups=00000000}, 12 <unfinished ...>
[pid  5094] <... sendto resumed>)       = 60
[pid  5094] recvfrom(3, [{nlmsg_len=36, nlmsg_type=NLMSG_ERROR, nlmsg_flags=NLM_F_CAPPED, nlmsg_seq=0, nlmsg_pid=1}, {error=0, msg={nlmsg_len=60, nlmsg_type=0x10 /* NLMSG_??? */, nlmsg_flags=NLM_F_REQUEST|NLM_F_ACK|0x600, nlmsg_seq=0, nlmsg_pid=0}}], 4096, 0, NULL, NULL) = 36
[pid  5094] sendto(3, [{nlmsg_len=108, nlmsg_type=0x10 /* NLMSG_??? */, nlmsg_flags=NLM_F_REQUEST|NLM_F_ACK|0x600, nlmsg_seq=0, nlmsg_pid=0}, "\x00\x00\x00\x00\x00\x00\x00\x00\x00\x00\x00\x00\x00\x00\x00\x00\x12\x00\x03\x00\x62\x72\x69\x64\x67\x65\x5f\x73\x6c\x61\x76\x65\x5f\x30\x00\x00\x38\x00\x12\x00\x08\x00\x01\x00\x76\x65\x74\x68\x2c\x00\x02\x00\x28\x00\x01\x00\x00\x00\x00\x00\x00\x00\x00\x00\x00\x00\x00\x00\x00\x00\x00\x00\x13\x00\x03\x00\x76\x65\x74\x68\x30\x5f\x74\x6f\x5f\x62\x72\x69\x64\x67\x65\x00"], 108, 0, {sa_family=AF_NETLINK, nl_pid=0, nl_groups=00000000}, 12 <unfinished ...>
[pid  5091] <... sendto resumed>)       = 40
[pid  5091] recvfrom(3, [{nlmsg_len=36, nlmsg_type=NLMSG_ERROR, nlmsg_flags=NLM_F_CAPPED, nlmsg_seq=0, nlmsg_pid=1}, {error=0, msg={nlmsg_len=40, nlmsg_type=0x10 /* NLMSG_??? */, nlmsg_flags=NLM_F_REQUEST|NLM_F_ACK, nlmsg_seq=0, nlmsg_pid=0}}], 4096, 0, NULL, NULL) = 36
[pid  5091] socket(AF_UNIX, SOCK_DGRAM|SOCK_CLOEXEC, 0) = 4
[   78.854214][ T5091] bridge0: port 1(bridge_slave_0) entered blocking state
[   78.862283][ T5091] bridge0: port 1(bridge_slave_0) entered disabled state
[   78.870220][ T5091] bridge_slave_0: entered allmulticast mode
[   78.878672][ T5091] bridge_slave_0: entered promiscuous mode
[   78.887840][ T5096] bridge0: port 1(bridge_slave_0) entered blocking state
[   78.896271][ T5096] bridge0: port 1(bridge_slave_0) entered disabled state
[pid  5091] ioctl(4, SIOCGIFINDEX, {ifr_name="bridge_slave_1", ifr_ifindex=30}) = 0
[pid  5091] close(4 <unfinished ...>
[pid  5096] <... sendto resumed>)       = 40
[pid  5096] recvfrom(3,  <unfinished ...>
[pid  5091] <... close resumed>)        = 0
[pid  5091] socket(AF_UNIX, SOCK_DGRAM|SOCK_CLOEXEC, 0 <unfinished ...>
[pid  5096] <... recvfrom resumed>[{nlmsg_len=36, nlmsg_type=NLMSG_ERROR, nlmsg_flags=NLM_F_CAPPED, nlmsg_seq=0, nlmsg_pid=1}, {error=0, msg={nlmsg_len=40, nlmsg_type=0x10 /* NLMSG_??? */, nlmsg_flags=NLM_F_REQUEST|NLM_F_ACK, nlmsg_seq=0, nlmsg_pid=0}}], 4096, 0, NULL, NULL) = 36
[pid  5092] <... sendto resumed>)       = 60
[pid  5089] <... sendto resumed>)       = 60
[pid  5096] socket(AF_UNIX, SOCK_DGRAM|SOCK_CLOEXEC, 0 <unfinished ...>
[pid  5092] recvfrom(3,  <unfinished ...>
[pid  5091] <... socket resumed>)       = 4
[pid  5096] <... socket resumed>)       = 4
[pid  5096] ioctl(4, SIOCGIFINDEX, {ifr_name="bridge_slave_1" <unfinished ...>
[pid  5092] <... recvfrom resumed>[{nlmsg_len=36, nlmsg_type=NLMSG_ERROR, nlmsg_flags=NLM_F_CAPPED, nlmsg_seq=0, nlmsg_pid=1}, {error=0, msg={nlmsg_len=60, nlmsg_type=0x10 /* NLMSG_??? */, nlmsg_flags=NLM_F_REQUEST|NLM_F_ACK|0x600, nlmsg_seq=0, nlmsg_pid=0}}], 4096, 0, NULL, NULL) = 36
[pid  5089] recvfrom(3,  <unfinished ...>
[pid  5092] sendto(3, [{nlmsg_len=108, nlmsg_type=0x10 /* NLMSG_??? */, nlmsg_flags=NLM_F_REQUEST|NLM_F_ACK|0x600, nlmsg_seq=0, nlmsg_pid=0}, "\x00\x00\x00\x00\x00\x00\x00\x00\x00\x00\x00\x00\x00\x00\x00\x00\x12\x00\x03\x00\x62\x72\x69\x64\x67\x65\x5f\x73\x6c\x61\x76\x65\x5f\x30\x00\x00\x38\x00\x12\x00\x08\x00\x01\x00\x76\x65\x74\x68\x2c\x00\x02\x00\x28\x00\x01\x00\x00\x00\x00\x00\x00\x00\x00\x00\x00\x00\x00\x00\x00\x00\x00\x00\x13\x00\x03\x00\x76\x65\x74\x68\x30\x5f\x74\x6f\x5f\x62\x72\x69\x64\x67\x65\x00"], 108, 0, {sa_family=AF_NETLINK, nl_pid=0, nl_groups=00000000}, 12 <unfinished ...>
[pid  5089] <... recvfrom resumed>[{nlmsg_len=36, nlmsg_type=NLMSG_ERROR, nlmsg_flags=NLM_F_CAPPED, nlmsg_seq=0, nlmsg_pid=1}, {error=0, msg={nlmsg_len=60, nlmsg_type=0x10 /* NLMSG_??? */, nlmsg_flags=NLM_F_REQUEST|NLM_F_ACK|0x600, nlmsg_seq=0, nlmsg_pid=0}}], 4096, 0, NULL, NULL) = 36
[pid  5096] <... ioctl resumed>, ifr_ifindex=30}) = 0
[pid  5091] ioctl(4, SIOCGIFINDEX, {ifr_name="bridge0" <unfinished ...>
[pid  5089] sendto(3, [{nlmsg_len=60, nlmsg_type=0x10 /* NLMSG_??? */, nlmsg_flags=NLM_F_REQUEST|NLM_F_ACK|0x600, nlmsg_seq=0, nlmsg_pid=0}, "\x00\x00\x00\x00\x00\x00\x00\x00\x00\x00\x00\x00\x00\x00\x00\x00\x07\x00\x03\x00\x77\x67\x32\x00\x14\x00\x12\x00\x0d\x00\x01\x00\x77\x69\x72\x65\x67\x75\x61\x72\x64\x00\x00\x00"], 60, 0, {sa_family=AF_NETLINK, nl_pid=0, nl_groups=00000000}, 12 <unfinished ...>
[pid  5096] close(4 <unfinished ...>
[pid  5091] <... ioctl resumed>, ifr_ifindex=12}) = 0
[pid  5096] <... close resumed>)        = 0
[pid  5091] close(4 <unfinished ...>
[pid  5096] socket(AF_UNIX, SOCK_DGRAM|SOCK_CLOEXEC, 0 <unfinished ...>
[pid  5091] <... close resumed>)        = 0
[pid  5096] <... socket resumed>)       = 4
[pid  5091] sendto(3, [{nlmsg_len=40, nlmsg_type=0x10 /* NLMSG_??? */, nlmsg_flags=NLM_F_REQUEST|NLM_F_ACK, nlmsg_seq=0, nlmsg_pid=0}, "\x00\x00\x00\x00\x1e\x00\x00\x00\x00\x00\x00\x00\x00\x00\x00\x00\x08\x00\x0a\x00\x0c\x00\x00\x00"], 40, 0, {sa_family=AF_NETLINK, nl_pid=0, nl_groups=00000000}, 12 <unfinished ...>
[pid  5096] ioctl(4, SIOCGIFINDEX, {ifr_name="bridge0" <unfinished ...>
[pid  5095] <... sendto resumed>)       = 108
[pid  5096] <... ioctl resumed>, ifr_ifindex=12}) = 0
[pid  5095] recvfrom(3, [{nlmsg_len=36, nlmsg_type=NLMSG_ERROR, nlmsg_flags=NLM_F_CAPPED, nlmsg_seq=0, nlmsg_pid=1}, {error=0, msg={nlmsg_len=108, nlmsg_type=0x10 /* NLMSG_??? */, nlmsg_flags=NLM_F_REQUEST|NLM_F_ACK|0x600, nlmsg_seq=0, nlmsg_pid=0}}], 4096, 0, NULL, NULL) = 36
[pid  5096] close(4 <unfinished ...>
[pid  5095] socket(AF_UNIX, SOCK_DGRAM|SOCK_CLOEXEC, 0 <unfinished ...>
[pid  5096] <... close resumed>)        = 0
[pid  5096] sendto(3, [{nlmsg_len=40, nlmsg_type=0x10 /* NLMSG_??? */, nlmsg_flags=NLM_F_REQUEST|NLM_F_ACK, nlmsg_seq=0, nlmsg_pid=0}, "\x00\x00\x00\x00\x1e\x00\x00\x00\x00\x00\x00\x00\x00\x00\x00\x00\x08\x00\x0a\x00\x0c\x00\x00\x00"], 40, 0, {sa_family=AF_NETLINK, nl_pid=0, nl_groups=00000000}, 12 <unfinished ...>
[pid  5095] <... socket resumed>)       = 4
[pid  5095] ioctl(4, SIOCGIFINDEX, {ifr_name="bridge_slave_0", ifr_ifindex=28}) = 0
[   78.904028][ T5096] bridge_slave_0: entered allmulticast mode
[   78.911308][ T5096] bridge_slave_0: entered promiscuous mode
[pid  5095] close(4)                    = 0
[pid  5095] socket(AF_UNIX, SOCK_DGRAM|SOCK_CLOEXEC, 0) = 4
[pid  5095] ioctl(4, SIOCGIFINDEX, {ifr_name="bridge0", ifr_ifindex=12}) = 0
[pid  5095] close(4)                    = 0
[pid  5095] sendto(3, [{nlmsg_len=40, nlmsg_type=0x10 /* NLMSG_??? */, nlmsg_flags=NLM_F_REQUEST|NLM_F_ACK, nlmsg_seq=0, nlmsg_pid=0}, "\x00\x00\x00\x00\x1c\x00\x00\x00\x00\x00\x00\x00\x00\x00\x00\x00\x08\x00\x0a\x00\x0c\x00\x00\x00"], 40, 0, {sa_family=AF_NETLINK, nl_pid=0, nl_groups=00000000}, 12 <unfinished ...>
[pid  5094] <... sendto resumed>)       = 108
[pid  5094] recvfrom(3, [{nlmsg_len=36, nlmsg_type=NLMSG_ERROR, nlmsg_flags=NLM_F_CAPPED, nlmsg_seq=0, nlmsg_pid=1}, {error=0, msg={nlmsg_len=108, nlmsg_type=0x10 /* NLMSG_??? */, nlmsg_flags=NLM_F_REQUEST|NLM_F_ACK|0x600, nlmsg_seq=0, nlmsg_pid=0}}], 4096, 0, NULL, NULL) = 36
[pid  5094] sendto(3, [{nlmsg_len=108, nlmsg_type=0x10 /* NLMSG_??? */, nlmsg_flags=NLM_F_REQUEST|NLM_F_ACK|0x600, nlmsg_seq=0, nlmsg_pid=0}, "\x00\x00\x00\x00\x00\x00\x00\x00\x00\x00\x00\x00\x00\x00\x00\x00\x12\x00\x03\x00\x62\x72\x69\x64\x67\x65\x5f\x73\x6c\x61\x76\x65\x5f\x31\x00\x00\x38\x00\x12\x00\x08\x00\x01\x00\x76\x65\x74\x68\x2c\x00\x02\x00\x28\x00\x01\x00\x00\x00\x00\x00\x00\x00\x00\x00\x00\x00\x00\x00\x00\x00\x00\x00\x13\x00\x03\x00\x76\x65\x74\x68\x31\x5f\x74\x6f\x5f\x62\x72\x69\x64\x67\x65\x00"], 108, 0, {sa_family=AF_NETLINK, nl_pid=0, nl_groups=00000000}, 12 <unfinished ...>
[pid  5092] <... sendto resumed>)       = 108
[pid  5092] recvfrom(3, [{nlmsg_len=36, nlmsg_type=NLMSG_ERROR, nlmsg_flags=NLM_F_CAPPED, nlmsg_seq=0, nlmsg_pid=1}, {error=0, msg={nlmsg_len=108, nlmsg_type=0x10 /* NLMSG_??? */, nlmsg_flags=NLM_F_REQUEST|NLM_F_ACK|0x600, nlmsg_seq=0, nlmsg_pid=0}}], 4096, 0, NULL, NULL) = 36
[pid  5092] sendto(3, [{nlmsg_len=108, nlmsg_type=0x10 /* NLMSG_??? */, nlmsg_flags=NLM_F_REQUEST|NLM_F_ACK|0x600, nlmsg_seq=0, nlmsg_pid=0}, "\x00\x00\x00\x00\x00\x00\x00\x00\x00\x00\x00\x00\x00\x00\x00\x00\x12\x00\x03\x00\x62\x72\x69\x64\x67\x65\x5f\x73\x6c\x61\x76\x65\x5f\x31\x00\x00\x38\x00\x12\x00\x08\x00\x01\x00\x76\x65\x74\x68\x2c\x00\x02\x00\x28\x00\x01\x00\x00\x00\x00\x00\x00\x00\x00\x00\x00\x00\x00\x00\x00\x00\x00\x00\x13\x00\x03\x00\x76\x65\x74\x68\x31\x5f\x74\x6f\x5f\x62\x72\x69\x64\x67\x65\x00"], 108, 0, {sa_family=AF_NETLINK, nl_pid=0, nl_groups=00000000}, 12 <unfinished ...>
[pid  5089] <... sendto resumed>)       = 60
[pid  5089] recvfrom(3, [{nlmsg_len=36, nlmsg_type=NLMSG_ERROR, nlmsg_flags=NLM_F_CAPPED, nlmsg_seq=0, nlmsg_pid=1}, {error=0, msg={nlmsg_len=60, nlmsg_type=0x10 /* NLMSG_??? */, nlmsg_flags=NLM_F_REQUEST|NLM_F_ACK|0x600, nlmsg_seq=0, nlmsg_pid=0}}], 4096, 0, NULL, NULL) = 36
[   79.010563][ T5091] bridge0: port 2(bridge_slave_1) entered blocking state
[   79.018368][ T5091] bridge0: port 2(bridge_slave_1) entered disabled state
[   79.026188][ T5091] bridge_slave_1: entered allmulticast mode
[   79.033895][ T5091] bridge_slave_1: entered promiscuous mode
[   79.042110][ T5096] bridge0: port 2(bridge_slave_1) entered blocking state
[   79.050306][ T5096] bridge0: port 2(bridge_slave_1) entered disabled state
[pid  5089] sendto(3, [{nlmsg_len=108, nlmsg_type=0x10 /* NLMSG_??? */, nlmsg_flags=NLM_F_REQUEST|NLM_F_ACK|0x600, nlmsg_seq=0, nlmsg_pid=0}, "\x00\x00\x00\x00\x00\x00\x00\x00\x00\x00\x00\x00\x00\x00\x00\x00\x12\x00\x03\x00\x62\x72\x69\x64\x67\x65\x5f\x73\x6c\x61\x76\x65\x5f\x30\x00\x00\x38\x00\x12\x00\x08\x00\x01\x00\x76\x65\x74\x68\x2c\x00\x02\x00\x28\x00\x01\x00\x00\x00\x00\x00\x00\x00\x00\x00\x00\x00\x00\x00\x00\x00\x00\x00\x13\x00\x03\x00\x76\x65\x74\x68\x30\x5f\x74\x6f\x5f\x62\x72\x69\x64\x67\x65\x00"], 108, 0, {sa_family=AF_NETLINK, nl_pid=0, nl_groups=00000000}, 12 <unfinished ...>
[pid  5091] <... sendto resumed>)       = 40
[pid  5091] recvfrom(3,  <unfinished ...>
[pid  5096] <... sendto resumed>)       = 40
[pid  5096] recvfrom(3,  <unfinished ...>
[pid  5091] <... recvfrom resumed>[{nlmsg_len=36, nlmsg_type=NLMSG_ERROR, nlmsg_flags=NLM_F_CAPPED, nlmsg_seq=0, nlmsg_pid=1}, {error=0, msg={nlmsg_len=40, nlmsg_type=0x10 /* NLMSG_??? */, nlmsg_flags=NLM_F_REQUEST|NLM_F_ACK, nlmsg_seq=0, nlmsg_pid=0}}], 4096, 0, NULL, NULL) = 36
[pid  5096] <... recvfrom resumed>[{nlmsg_len=36, nlmsg_type=NLMSG_ERROR, nlmsg_flags=NLM_F_CAPPED, nlmsg_seq=0, nlmsg_pid=1}, {error=0, msg={nlmsg_len=40, nlmsg_type=0x10 /* NLMSG_??? */, nlmsg_flags=NLM_F_REQUEST|NLM_F_ACK, nlmsg_seq=0, nlmsg_pid=0}}], 4096, 0, NULL, NULL) = 36
[pid  5091] sendto(3, [{nlmsg_len=104, nlmsg_type=0x10 /* NLMSG_??? */, nlmsg_flags=NLM_F_REQUEST|NLM_F_ACK|0x600, nlmsg_seq=0, nlmsg_pid=0}, "\x00\x00\x00\x00\x00\x00\x00\x00\x00\x00\x00\x00\x00\x00\x00\x00\x10\x00\x03\x00\x62\x6f\x6e\x64\x5f\x73\x6c\x61\x76\x65\x5f\x30\x38\x00\x12\x00\x08\x00\x01\x00\x76\x65\x74\x68\x2c\x00\x02\x00\x28\x00\x01\x00\x00\x00\x00\x00\x00\x00\x00\x00\x00\x00\x00\x00\x00\x00\x00\x00\x11\x00\x03\x00\x76\x65\x74\x68\x30\x5f\x74\x6f\x5f\x62\x6f\x6e\x64\x00\x00\x00"], 104, 0, {sa_family=AF_NETLINK, nl_pid=0, nl_groups=00000000}, 12 <unfinished ...>
[pid  5096] sendto(3, [{nlmsg_len=104, nlmsg_type=0x10 /* NLMSG_??? */, nlmsg_flags=NLM_F_REQUEST|NLM_F_ACK|0x600, nlmsg_seq=0, nlmsg_pid=0}, "\x00\x00\x00\x00\x00\x00\x00\x00\x00\x00\x00\x00\x00\x00\x00\x00\x10\x00\x03\x00\x62\x6f\x6e\x64\x5f\x73\x6c\x61\x76\x65\x5f\x30\x38\x00\x12\x00\x08\x00\x01\x00\x76\x65\x74\x68\x2c\x00\x02\x00\x28\x00\x01\x00\x00\x00\x00\x00\x00\x00\x00\x00\x00\x00\x00\x00\x00\x00\x00\x00\x11\x00\x03\x00\x76\x65\x74\x68\x30\x5f\x74\x6f\x5f\x62\x6f\x6e\x64\x00\x00\x00"], 104, 0, {sa_family=AF_NETLINK, nl_pid=0, nl_groups=00000000}, 12 <unfinished ...>
[pid  5095] <... sendto resumed>)       = 40
[pid  5095] recvfrom(3, [{nlmsg_len=36, nlmsg_type=NLMSG_ERROR, nlmsg_flags=NLM_F_CAPPED, nlmsg_seq=0, nlmsg_pid=1}, {error=0, msg={nlmsg_len=40, nlmsg_type=0x10 /* NLMSG_??? */, nlmsg_flags=NLM_F_REQUEST|NLM_F_ACK, nlmsg_seq=0, nlmsg_pid=0}}], 4096, 0, NULL, NULL) = 36
[pid  5095] socket(AF_UNIX, SOCK_DGRAM|SOCK_CLOEXEC, 0) = 4
[pid  5095] ioctl(4, SIOCGIFINDEX, {ifr_name="bridge_slave_1" <unfinished ...>
[pid  5094] <... sendto resumed>)       = 108
[pid  5094] recvfrom(3,  <unfinished ...>
[pid  5095] <... ioctl resumed>, ifr_ifindex=30}) = 0
[pid  5094] <... recvfrom resumed>[{nlmsg_len=36, nlmsg_type=NLMSG_ERROR, nlmsg_flags=NLM_F_CAPPED, nlmsg_seq=0, nlmsg_pid=1}, {error=0, msg={nlmsg_len=108, nlmsg_type=0x10 /* NLMSG_??? */, nlmsg_flags=NLM_F_REQUEST|NLM_F_ACK|0x600, nlmsg_seq=0, nlmsg_pid=0}}], 4096, 0, NULL, NULL) = 36
[pid  5095] close(4 <unfinished ...>
[pid  5094] socket(AF_UNIX, SOCK_DGRAM|SOCK_CLOEXEC, 0 <unfinished ...>
[pid  5095] <... close resumed>)        = 0
[pid  5095] socket(AF_UNIX, SOCK_DGRAM|SOCK_CLOEXEC, 0) = 4
[pid  5095] ioctl(4, SIOCGIFINDEX, {ifr_name="bridge0", ifr_ifindex=12}) = 0
[pid  5095] close(4)                    = 0
[pid  5095] sendto(3, [{nlmsg_len=40, nlmsg_type=0x10 /* NLMSG_??? */, nlmsg_flags=NLM_F_REQUEST|NLM_F_ACK, nlmsg_seq=0, nlmsg_pid=0}, "\x00\x00\x00\x00\x1e\x00\x00\x00\x00\x00\x00\x00\x00\x00\x00\x00\x08\x00\x0a\x00\x0c\x00\x00\x00"], 40, 0, {sa_family=AF_NETLINK, nl_pid=0, nl_groups=00000000}, 12 <unfinished ...>
[pid  5094] <... socket resumed>)       = 4
[pid  5094] ioctl(4, SIOCGIFINDEX, {ifr_name="bridge_slave_0", ifr_ifindex=28}) = 0
[pid  5094] close(4)                    = 0
[pid  5094] socket(AF_UNIX, SOCK_DGRAM|SOCK_CLOEXEC, 0) = 4
[   79.057606][ T5096] bridge_slave_1: entered allmulticast mode
[   79.066329][ T5096] bridge_slave_1: entered promiscuous mode
[   79.073327][ T5095] bridge0: port 1(bridge_slave_0) entered blocking state
[   79.080694][ T5095] bridge0: port 1(bridge_slave_0) entered disabled state
[   79.088259][ T5095] bridge_slave_0: entered allmulticast mode
[   79.096142][ T5095] bridge_slave_0: entered promiscuous mode
[pid  5094] ioctl(4, SIOCGIFINDEX, {ifr_name="bridge0", ifr_ifindex=12}) = 0
[pid  5094] close(4 <unfinished ...>
[pid  5092] <... sendto resumed>)       = 108
[pid  5094] <... close resumed>)        = 0
[pid  5092] recvfrom(3,  <unfinished ...>
[pid  5094] sendto(3, [{nlmsg_len=40, nlmsg_type=0x10 /* NLMSG_??? */, nlmsg_flags=NLM_F_REQUEST|NLM_F_ACK, nlmsg_seq=0, nlmsg_pid=0}, "\x00\x00\x00\x00\x1c\x00\x00\x00\x00\x00\x00\x00\x00\x00\x00\x00\x08\x00\x0a\x00\x0c\x00\x00\x00"], 40, 0, {sa_family=AF_NETLINK, nl_pid=0, nl_groups=00000000}, 12 <unfinished ...>
[pid  5092] <... recvfrom resumed>[{nlmsg_len=36, nlmsg_type=NLMSG_ERROR, nlmsg_flags=NLM_F_CAPPED, nlmsg_seq=0, nlmsg_pid=1}, {error=0, msg={nlmsg_len=108, nlmsg_type=0x10 /* NLMSG_??? */, nlmsg_flags=NLM_F_REQUEST|NLM_F_ACK|0x600, nlmsg_seq=0, nlmsg_pid=0}}], 4096, 0, NULL, NULL) = 36
[pid  5092] socket(AF_UNIX, SOCK_DGRAM|SOCK_CLOEXEC, 0) = 4
[pid  5092] ioctl(4, SIOCGIFINDEX, {ifr_name="bridge_slave_0", ifr_ifindex=28}) = 0
[pid  5092] close(4)                    = 0
[pid  5092] socket(AF_UNIX, SOCK_DGRAM|SOCK_CLOEXEC, 0 <unfinished ...>
[pid  5089] <... sendto resumed>)       = 108
[pid  5089] recvfrom(3, [{nlmsg_len=36, nlmsg_type=NLMSG_ERROR, nlmsg_flags=NLM_F_CAPPED, nlmsg_seq=0, nlmsg_pid=1}, {error=0, msg={nlmsg_len=108, nlmsg_type=0x10 /* NLMSG_??? */, nlmsg_flags=NLM_F_REQUEST|NLM_F_ACK|0x600, nlmsg_seq=0, nlmsg_pid=0}}], 4096, 0, NULL, NULL) = 36
[pid  5092] <... socket resumed>)       = 4
[pid  5089] sendto(3, [{nlmsg_len=108, nlmsg_type=0x10 /* NLMSG_??? */, nlmsg_flags=NLM_F_REQUEST|NLM_F_ACK|0x600, nlmsg_seq=0, nlmsg_pid=0}, "\x00\x00\x00\x00\x00\x00\x00\x00\x00\x00\x00\x00\x00\x00\x00\x00\x12\x00\x03\x00\x62\x72\x69\x64\x67\x65\x5f\x73\x6c\x61\x76\x65\x5f\x31\x00\x00\x38\x00\x12\x00\x08\x00\x01\x00\x76\x65\x74\x68\x2c\x00\x02\x00\x28\x00\x01\x00\x00\x00\x00\x00\x00\x00\x00\x00\x00\x00\x00\x00\x00\x00\x00\x00\x13\x00\x03\x00\x76\x65\x74\x68\x31\x5f\x74\x6f\x5f\x62\x72\x69\x64\x67\x65\x00"], 108, 0, {sa_family=AF_NETLINK, nl_pid=0, nl_groups=00000000}, 12 <unfinished ...>
[pid  5092] ioctl(4, SIOCGIFINDEX, {ifr_name="bridge0", ifr_ifindex=12}) = 0
[pid  5092] close(4)                    = 0
[pid  5091] <... sendto resumed>)       = 104
[pid  5092] sendto(3, [{nlmsg_len=40, nlmsg_type=0x10 /* NLMSG_??? */, nlmsg_flags=NLM_F_REQUEST|NLM_F_ACK, nlmsg_seq=0, nlmsg_pid=0}, "\x00\x00\x00\x00\x1c\x00\x00\x00\x00\x00\x00\x00\x00\x00\x00\x00\x08\x00\x0a\x00\x0c\x00\x00\x00"], 40, 0, {sa_family=AF_NETLINK, nl_pid=0, nl_groups=00000000}, 12 <unfinished ...>
[pid  5091] recvfrom(3, [{nlmsg_len=36, nlmsg_type=NLMSG_ERROR, nlmsg_flags=NLM_F_CAPPED, nlmsg_seq=0, nlmsg_pid=1}, {error=0, msg={nlmsg_len=104, nlmsg_type=0x10 /* NLMSG_??? */, nlmsg_flags=NLM_F_REQUEST|NLM_F_ACK|0x600, nlmsg_seq=0, nlmsg_pid=0}}], 4096, 0, NULL, NULL) = 36
[pid  5091] sendto(3, [{nlmsg_len=104, nlmsg_type=0x10 /* NLMSG_??? */, nlmsg_flags=NLM_F_REQUEST|NLM_F_ACK|0x600, nlmsg_seq=0, nlmsg_pid=0}, "\x00\x00\x00\x00\x00\x00\x00\x00\x00\x00\x00\x00\x00\x00\x00\x00\x10\x00\x03\x00\x62\x6f\x6e\x64\x5f\x73\x6c\x61\x76\x65\x5f\x31\x38\x00\x12\x00\x08\x00\x01\x00\x76\x65\x74\x68\x2c\x00\x02\x00\x28\x00\x01\x00\x00\x00\x00\x00\x00\x00\x00\x00\x00\x00\x00\x00\x00\x00\x00\x00\x11\x00\x03\x00\x76\x65\x74\x68\x31\x5f\x74\x6f\x5f\x62\x6f\x6e\x64\x00\x00\x00"], 104, 0, {sa_family=AF_NETLINK, nl_pid=0, nl_groups=00000000}, 12 <unfinished ...>
[pid  5096] <... sendto resumed>)       = 104
[pid  5096] recvfrom(3, [{nlmsg_len=36, nlmsg_type=NLMSG_ERROR, nlmsg_flags=NLM_F_CAPPED, nlmsg_seq=0, nlmsg_pid=1}, {error=0, msg={nlmsg_len=104, nlmsg_type=0x10 /* NLMSG_??? */, nlmsg_flags=NLM_F_REQUEST|NLM_F_ACK|0x600, nlmsg_seq=0, nlmsg_pid=0}}], 4096, 0, NULL, NULL) = 36
[pid  5096] sendto(3, [{nlmsg_len=104, nlmsg_type=0x10 /* NLMSG_??? */, nlmsg_flags=NLM_F_REQUEST|NLM_F_ACK|0x600, nlmsg_seq=0, nlmsg_pid=0}, "\x00\x00\x00\x00\x00\x00\x00\x00\x00\x00\x00\x00\x00\x00\x00\x00\x10\x00\x03\x00\x62\x6f\x6e\x64\x5f\x73\x6c\x61\x76\x65\x5f\x31\x38\x00\x12\x00\x08\x00\x01\x00\x76\x65\x74\x68\x2c\x00\x02\x00\x28\x00\x01\x00\x00\x00\x00\x00\x00\x00\x00\x00\x00\x00\x00\x00\x00\x00\x00\x00\x11\x00\x03\x00\x76\x65\x74\x68\x31\x5f\x74\x6f\x5f\x62\x6f\x6e\x64\x00\x00\x00"], 104, 0, {sa_family=AF_NETLINK, nl_pid=0, nl_groups=00000000}, 12 <unfinished ...>
[pid  5095] <... sendto resumed>)       = 40
[pid  5095] recvfrom(3, [{nlmsg_len=36, nlmsg_type=NLMSG_ERROR, nlmsg_flags=NLM_F_CAPPED, nlmsg_seq=0, nlmsg_pid=1}, {error=0, msg={nlmsg_len=40, nlmsg_type=0x10 /* NLMSG_??? */, nlmsg_flags=NLM_F_REQUEST|NLM_F_ACK, nlmsg_seq=0, nlmsg_pid=0}}], 4096, 0, NULL, NULL) = 36
[   79.198227][ T5095] bridge0: port 2(bridge_slave_1) entered blocking state
[   79.206904][ T5095] bridge0: port 2(bridge_slave_1) entered disabled state
[   79.215089][ T5095] bridge_slave_1: entered allmulticast mode
[   79.222434][ T5095] bridge_slave_1: entered promiscuous mode
[   79.229415][ T5101] Bluetooth: hci5: command tx timeout
[   79.236714][ T5094] bridge0: port 1(bridge_slave_0) entered blocking state
[pid  5095] sendto(3, [{nlmsg_len=104, nlmsg_type=0x10 /* NLMSG_??? */, nlmsg_flags=NLM_F_REQUEST|NLM_F_ACK|0x600, nlmsg_seq=0, nlmsg_pid=0}, "\x00\x00\x00\x00\x00\x00\x00\x00\x00\x00\x00\x00\x00\x00\x00\x00\x10\x00\x03\x00\x62\x6f\x6e\x64\x5f\x73\x6c\x61\x76\x65\x5f\x30\x38\x00\x12\x00\x08\x00\x01\x00\x76\x65\x74\x68\x2c\x00\x02\x00\x28\x00\x01\x00\x00\x00\x00\x00\x00\x00\x00\x00\x00\x00\x00\x00\x00\x00\x00\x00\x11\x00\x03\x00\x76\x65\x74\x68\x30\x5f\x74\x6f\x5f\x62\x6f\x6e\x64\x00\x00\x00"], 104, 0, {sa_family=AF_NETLINK, nl_pid=0, nl_groups=00000000}, 12 <unfinished ...>
[pid  5094] <... sendto resumed>)       = 40
[pid  5094] recvfrom(3, [{nlmsg_len=36, nlmsg_type=NLMSG_ERROR, nlmsg_flags=NLM_F_CAPPED, nlmsg_seq=0, nlmsg_pid=1}, {error=0, msg={nlmsg_len=40, nlmsg_type=0x10 /* NLMSG_??? */, nlmsg_flags=NLM_F_REQUEST|NLM_F_ACK, nlmsg_seq=0, nlmsg_pid=0}}], 4096, 0, NULL, NULL) = 36
[pid  5094] socket(AF_UNIX, SOCK_DGRAM|SOCK_CLOEXEC, 0 <unfinished ...>
[pid  5089] <... sendto resumed>)       = 108
[pid  5089] recvfrom(3, [{nlmsg_len=36, nlmsg_type=NLMSG_ERROR, nlmsg_flags=NLM_F_CAPPED, nlmsg_seq=0, nlmsg_pid=1}, {error=0, msg={nlmsg_len=108, nlmsg_type=0x10 /* NLMSG_??? */, nlmsg_flags=NLM_F_REQUEST|NLM_F_ACK|0x600, nlmsg_seq=0, nlmsg_pid=0}}], 4096, 0, NULL, NULL) = 36
[   79.244503][ T5094] bridge0: port 1(bridge_slave_0) entered disabled state
[   79.251743][ T5094] bridge_slave_0: entered allmulticast mode
[   79.259631][ T5094] bridge_slave_0: entered promiscuous mode
[   79.282343][ T5092] bridge0: port 1(bridge_slave_0) entered blocking state
[   79.289650][ T5092] bridge0: port 1(bridge_slave_0) entered disabled state
[pid  5089] socket(AF_UNIX, SOCK_DGRAM|SOCK_CLOEXEC, 0 <unfinished ...>
[pid  5094] <... socket resumed>)       = 4
[pid  5094] ioctl(4, SIOCGIFINDEX, {ifr_name="bridge_slave_1" <unfinished ...>
[pid  5089] <... socket resumed>)       = 4
[pid  5094] <... ioctl resumed>, ifr_ifindex=30}) = 0
[pid  5089] ioctl(4, SIOCGIFINDEX, {ifr_name="bridge_slave_0" <unfinished ...>
[pid  5094] close(4 <unfinished ...>
[pid  5089] <... ioctl resumed>, ifr_ifindex=28}) = 0
[pid  5094] <... close resumed>)        = 0
[pid  5089] close(4 <unfinished ...>
[pid  5094] socket(AF_UNIX, SOCK_DGRAM|SOCK_CLOEXEC, 0 <unfinished ...>
[pid  5089] <... close resumed>)        = 0
[pid  5094] <... socket resumed>)       = 4
[pid  5089] socket(AF_UNIX, SOCK_DGRAM|SOCK_CLOEXEC, 0 <unfinished ...>
[pid  5094] ioctl(4, SIOCGIFINDEX, {ifr_name="bridge0" <unfinished ...>
[pid  5089] <... socket resumed>)       = 4
[pid  5094] <... ioctl resumed>, ifr_ifindex=12}) = 0
[pid  5089] ioctl(4, SIOCGIFINDEX, {ifr_name="bridge0" <unfinished ...>
[pid  5094] close(4 <unfinished ...>
[pid  5089] <... ioctl resumed>, ifr_ifindex=12}) = 0
[pid  5094] <... close resumed>)        = 0
[pid  5089] close(4 <unfinished ...>
[pid  5094] sendto(3, [{nlmsg_len=40, nlmsg_type=0x10 /* NLMSG_??? */, nlmsg_flags=NLM_F_REQUEST|NLM_F_ACK, nlmsg_seq=0, nlmsg_pid=0}, "\x00\x00\x00\x00\x1e\x00\x00\x00\x00\x00\x00\x00\x00\x00\x00\x00\x08\x00\x0a\x00\x0c\x00\x00\x00"], 40, 0, {sa_family=AF_NETLINK, nl_pid=0, nl_groups=00000000}, 12 <unfinished ...>
[pid  5089] <... close resumed>)        = 0
[pid  5089] sendto(3, [{nlmsg_len=40, nlmsg_type=0x10 /* NLMSG_??? */, nlmsg_flags=NLM_F_REQUEST|NLM_F_ACK, nlmsg_seq=0, nlmsg_pid=0}, "\x00\x00\x00\x00\x1c\x00\x00\x00\x00\x00\x00\x00\x00\x00\x00\x00\x08\x00\x0a\x00\x0c\x00\x00\x00"], 40, 0, {sa_family=AF_NETLINK, nl_pid=0, nl_groups=00000000}, 12 <unfinished ...>
[pid  5092] <... sendto resumed>)       = 40
[pid  5092] recvfrom(3, [{nlmsg_len=36, nlmsg_type=NLMSG_ERROR, nlmsg_flags=NLM_F_CAPPED, nlmsg_seq=0, nlmsg_pid=1}, {error=0, msg={nlmsg_len=40, nlmsg_type=0x10 /* NLMSG_??? */, nlmsg_flags=NLM_F_REQUEST|NLM_F_ACK, nlmsg_seq=0, nlmsg_pid=0}}], 4096, 0, NULL, NULL) = 36
[pid  5092] socket(AF_UNIX, SOCK_DGRAM|SOCK_CLOEXEC, 0) = 4
[pid  5092] ioctl(4, SIOCGIFINDEX, {ifr_name="bridge_slave_1", ifr_ifindex=30}) = 0
[pid  5091] <... sendto resumed>)       = 104
[pid  5092] close(4 <unfinished ...>
[   79.297044][ T5092] bridge_slave_0: entered allmulticast mode
[   79.303745][ T5101] Bluetooth: hci0: command tx timeout
[   79.303819][   T52] Bluetooth: hci4: command tx timeout
[   79.304058][   T52] Bluetooth: hci3: command tx timeout
[   79.309499][ T5101] Bluetooth: hci2: command tx timeout
[   79.315379][   T52] Bluetooth: hci1: command tx timeout
[   79.338849][ T5092] bridge_slave_0: entered promiscuous mode
[pid  5091] recvfrom(3,  <unfinished ...>
[pid  5092] <... close resumed>)        = 0
[pid  5096] <... sendto resumed>)       = 104
[pid  5091] <... recvfrom resumed>[{nlmsg_len=36, nlmsg_type=NLMSG_ERROR, nlmsg_flags=NLM_F_CAPPED, nlmsg_seq=0, nlmsg_pid=1}, {error=0, msg={nlmsg_len=104, nlmsg_type=0x10 /* NLMSG_??? */, nlmsg_flags=NLM_F_REQUEST|NLM_F_ACK|0x600, nlmsg_seq=0, nlmsg_pid=0}}], 4096, 0, NULL, NULL) = 36
[pid  5096] recvfrom(3,  <unfinished ...>
[pid  5092] socket(AF_UNIX, SOCK_DGRAM|SOCK_CLOEXEC, 0 <unfinished ...>
[pid  5096] <... recvfrom resumed>[{nlmsg_len=36, nlmsg_type=NLMSG_ERROR, nlmsg_flags=NLM_F_CAPPED, nlmsg_seq=0, nlmsg_pid=1}, {error=0, msg={nlmsg_len=104, nlmsg_type=0x10 /* NLMSG_??? */, nlmsg_flags=NLM_F_REQUEST|NLM_F_ACK|0x600, nlmsg_seq=0, nlmsg_pid=0}}], 4096, 0, NULL, NULL) = 36
[pid  5092] <... socket resumed>)       = 4
[pid  5091] socket(AF_UNIX, SOCK_DGRAM|SOCK_CLOEXEC, 0 <unfinished ...>
[pid  5096] socket(AF_UNIX, SOCK_DGRAM|SOCK_CLOEXEC, 0 <unfinished ...>
[pid  5092] ioctl(4, SIOCGIFINDEX, {ifr_name="bridge0" <unfinished ...>
[pid  5091] <... socket resumed>)       = 4
[pid  5096] <... socket resumed>)       = 4
[pid  5092] <... ioctl resumed>, ifr_ifindex=12}) = 0
[pid  5096] ioctl(4, SIOCGIFINDEX, {ifr_name="bond_slave_0" <unfinished ...>
[pid  5092] close(4 <unfinished ...>
[pid  5091] ioctl(4, SIOCGIFINDEX, {ifr_name="bond_slave_0" <unfinished ...>
[pid  5096] <... ioctl resumed>, ifr_ifindex=32}) = 0
[pid  5092] <... close resumed>)        = 0
[pid  5091] <... ioctl resumed>, ifr_ifindex=32}) = 0
[pid  5096] close(4 <unfinished ...>
[pid  5092] sendto(3, [{nlmsg_len=40, nlmsg_type=0x10 /* NLMSG_??? */, nlmsg_flags=NLM_F_REQUEST|NLM_F_ACK, nlmsg_seq=0, nlmsg_pid=0}, "\x00\x00\x00\x00\x1e\x00\x00\x00\x00\x00\x00\x00\x00\x00\x00\x00\x08\x00\x0a\x00\x0c\x00\x00\x00"], 40, 0, {sa_family=AF_NETLINK, nl_pid=0, nl_groups=00000000}, 12 <unfinished ...>
[pid  5091] close(4 <unfinished ...>
[pid  5096] <... close resumed>)        = 0
[pid  5096] socket(AF_UNIX, SOCK_DGRAM|SOCK_CLOEXEC, 0 <unfinished ...>
[pid  5091] <... close resumed>)        = 0
[pid  5096] <... socket resumed>)       = 4
[pid  5096] ioctl(4, SIOCGIFINDEX, {ifr_name="bond0" <unfinished ...>
[pid  5091] socket(AF_UNIX, SOCK_DGRAM|SOCK_CLOEXEC, 0 <unfinished ...>
[pid  5096] <... ioctl resumed>, ifr_ifindex=14}) = 0
[pid  5091] <... socket resumed>)       = 4
[pid  5096] close(4 <unfinished ...>
[pid  5091] ioctl(4, SIOCGIFINDEX, {ifr_name="bond0" <unfinished ...>
[pid  5096] <... close resumed>)        = 0
[pid  5091] <... ioctl resumed>, ifr_ifindex=14}) = 0
[pid  5091] close(4 <unfinished ...>
[pid  5096] sendto(3, [{nlmsg_len=40, nlmsg_type=0x10 /* NLMSG_??? */, nlmsg_flags=NLM_F_REQUEST|NLM_F_ACK, nlmsg_seq=0, nlmsg_pid=0}, "\x00\x00\x00\x00\x20\x00\x00\x00\x00\x00\x00\x00\x00\x00\x00\x00\x08\x00\x0a\x00\x0e\x00\x00\x00"], 40, 0, {sa_family=AF_NETLINK, nl_pid=0, nl_groups=00000000}, 12 <unfinished ...>
[pid  5091] <... close resumed>)        = 0
[pid  5091] sendto(3, [{nlmsg_len=40, nlmsg_type=0x10 /* NLMSG_??? */, nlmsg_flags=NLM_F_REQUEST|NLM_F_ACK, nlmsg_seq=0, nlmsg_pid=0}, "\x00\x00\x00\x00\x20\x00\x00\x00\x00\x00\x00\x00\x00\x00\x00\x00\x08\x00\x0a\x00\x0e\x00\x00\x00"], 40, 0, {sa_family=AF_NETLINK, nl_pid=0, nl_groups=00000000}, 12 <unfinished ...>
[pid  5095] <... sendto resumed>)       = 104
[pid  5095] recvfrom(3, [{nlmsg_len=36, nlmsg_type=NLMSG_ERROR, nlmsg_flags=NLM_F_CAPPED, nlmsg_seq=0, nlmsg_pid=1}, {error=0, msg={nlmsg_len=104, nlmsg_type=0x10 /* NLMSG_??? */, nlmsg_flags=NLM_F_REQUEST|NLM_F_ACK|0x600, nlmsg_seq=0, nlmsg_pid=0}}], 4096, 0, NULL, NULL) = 36
[pid  5095] sendto(3, [{nlmsg_len=104, nlmsg_type=0x10 /* NLMSG_??? */, nlmsg_flags=NLM_F_REQUEST|NLM_F_ACK|0x600, nlmsg_seq=0, nlmsg_pid=0}, "\x00\x00\x00\x00\x00\x00\x00\x00\x00\x00\x00\x00\x00\x00\x00\x00\x10\x00\x03\x00\x62\x6f\x6e\x64\x5f\x73\x6c\x61\x76\x65\x5f\x31\x38\x00\x12\x00\x08\x00\x01\x00\x76\x65\x74\x68\x2c\x00\x02\x00\x28\x00\x01\x00\x00\x00\x00\x00\x00\x00\x00\x00\x00\x00\x00\x00\x00\x00\x00\x00\x11\x00\x03\x00\x76\x65\x74\x68\x31\x5f\x74\x6f\x5f\x62\x6f\x6e\x64\x00\x00\x00"], 104, 0, {sa_family=AF_NETLINK, nl_pid=0, nl_groups=00000000}, 12 <unfinished ...>
[pid  5094] <... sendto resumed>)       = 40
[   79.406735][ T5094] bridge0: port 2(bridge_slave_1) entered blocking state
[   79.415276][ T5094] bridge0: port 2(bridge_slave_1) entered disabled state
[   79.422451][ T5094] bridge_slave_1: entered allmulticast mode
[   79.430005][ T5094] bridge_slave_1: entered promiscuous mode
[   79.437206][ T5089] bridge0: port 1(bridge_slave_0) entered blocking state
[   79.444493][ T5089] bridge0: port 1(bridge_slave_0) entered disabled state
[pid  5094] recvfrom(3, [{nlmsg_len=36, nlmsg_type=NLMSG_ERROR, nlmsg_flags=NLM_F_CAPPED, nlmsg_seq=0, nlmsg_pid=1}, {error=0, msg={nlmsg_len=40, nlmsg_type=0x10 /* NLMSG_??? */, nlmsg_flags=NLM_F_REQUEST|NLM_F_ACK, nlmsg_seq=0, nlmsg_pid=0}}], 4096, 0, NULL, NULL) = 36
