[pid  5095] sendto(3, [{nlmsg_len=108, nlmsg_type=0x10 /* NLMSG_??? */, nlmsg_flags=NLM_F_REQUEST|NLM_F_ACK|0x600, nlmsg_seq=0, nlmsg_pid=0}, "\x00\x00\x00\x00\x00\x00\x00\x00\x00\x00\x00\x00\x00\x00\x00\x00\x12\x00\x03\x00\x62\x61\x74\x61\x64\x76\x5f\x73\x6c\x61\x76\x65\x5f\x31\x00\x00\x38\x00\x12\x00\x08\x00\x01\x00\x76\x65\x74\x68\x2c\x00\x02\x00\x28\x00\x01\x00\x00\x00\x00\x00\x00\x00\x00\x00\x00\x00\x00\x00\x00\x00\x00\x00\x13\x00\x03\x00\x76\x65\x74\x68\x31\x5f\x74\x6f\x5f\x62\x61\x74\x61\x64\x76\x00"], 108, 0, {sa_family=AF_NETLINK, nl_pid=0, nl_groups=00000000}, 12 <unfinished ...>
[   80.163435][ T5094] team0: Port device team_slave_0 added
[pid  5091] sendto(3, [{nlmsg_len=108, nlmsg_type=0x10 /* NLMSG_??? */, nlmsg_flags=NLM_F_REQUEST|NLM_F_ACK|0x600, nlmsg_seq=0, nlmsg_pid=0}, "\x00\x00\x00\x00\x00\x00\x00\x00\x00\x00\x00\x00\x00\x00\x00\x00\x12\x00\x03\x00\x62\x61\x74\x61\x64\x76\x5f\x73\x6c\x61\x76\x65\x5f\x31\x00\x00\x38\x00\x12\x00\x08\x00\x01\x00\x76\x65\x74\x68\x2c\x00\x02\x00\x28\x00\x01\x00\x00\x00\x00\x00\x00\x00\x00\x00\x00\x00\x00\x00\x00\x00\x00\x00\x13\x00\x03\x00\x76\x65\x74\x68\x31\x5f\x74\x6f\x5f\x62\x61\x74\x61\x64\x76\x00"], 108, 0, {sa_family=AF_NETLINK, nl_pid=0, nl_groups=00000000}, 12 <unfinished ...>
[pid  5092] <... sendto resumed>)       = 40
[   80.233823][ T5092] team0: Port device team_slave_0 added
[   80.241013][ T5096] batman_adv: batadv0: Adding interface: batadv_slave_0
[   80.248297][ T5096] batman_adv: batadv0: The MTU of interface batadv_slave_0 is too small (1500) to handle the transport of batman-adv packets. Packets going over this interface will be fragmented on layer2 which could impact the performance. Setting the MTU to 1560 would solve the problem.
[pid  5092] recvfrom(3, [{nlmsg_len=36, nlmsg_type=NLMSG_ERROR, nlmsg_flags=NLM_F_CAPPED, nlmsg_seq=0, nlmsg_pid=1}, {error=0, msg={nlmsg_len=40, nlmsg_type=0x10 /* NLMSG_??? */, nlmsg_flags=NLM_F_REQUEST|NLM_F_ACK, nlmsg_seq=0, nlmsg_pid=0}}], 4096, 0, NULL, NULL) = 36
[pid  5096] <... sendto resumed>)       = 40
[pid  5096] recvfrom(3, [{nlmsg_len=36, nlmsg_type=NLMSG_ERROR, nlmsg_flags=NLM_F_CAPPED, nlmsg_seq=0, nlmsg_pid=1}, {error=0, msg={nlmsg_len=40, nlmsg_type=0x10 /* NLMSG_??? */, nlmsg_flags=NLM_F_REQUEST|NLM_F_ACK, nlmsg_seq=0, nlmsg_pid=0}}], 4096, 0, NULL, NULL) = 36
[pid  5096] socket(AF_UNIX, SOCK_DGRAM|SOCK_CLOEXEC, 0 <unfinished ...>
[pid  5094] <... sendto resumed>)       = 40
[pid  5092] socket(AF_UNIX, SOCK_DGRAM|SOCK_CLOEXEC, 0 <unfinished ...>
[pid  5096] <... socket resumed>)       = 4
[pid  5094] recvfrom(3,  <unfinished ...>
[pid  5092] <... socket resumed>)       = 4
[pid  5096] ioctl(4, SIOCGIFINDEX, {ifr_name="batadv_slave_1" <unfinished ...>
[pid  5094] <... recvfrom resumed>[{nlmsg_len=36, nlmsg_type=NLMSG_ERROR, nlmsg_flags=NLM_F_CAPPED, nlmsg_seq=0, nlmsg_pid=1}, {error=0, msg={nlmsg_len=40, nlmsg_type=0x10 /* NLMSG_??? */, nlmsg_flags=NLM_F_REQUEST|NLM_F_ACK, nlmsg_seq=0, nlmsg_pid=0}}], 4096, 0, NULL, NULL) = 36
[pid  5096] <... ioctl resumed>, ifr_ifindex=42}) = 0
[pid  5094] sendto(3, [{nlmsg_len=108, nlmsg_type=0x10 /* NLMSG_??? */, nlmsg_flags=NLM_F_REQUEST|NLM_F_ACK|0x600, nlmsg_seq=0, nlmsg_pid=0}, "\x00\x00\x00\x00\x00\x00\x00\x00\x00\x00\x00\x00\x00\x00\x00\x00\x12\x00\x03\x00\x62\x61\x74\x61\x64\x76\x5f\x73\x6c\x61\x76\x65\x5f\x30\x00\x00\x38\x00\x12\x00\x08\x00\x01\x00\x76\x65\x74\x68\x2c\x00\x02\x00\x28\x00\x01\x00\x00\x00\x00\x00\x00\x00\x00\x00\x00\x00\x00\x00\x00\x00\x00\x00\x13\x00\x03\x00\x76\x65\x74\x68\x30\x5f\x74\x6f\x5f\x62\x61\x74\x61\x64\x76\x00"], 108, 0, {sa_family=AF_NETLINK, nl_pid=0, nl_groups=00000000}, 12 <unfinished ...>
[pid  5092] ioctl(4, SIOCGIFINDEX, {ifr_name="team_slave_1" <unfinished ...>
[pid  5096] close(4 <unfinished ...>
[pid  5089] <... sendto resumed>)       = 40
[pid  5096] <... close resumed>)        = 0
[pid  5096] socket(AF_UNIX, SOCK_DGRAM|SOCK_CLOEXEC, 0 <unfinished ...>
[pid  5092] <... ioctl resumed>, ifr_ifindex=38}) = 0
[pid  5089] recvfrom(3,  <unfinished ...>
[pid  5096] <... socket resumed>)       = 4
[pid  5092] close(4 <unfinished ...>
[pid  5089] <... recvfrom resumed>[{nlmsg_len=36, nlmsg_type=NLMSG_ERROR, nlmsg_flags=NLM_F_CAPPED, nlmsg_seq=0, nlmsg_pid=1}, {error=0, msg={nlmsg_len=40, nlmsg_type=0x10 /* NLMSG_??? */, nlmsg_flags=NLM_F_REQUEST|NLM_F_ACK, nlmsg_seq=0, nlmsg_pid=0}}], 4096, 0, NULL, NULL) = 36
[pid  5096] ioctl(4, SIOCGIFINDEX, {ifr_name="batadv0" <unfinished ...>
[pid  5092] <... close resumed>)        = 0
[pid  5089] socket(AF_UNIX, SOCK_DGRAM|SOCK_CLOEXEC, 0 <unfinished ...>
[pid  5096] <... ioctl resumed>, ifr_ifindex=19}) = 0
[pid  5095] <... sendto resumed>)       = 108
[pid  5092] socket(AF_UNIX, SOCK_DGRAM|SOCK_CLOEXEC, 0 <unfinished ...>
[pid  5096] close(4 <unfinished ...>
[pid  5095] recvfrom(3,  <unfinished ...>
[pid  5089] <... socket resumed>)       = 4
[pid  5096] <... close resumed>)        = 0
[pid  5095] <... recvfrom resumed>[{nlmsg_len=36, nlmsg_type=NLMSG_ERROR, nlmsg_flags=NLM_F_CAPPED, nlmsg_seq=0, nlmsg_pid=1}, {error=0, msg={nlmsg_len=108, nlmsg_type=0x10 /* NLMSG_??? */, nlmsg_flags=NLM_F_REQUEST|NLM_F_ACK|0x600, nlmsg_seq=0, nlmsg_pid=0}}], 4096, 0, NULL, NULL) = 36
[pid  5092] <... socket resumed>)       = 4
[pid  5089] ioctl(4, SIOCGIFINDEX, {ifr_name="team_slave_1" <unfinished ...>
[   80.274913][ T5096] batman_adv: batadv0: Not using interface batadv_slave_0 (retrying later): interface not active
[   80.292817][ T5094] team0: Port device team_slave_1 added
[   80.302200][ T5089] team0: Port device team_slave_0 added
[pid  5096] sendto(3, [{nlmsg_len=40, nlmsg_type=0x10 /* NLMSG_??? */, nlmsg_flags=NLM_F_REQUEST|NLM_F_ACK, nlmsg_seq=0, nlmsg_pid=0}, "\x00\x00\x00\x00\x2a\x00\x00\x00\x00\x00\x00\x00\x00\x00\x00\x00\x08\x00\x0a\x00\x13\x00\x00\x00"], 40, 0, {sa_family=AF_NETLINK, nl_pid=0, nl_groups=00000000}, 12 <unfinished ...>
[pid  5095] socket(AF_UNIX, SOCK_DGRAM|SOCK_CLOEXEC, 0 <unfinished ...>
[pid  5091] <... sendto resumed>)       = 108
[pid  5089] <... ioctl resumed>, ifr_ifindex=38}) = 0
[pid  5092] ioctl(4, SIOCGIFINDEX, {ifr_name="team0" <unfinished ...>
[pid  5095] <... socket resumed>)       = 4
[pid  5089] close(4 <unfinished ...>
[pid  5091] recvfrom(3,  <unfinished ...>
[pid  5095] ioctl(4, SIOCGIFINDEX, {ifr_name="batadv_slave_0" <unfinished ...>
[pid  5089] <... close resumed>)        = 0
[pid  5095] <... ioctl resumed>, ifr_ifindex=40}) = 0
[pid  5092] <... ioctl resumed>, ifr_ifindex=15}) = 0
[pid  5091] <... recvfrom resumed>[{nlmsg_len=36, nlmsg_type=NLMSG_ERROR, nlmsg_flags=NLM_F_CAPPED, nlmsg_seq=0, nlmsg_pid=1}, {error=0, msg={nlmsg_len=108, nlmsg_type=0x10 /* NLMSG_??? */, nlmsg_flags=NLM_F_REQUEST|NLM_F_ACK|0x600, nlmsg_seq=0, nlmsg_pid=0}}], 4096, 0, NULL, NULL) = 36
[pid  5089] socket(AF_UNIX, SOCK_DGRAM|SOCK_CLOEXEC, 0 <unfinished ...>
[pid  5095] close(4 <unfinished ...>
[pid  5092] close(4 <unfinished ...>
[pid  5091] socket(AF_UNIX, SOCK_DGRAM|SOCK_CLOEXEC, 0 <unfinished ...>
[pid  5089] <... socket resumed>)       = 4
[pid  5092] <... close resumed>)        = 0
[pid  5089] ioctl(4, SIOCGIFINDEX, {ifr_name="team0" <unfinished ...>
[pid  5091] <... socket resumed>)       = 4
[pid  5095] <... close resumed>)        = 0
[pid  5092] sendto(3, [{nlmsg_len=40, nlmsg_type=0x10 /* NLMSG_??? */, nlmsg_flags=NLM_F_REQUEST|NLM_F_ACK, nlmsg_seq=0, nlmsg_pid=0}, "\x00\x00\x00\x00\x26\x00\x00\x00\x00\x00\x00\x00\x00\x00\x00\x00\x08\x00\x0a\x00\x0f\x00\x00\x00"], 40, 0, {sa_family=AF_NETLINK, nl_pid=0, nl_groups=00000000}, 12 <unfinished ...>
[pid  5095] socket(AF_UNIX, SOCK_DGRAM|SOCK_CLOEXEC, 0 <unfinished ...>
[pid  5091] ioctl(4, SIOCGIFINDEX, {ifr_name="batadv_slave_0" <unfinished ...>
[pid  5089] <... ioctl resumed>, ifr_ifindex=15}) = 0
[pid  5095] <... socket resumed>)       = 4
[pid  5091] <... ioctl resumed>, ifr_ifindex=40}) = 0
[pid  5089] close(4 <unfinished ...>
[pid  5095] ioctl(4, SIOCGIFINDEX, {ifr_name="batadv0" <unfinished ...>
[pid  5091] close(4 <unfinished ...>
[pid  5089] <... close resumed>)        = 0
[pid  5095] <... ioctl resumed>, ifr_ifindex=19}) = 0
[pid  5091] <... close resumed>)        = 0
[pid  5089] sendto(3, [{nlmsg_len=40, nlmsg_type=0x10 /* NLMSG_??? */, nlmsg_flags=NLM_F_REQUEST|NLM_F_ACK, nlmsg_seq=0, nlmsg_pid=0}, "\x00\x00\x00\x00\x26\x00\x00\x00\x00\x00\x00\x00\x00\x00\x00\x00\x08\x00\x0a\x00\x0f\x00\x00\x00"], 40, 0, {sa_family=AF_NETLINK, nl_pid=0, nl_groups=00000000}, 12 <unfinished ...>
[pid  5095] close(4 <unfinished ...>
[pid  5091] socket(AF_UNIX, SOCK_DGRAM|SOCK_CLOEXEC, 0 <unfinished ...>
[pid  5095] <... close resumed>)        = 0
[pid  5091] <... socket resumed>)       = 4
[pid  5095] sendto(3, [{nlmsg_len=40, nlmsg_type=0x10 /* NLMSG_??? */, nlmsg_flags=NLM_F_REQUEST|NLM_F_ACK, nlmsg_seq=0, nlmsg_pid=0}, "\x00\x00\x00\x00\x28\x00\x00\x00\x00\x00\x00\x00\x00\x00\x00\x00\x08\x00\x0a\x00\x13\x00\x00\x00"], 40, 0, {sa_family=AF_NETLINK, nl_pid=0, nl_groups=00000000}, 12 <unfinished ...>
[pid  5091] ioctl(4, SIOCGIFINDEX, {ifr_name="batadv0", ifr_ifindex=19}) = 0
[pid  5091] close(4)                    = 0
[pid  5091] sendto(3, [{nlmsg_len=40, nlmsg_type=0x10 /* NLMSG_??? */, nlmsg_flags=NLM_F_REQUEST|NLM_F_ACK, nlmsg_seq=0, nlmsg_pid=0}, "\x00\x00\x00\x00\x28\x00\x00\x00\x00\x00\x00\x00\x00\x00\x00\x00\x08\x00\x0a\x00\x13\x00\x00\x00"], 40, 0, {sa_family=AF_NETLINK, nl_pid=0, nl_groups=00000000}, 12 <unfinished ...>
[pid  5094] <... sendto resumed>)       = 108
[pid  5094] recvfrom(3, [{nlmsg_len=36, nlmsg_type=NLMSG_ERROR, nlmsg_flags=NLM_F_CAPPED, nlmsg_seq=0, nlmsg_pid=1}, {error=0, msg={nlmsg_len=108, nlmsg_type=0x10 /* NLMSG_??? */, nlmsg_flags=NLM_F_REQUEST|NLM_F_ACK|0x600, nlmsg_seq=0, nlmsg_pid=0}}], 4096, 0, NULL, NULL) = 36
[pid  5096] <... sendto resumed>)       = 40
[pid  5094] sendto(3, [{nlmsg_len=108, nlmsg_type=0x10 /* NLMSG_??? */, nlmsg_flags=NLM_F_REQUEST|NLM_F_ACK|0x600, nlmsg_seq=0, nlmsg_pid=0}, "\x00\x00\x00\x00\x00\x00\x00\x00\x00\x00\x00\x00\x00\x00\x00\x00\x12\x00\x03\x00\x62\x61\x74\x61\x64\x76\x5f\x73\x6c\x61\x76\x65\x5f\x31\x00\x00\x38\x00\x12\x00\x08\x00\x01\x00\x76\x65\x74\x68\x2c\x00\x02\x00\x28\x00\x01\x00\x00\x00\x00\x00\x00\x00\x00\x00\x00\x00\x00\x00\x00\x00\x00\x00\x13\x00\x03\x00\x76\x65\x74\x68\x31\x5f\x74\x6f\x5f\x62\x61\x74\x61\x64\x76\x00"], 108, 0, {sa_family=AF_NETLINK, nl_pid=0, nl_groups=00000000}, 12 <unfinished ...>
[   80.370701][ T5096] batman_adv: batadv0: Adding interface: batadv_slave_1
[   80.378178][ T5096] batman_adv: batadv0: The MTU of interface batadv_slave_1 is too small (1500) to handle the transport of batman-adv packets. Packets going over this interface will be fragmented on layer2 which could impact the performance. Setting the MTU to 1560 would solve the problem.
[   80.406381][ T5096] batman_adv: batadv0: Not using interface batadv_slave_1 (retrying later): interface not active
[pid  5096] recvfrom(3, [{nlmsg_len=36, nlmsg_type=NLMSG_ERROR, nlmsg_flags=NLM_F_CAPPED, nlmsg_seq=0, nlmsg_pid=1}, {error=0, msg={nlmsg_len=40, nlmsg_type=0x10 /* NLMSG_??? */, nlmsg_flags=NLM_F_REQUEST|NLM_F_ACK, nlmsg_seq=0, nlmsg_pid=0}}], 4096, 0, NULL, NULL) = 36
[pid  5096] sendto(3, [{nlmsg_len=68, nlmsg_type=0x10 /* NLMSG_??? */, nlmsg_flags=NLM_F_REQUEST|NLM_F_ACK|0x600, nlmsg_seq=0, nlmsg_pid=0}, "\x00\x00\x00\x00\x00\x00\x00\x00\x01\x00\x00\x00\x01\x00\x00\x00\x09\x00\x03\x00\x78\x66\x72\x6d\x30\x00\x00\x00\x18\x00\x12\x00\x08\x00\x01\x00\x78\x66\x72\x6d\x0c\x00\x02\x00\x08\x00\x02\x00\x01\x00\x00\x00"], 68, 0, {sa_family=AF_NETLINK, nl_pid=0, nl_groups=00000000}, 12 <unfinished ...>
[pid  5092] <... sendto resumed>)       = 40
[pid  5092] recvfrom(3, [{nlmsg_len=36, nlmsg_type=NLMSG_ERROR, nlmsg_flags=NLM_F_CAPPED, nlmsg_seq=0, nlmsg_pid=1}, {error=0, msg={nlmsg_len=40, nlmsg_type=0x10 /* NLMSG_??? */, nlmsg_flags=NLM_F_REQUEST|NLM_F_ACK, nlmsg_seq=0, nlmsg_pid=0}}], 4096, 0, NULL, NULL) = 36
[pid  5092] sendto(3, [{nlmsg_len=108, nlmsg_type=0x10 /* NLMSG_??? */, nlmsg_flags=NLM_F_REQUEST|NLM_F_ACK|0x600, nlmsg_seq=0, nlmsg_pid=0}, "\x00\x00\x00\x00\x00\x00\x00\x00\x00\x00\x00\x00\x00\x00\x00\x00\x12\x00\x03\x00\x62\x61\x74\x61\x64\x76\x5f\x73\x6c\x61\x76\x65\x5f\x30\x00\x00\x38\x00\x12\x00\x08\x00\x01\x00\x76\x65\x74\x68\x2c\x00\x02\x00\x28\x00\x01\x00\x00\x00\x00\x00\x00\x00\x00\x00\x00\x00\x00\x00\x00\x00\x00\x00\x13\x00\x03\x00\x76\x65\x74\x68\x30\x5f\x74\x6f\x5f\x62\x61\x74\x61\x64\x76\x00"], 108, 0, {sa_family=AF_NETLINK, nl_pid=0, nl_groups=00000000}, 12 <unfinished ...>
[pid  5089] <... sendto resumed>)       = 40
[pid  5089] recvfrom(3, [{nlmsg_len=36, nlmsg_type=NLMSG_ERROR, nlmsg_flags=NLM_F_CAPPED, nlmsg_seq=0, nlmsg_pid=1}, {error=0, msg={nlmsg_len=40, nlmsg_type=0x10 /* NLMSG_??? */, nlmsg_flags=NLM_F_REQUEST|NLM_F_ACK, nlmsg_seq=0, nlmsg_pid=0}}], 4096, 0, NULL, NULL) = 36
[pid  5089] sendto(3, [{nlmsg_len=108, nlmsg_type=0x10 /* NLMSG_??? */, nlmsg_flags=NLM_F_REQUEST|NLM_F_ACK|0x600, nlmsg_seq=0, nlmsg_pid=0}, "\x00\x00\x00\x00\x00\x00\x00\x00\x00\x00\x00\x00\x00\x00\x00\x00\x12\x00\x03\x00\x62\x61\x74\x61\x64\x76\x5f\x73\x6c\x61\x76\x65\x5f\x30\x00\x00\x38\x00\x12\x00\x08\x00\x01\x00\x76\x65\x74\x68\x2c\x00\x02\x00\x28\x00\x01\x00\x00\x00\x00\x00\x00\x00\x00\x00\x00\x00\x00\x00\x00\x00\x00\x00\x13\x00\x03\x00\x76\x65\x74\x68\x30\x5f\x74\x6f\x5f\x62\x61\x74\x61\x64\x76\x00"], 108, 0, {sa_family=AF_NETLINK, nl_pid=0, nl_groups=00000000}, 12 <unfinished ...>
[pid  5092] <... sendto resumed>)       = 108
[pid  5092] recvfrom(3, [{nlmsg_len=36, nlmsg_type=NLMSG_ERROR, nlmsg_flags=NLM_F_CAPPED, nlmsg_seq=0, nlmsg_pid=1}, {error=0, msg={nlmsg_len=108, nlmsg_type=0x10 /* NLMSG_??? */, nlmsg_flags=NLM_F_REQUEST|NLM_F_ACK|0x600, nlmsg_seq=0, nlmsg_pid=0}}], 4096, 0, NULL, NULL) = 36
[   80.422405][ T5092] team0: Port device team_slave_1 added
[   80.433900][ T5089] team0: Port device team_slave_1 added
[   80.458610][ T5095] batman_adv: batadv0: Adding interface: batadv_slave_0
[pid  5092] sendto(3, [{nlmsg_len=108, nlmsg_type=0x10 /* NLMSG_??? */, nlmsg_flags=NLM_F_REQUEST|NLM_F_ACK|0x600, nlmsg_seq=0, nlmsg_pid=0}, "\x00\x00\x00\x00\x00\x00\x00\x00\x00\x00\x00\x00\x00\x00\x00\x00\x12\x00\x03\x00\x62\x61\x74\x61\x64\x76\x5f\x73\x6c\x61\x76\x65\x5f\x31\x00\x00\x38\x00\x12\x00\x08\x00\x01\x00\x76\x65\x74\x68\x2c\x00\x02\x00\x28\x00\x01\x00\x00\x00\x00\x00\x00\x00\x00\x00\x00\x00\x00\x00\x00\x00\x00\x00\x13\x00\x03\x00\x76\x65\x74\x68\x31\x5f\x74\x6f\x5f\x62\x61\x74\x61\x64\x76\x00"], 108, 0, {sa_family=AF_NETLINK, nl_pid=0, nl_groups=00000000}, 12 <unfinished ...>
[pid  5095] <... sendto resumed>)       = 40
[pid  5095] recvfrom(3, [{nlmsg_len=36, nlmsg_type=NLMSG_ERROR, nlmsg_flags=NLM_F_CAPPED, nlmsg_seq=0, nlmsg_pid=1}, {error=0, msg={nlmsg_len=40, nlmsg_type=0x10 /* NLMSG_??? */, nlmsg_flags=NLM_F_REQUEST|NLM_F_ACK, nlmsg_seq=0, nlmsg_pid=0}}], 4096, 0, NULL, NULL) = 36
[pid  5095] socket(AF_UNIX, SOCK_DGRAM|SOCK_CLOEXEC, 0) = 4
[pid  5095] ioctl(4, SIOCGIFINDEX, {ifr_name="batadv_slave_1", ifr_ifindex=42}) = 0
[pid  5095] close(4)                    = 0
[pid  5095] socket(AF_UNIX, SOCK_DGRAM|SOCK_CLOEXEC, 0) = 4
[   80.466403][ T5095] batman_adv: batadv0: The MTU of interface batadv_slave_0 is too small (1500) to handle the transport of batman-adv packets. Packets going over this interface will be fragmented on layer2 which could impact the performance. Setting the MTU to 1560 would solve the problem.
[   80.493576][ T5095] batman_adv: batadv0: Not using interface batadv_slave_0 (retrying later): interface not active
[   80.506344][ T5091] batman_adv: batadv0: Adding interface: batadv_slave_0
[pid  5095] ioctl(4, SIOCGIFINDEX, {ifr_name="batadv0", ifr_ifindex=19}) = 0
[pid  5095] close(4)                    = 0
[pid  5095] sendto(3, [{nlmsg_len=40, nlmsg_type=0x10 /* NLMSG_??? */, nlmsg_flags=NLM_F_REQUEST|NLM_F_ACK, nlmsg_seq=0, nlmsg_pid=0}, "\x00\x00\x00\x00\x2a\x00\x00\x00\x00\x00\x00\x00\x00\x00\x00\x00\x08\x00\x0a\x00\x13\x00\x00\x00"], 40, 0, {sa_family=AF_NETLINK, nl_pid=0, nl_groups=00000000}, 12 <unfinished ...>
[pid  5091] <... sendto resumed>)       = 40
[pid  5091] recvfrom(3, [{nlmsg_len=36, nlmsg_type=NLMSG_ERROR, nlmsg_flags=NLM_F_CAPPED, nlmsg_seq=0, nlmsg_pid=1}, {error=0, msg={nlmsg_len=40, nlmsg_type=0x10 /* NLMSG_??? */, nlmsg_flags=NLM_F_REQUEST|NLM_F_ACK, nlmsg_seq=0, nlmsg_pid=0}}], 4096, 0, NULL, NULL) = 36
[pid  5091] socket(AF_UNIX, SOCK_DGRAM|SOCK_CLOEXEC, 0 <unfinished ...>
[pid  5094] <... sendto resumed>)       = 108
[pid  5096] <... sendto resumed>)       = 68
[pid  5094] recvfrom(3,  <unfinished ...>
[pid  5091] <... socket resumed>)       = 4
[pid  5094] <... recvfrom resumed>[{nlmsg_len=36, nlmsg_type=NLMSG_ERROR, nlmsg_flags=NLM_F_CAPPED, nlmsg_seq=0, nlmsg_pid=1}, {error=0, msg={nlmsg_len=108, nlmsg_type=0x10 /* NLMSG_??? */, nlmsg_flags=NLM_F_REQUEST|NLM_F_ACK|0x600, nlmsg_seq=0, nlmsg_pid=0}}], 4096, 0, NULL, NULL) = 36
[   80.514019][ T5091] batman_adv: batadv0: The MTU of interface batadv_slave_0 is too small (1500) to handle the transport of batman-adv packets. Packets going over this interface will be fragmented on layer2 which could impact the performance. Setting the MTU to 1560 would solve the problem.
[   80.540086][ T5091] batman_adv: batadv0: Not using interface batadv_slave_0 (retrying later): interface not active
[pid  5091] ioctl(4, SIOCGIFINDEX, {ifr_name="batadv_slave_1", ifr_ifindex=42}) = 0
[pid  5091] close(4)                    = 0
[pid  5091] socket(AF_UNIX, SOCK_DGRAM|SOCK_CLOEXEC, 0) = 4
[pid  5091] ioctl(4, SIOCGIFINDEX, {ifr_name="batadv0", ifr_ifindex=19}) = 0
[pid  5091] close(4 <unfinished ...>
[pid  5094] socket(AF_UNIX, SOCK_DGRAM|SOCK_CLOEXEC, 0 <unfinished ...>
[pid  5091] <... close resumed>)        = 0
[pid  5094] <... socket resumed>)       = 4
[pid  5091] sendto(3, [{nlmsg_len=40, nlmsg_type=0x10 /* NLMSG_??? */, nlmsg_flags=NLM_F_REQUEST|NLM_F_ACK, nlmsg_seq=0, nlmsg_pid=0}, "\x00\x00\x00\x00\x2a\x00\x00\x00\x00\x00\x00\x00\x00\x00\x00\x00\x08\x00\x0a\x00\x13\x00\x00\x00"], 40, 0, {sa_family=AF_NETLINK, nl_pid=0, nl_groups=00000000}, 12 <unfinished ...>
[pid  5094] ioctl(4, SIOCGIFINDEX, {ifr_name="batadv_slave_0", ifr_ifindex=40}) = 0
[pid  5094] close(4 <unfinished ...>
[pid  5096] recvfrom(3,  <unfinished ...>
[pid  5094] <... close resumed>)        = 0
[pid  5094] socket(AF_UNIX, SOCK_DGRAM|SOCK_CLOEXEC, 0 <unfinished ...>
[pid  5096] <... recvfrom resumed>[{nlmsg_len=36, nlmsg_type=NLMSG_ERROR, nlmsg_flags=NLM_F_CAPPED, nlmsg_seq=0, nlmsg_pid=1}, {error=0, msg={nlmsg_len=68, nlmsg_type=0x10 /* NLMSG_??? */, nlmsg_flags=NLM_F_REQUEST|NLM_F_ACK|0x600, nlmsg_seq=0, nlmsg_pid=0}}], 4096, 0, NULL, NULL) = 36
[pid  5094] <... socket resumed>)       = 4
[pid  5096] socket(AF_UNIX, SOCK_DGRAM|SOCK_CLOEXEC, 0 <unfinished ...>
[pid  5094] ioctl(4, SIOCGIFINDEX, {ifr_name="batadv0" <unfinished ...>
[pid  5096] <... socket resumed>)       = 4
[pid  5094] <... ioctl resumed>, ifr_ifindex=19}) = 0
[pid  5096] ioctl(4, SIOCGIFINDEX, {ifr_name="bridge_slave_0", ifr_ifindex=28}) = 0
[pid  5094] close(4 <unfinished ...>
[pid  5096] close(4 <unfinished ...>
[pid  5094] <... close resumed>)        = 0
[pid  5096] <... close resumed>)        = 0
[pid  5094] sendto(3, [{nlmsg_len=40, nlmsg_type=0x10 /* NLMSG_??? */, nlmsg_flags=NLM_F_REQUEST|NLM_F_ACK, nlmsg_seq=0, nlmsg_pid=0}, "\x00\x00\x00\x00\x28\x00\x00\x00\x00\x00\x00\x00\x00\x00\x00\x00\x08\x00\x0a\x00\x13\x00\x00\x00"], 40, 0, {sa_family=AF_NETLINK, nl_pid=0, nl_groups=00000000}, 12 <unfinished ...>
[pid  5096] sendto(3, [{nlmsg_len=32, nlmsg_type=0x10 /* NLMSG_??? */, nlmsg_flags=NLM_F_REQUEST|NLM_F_ACK, nlmsg_seq=0, nlmsg_pid=0}, "\x00\x00\x00\x00\x1c\x00\x00\x00\x01\x00\x00\x00\x01\x00\x00\x00"], 32, 0, {sa_family=AF_NETLINK, nl_pid=0, nl_groups=00000000}, 12 <unfinished ...>
[pid  5089] <... sendto resumed>)       = 108
[pid  5089] recvfrom(3, [{nlmsg_len=36, nlmsg_type=NLMSG_ERROR, nlmsg_flags=NLM_F_CAPPED, nlmsg_seq=0, nlmsg_pid=1}, {error=0, msg={nlmsg_len=108, nlmsg_type=0x10 /* NLMSG_??? */, nlmsg_flags=NLM_F_REQUEST|NLM_F_ACK|0x600, nlmsg_seq=0, nlmsg_pid=0}}], 4096, 0, NULL, NULL) = 36
[pid  5092] <... sendto resumed>)       = 108
[pid  5089] sendto(3, [{nlmsg_len=108, nlmsg_type=0x10 /* NLMSG_??? */, nlmsg_flags=NLM_F_REQUEST|NLM_F_ACK|0x600, nlmsg_seq=0, nlmsg_pid=0}, "\x00\x00\x00\x00\x00\x00\x00\x00\x00\x00\x00\x00\x00\x00\x00\x00\x12\x00\x03\x00\x62\x61\x74\x61\x64\x76\x5f\x73\x6c\x61\x76\x65\x5f\x31\x00\x00\x38\x00\x12\x00\x08\x00\x01\x00\x76\x65\x74\x68\x2c\x00\x02\x00\x28\x00\x01\x00\x00\x00\x00\x00\x00\x00\x00\x00\x00\x00\x00\x00\x00\x00\x00\x00\x13\x00\x03\x00\x76\x65\x74\x68\x31\x5f\x74\x6f\x5f\x62\x61\x74\x61\x64\x76\x00"], 108, 0, {sa_family=AF_NETLINK, nl_pid=0, nl_groups=00000000}, 12 <unfinished ...>
[pid  5092] recvfrom(3, [{nlmsg_len=36, nlmsg_type=NLMSG_ERROR, nlmsg_flags=NLM_F_CAPPED, nlmsg_seq=0, nlmsg_pid=1}, {error=0, msg={nlmsg_len=108, nlmsg_type=0x10 /* NLMSG_??? */, nlmsg_flags=NLM_F_REQUEST|NLM_F_ACK|0x600, nlmsg_seq=0, nlmsg_pid=0}}], 4096, 0, NULL, NULL) = 36
[pid  5092] socket(AF_UNIX, SOCK_DGRAM|SOCK_CLOEXEC, 0) = 4
[pid  5092] ioctl(4, SIOCGIFINDEX, {ifr_name="batadv_slave_0", ifr_ifindex=40}) = 0
[pid  5092] close(4)                    = 0
[pid  5092] socket(AF_UNIX, SOCK_DGRAM|SOCK_CLOEXEC, 0) = 4
[pid  5092] ioctl(4, SIOCGIFINDEX, {ifr_name="batadv0", ifr_ifindex=19}) = 0
[pid  5092] close(4)                    = 0
[   80.660564][ T5095] batman_adv: batadv0: Adding interface: batadv_slave_1
[   80.669320][ T5095] batman_adv: batadv0: The MTU of interface batadv_slave_1 is too small (1500) to handle the transport of batman-adv packets. Packets going over this interface will be fragmented on layer2 which could impact the performance. Setting the MTU to 1560 would solve the problem.
[   80.697079][ T5095] batman_adv: batadv0: Not using interface batadv_slave_1 (retrying later): interface not active
[pid  5092] sendto(3, [{nlmsg_len=40, nlmsg_type=0x10 /* NLMSG_??? */, nlmsg_flags=NLM_F_REQUEST|NLM_F_ACK, nlmsg_seq=0, nlmsg_pid=0}, "\x00\x00\x00\x00\x28\x00\x00\x00\x00\x00\x00\x00\x00\x00\x00\x00\x08\x00\x0a\x00\x13\x00\x00\x00"], 40, 0, {sa_family=AF_NETLINK, nl_pid=0, nl_groups=00000000}, 12 <unfinished ...>
[pid  5095] <... sendto resumed>)       = 40
[pid  5095] recvfrom(3, [{nlmsg_len=36, nlmsg_type=NLMSG_ERROR, nlmsg_flags=NLM_F_CAPPED, nlmsg_seq=0, nlmsg_pid=1}, {error=0, msg={nlmsg_len=40, nlmsg_type=0x10 /* NLMSG_??? */, nlmsg_flags=NLM_F_REQUEST|NLM_F_ACK, nlmsg_seq=0, nlmsg_pid=0}}], 4096, 0, NULL, NULL) = 36
[pid  5095] sendto(3, [{nlmsg_len=68, nlmsg_type=0x10 /* NLMSG_??? */, nlmsg_flags=NLM_F_REQUEST|NLM_F_ACK|0x600, nlmsg_seq=0, nlmsg_pid=0}, "\x00\x00\x00\x00\x00\x00\x00\x00\x01\x00\x00\x00\x01\x00\x00\x00\x09\x00\x03\x00\x78\x66\x72\x6d\x30\x00\x00\x00\x18\x00\x12\x00\x08\x00\x01\x00\x78\x66\x72\x6d\x0c\x00\x02\x00\x08\x00\x02\x00\x01\x00\x00\x00"], 68, 0, {sa_family=AF_NETLINK, nl_pid=0, nl_groups=00000000}, 12 <unfinished ...>
[pid  5091] <... sendto resumed>)       = 40
[   80.710142][ T5091] batman_adv: batadv0: Adding interface: batadv_slave_1
[   80.717705][ T5091] batman_adv: batadv0: The MTU of interface batadv_slave_1 is too small (1500) to handle the transport of batman-adv packets. Packets going over this interface will be fragmented on layer2 which could impact the performance. Setting the MTU to 1560 would solve the problem.
[   80.744521][ T5091] batman_adv: batadv0: Not using interface batadv_slave_1 (retrying later): interface not active
[pid  5091] recvfrom(3, [{nlmsg_len=36, nlmsg_type=NLMSG_ERROR, nlmsg_flags=NLM_F_CAPPED, nlmsg_seq=0, nlmsg_pid=1}, {error=0, msg={nlmsg_len=40, nlmsg_type=0x10 /* NLMSG_??? */, nlmsg_flags=NLM_F_REQUEST|NLM_F_ACK, nlmsg_seq=0, nlmsg_pid=0}}], 4096, 0, NULL, NULL) = 36
[pid  5091] sendto(3, [{nlmsg_len=68, nlmsg_type=0x10 /* NLMSG_??? */, nlmsg_flags=NLM_F_REQUEST|NLM_F_ACK|0x600, nlmsg_seq=0, nlmsg_pid=0}, "\x00\x00\x00\x00\x00\x00\x00\x00\x01\x00\x00\x00\x01\x00\x00\x00\x09\x00\x03\x00\x78\x66\x72\x6d\x30\x00\x00\x00\x18\x00\x12\x00\x08\x00\x01\x00\x78\x66\x72\x6d\x0c\x00\x02\x00\x08\x00\x02\x00\x01\x00\x00\x00"], 68, 0, {sa_family=AF_NETLINK, nl_pid=0, nl_groups=00000000}, 12 <unfinished ...>
[pid  5094] <... sendto resumed>)       = 40
[pid  5094] recvfrom(3,  <unfinished ...>
[pid  5096] <... sendto resumed>)       = 32
[pid  5094] <... recvfrom resumed>[{nlmsg_len=36, nlmsg_type=NLMSG_ERROR, nlmsg_flags=NLM_F_CAPPED, nlmsg_seq=0, nlmsg_pid=1}, {error=0, msg={nlmsg_len=40, nlmsg_type=0x10 /* NLMSG_??? */, nlmsg_flags=NLM_F_REQUEST|NLM_F_ACK, nlmsg_seq=0, nlmsg_pid=0}}], 4096, 0, NULL, NULL) = 36
[pid  5096] recvfrom(3, [{nlmsg_len=36, nlmsg_type=NLMSG_ERROR, nlmsg_flags=NLM_F_CAPPED, nlmsg_seq=0, nlmsg_pid=1}, {error=0, msg={nlmsg_len=32, nlmsg_type=0x10 /* NLMSG_??? */, nlmsg_flags=NLM_F_REQUEST|NLM_F_ACK, nlmsg_seq=0, nlmsg_pid=0}}], 4096, 0, NULL, NULL) = 36
[pid  5096] socket(AF_UNIX, SOCK_DGRAM|SOCK_CLOEXEC, 0 <unfinished ...>
[pid  5094] socket(AF_UNIX, SOCK_DGRAM|SOCK_CLOEXEC, 0 <unfinished ...>
[pid  5096] <... socket resumed>)       = 4
[pid  5096] ioctl(4, SIOCGIFINDEX, {ifr_name="bridge_slave_1", ifr_ifindex=30}) = 0
[pid  5096] close(4)                    = 0
[pid  5094] <... socket resumed>)       = 4
[pid  5096] sendto(3, [{nlmsg_len=32, nlmsg_type=0x10 /* NLMSG_??? */, nlmsg_flags=NLM_F_REQUEST|NLM_F_ACK, nlmsg_seq=0, nlmsg_pid=0}, "\x00\x00\x00\x00\x1e\x00\x00\x00\x01\x00\x00\x00\x01\x00\x00\x00"], 32, 0, {sa_family=AF_NETLINK, nl_pid=0, nl_groups=00000000}, 12 <unfinished ...>
[pid  5094] ioctl(4, SIOCGIFINDEX, {ifr_name="batadv_slave_1" <unfinished ...>
[pid  5089] <... sendto resumed>)       = 108
[pid  5094] <... ioctl resumed>, ifr_ifindex=42}) = 0
[pid  5094] close(4 <unfinished ...>
[pid  5096] <... sendto resumed>)       = 32
[pid  5094] <... close resumed>)        = 0
[   80.758735][ T5094] batman_adv: batadv0: Adding interface: batadv_slave_0
[   80.766012][ T5094] batman_adv: batadv0: The MTU of interface batadv_slave_0 is too small (1500) to handle the transport of batman-adv packets. Packets going over this interface will be fragmented on layer2 which could impact the performance. Setting the MTU to 1560 would solve the problem.
[   80.794306][ T5094] batman_adv: batadv0: Not using interface batadv_slave_0 (retrying later): interface not active
[pid  5096] recvfrom(3,  <unfinished ...>
[pid  5094] socket(AF_UNIX, SOCK_DGRAM|SOCK_CLOEXEC, 0 <unfinished ...>
[pid  5096] <... recvfrom resumed>[{nlmsg_len=36, nlmsg_type=NLMSG_ERROR, nlmsg_flags=NLM_F_CAPPED, nlmsg_seq=0, nlmsg_pid=1}, {error=0, msg={nlmsg_len=32, nlmsg_type=0x10 /* NLMSG_??? */, nlmsg_flags=NLM_F_REQUEST|NLM_F_ACK, nlmsg_seq=0, nlmsg_pid=0}}], 4096, 0, NULL, NULL) = 36
[pid  5094] <... socket resumed>)       = 4
[pid  5089] recvfrom(3,  <unfinished ...>
[pid  5094] ioctl(4, SIOCGIFINDEX, {ifr_name="batadv0", ifr_ifindex=19}) = 0
[pid  5094] close(4)                    = 0
[pid  5094] sendto(3, [{nlmsg_len=40, nlmsg_type=0x10 /* NLMSG_??? */, nlmsg_flags=NLM_F_REQUEST|NLM_F_ACK, nlmsg_seq=0, nlmsg_pid=0}, "\x00\x00\x00\x00\x2a\x00\x00\x00\x00\x00\x00\x00\x00\x00\x00\x00\x08\x00\x0a\x00\x13\x00\x00\x00"], 40, 0, {sa_family=AF_NETLINK, nl_pid=0, nl_groups=00000000}, 12 <unfinished ...>
[pid  5096] sendto(3, [{nlmsg_len=100, nlmsg_type=0x10 /* NLMSG_??? */, nlmsg_flags=NLM_F_REQUEST|NLM_F_ACK|0x600, nlmsg_seq=0, nlmsg_pid=0}, "\x00\x00\x00\x00\x00\x00\x00\x00\x00\x00\x00\x00\x00\x00\x00\x00\x0f\x00\x03\x00\x68\x73\x72\x5f\x73\x6c\x61\x76\x65\x5f\x30\x00\x34\x00\x12\x00\x08\x00\x01\x00\x76\x65\x74\x68\x28\x00\x02\x00\x24\x00\x01\x00\x00\x00\x00\x00\x00\x00\x00\x00\x00\x00\x00\x00\x00\x00\x00\x00\x10\x00\x03\x00\x76\x65\x74\x68\x30\x5f\x74\x6f\x5f\x68\x73\x72"], 100, 0, {sa_family=AF_NETLINK, nl_pid=0, nl_groups=00000000}, 12 <unfinished ...>
[pid  5089] <... recvfrom resumed>[{nlmsg_len=36, nlmsg_type=NLMSG_ERROR, nlmsg_flags=NLM_F_CAPPED, nlmsg_seq=0, nlmsg_pid=1}, {error=0, msg={nlmsg_len=108, nlmsg_type=0x10 /* NLMSG_??? */, nlmsg_flags=NLM_F_REQUEST|NLM_F_ACK|0x600, nlmsg_seq=0, nlmsg_pid=0}}], 4096, 0, NULL, NULL) = 36
[pid  5089] socket(AF_UNIX, SOCK_DGRAM|SOCK_CLOEXEC, 0) = 4
[pid  5089] ioctl(4, SIOCGIFINDEX, {ifr_name="batadv_slave_0", ifr_ifindex=40}) = 0
[pid  5089] close(4)                    = 0
[pid  5089] socket(AF_UNIX, SOCK_DGRAM|SOCK_CLOEXEC, 0 <unfinished ...>
[pid  5095] <... sendto resumed>)       = 68
[pid  5092] <... sendto resumed>)       = 40
[pid  5092] recvfrom(3, [{nlmsg_len=36, nlmsg_type=NLMSG_ERROR, nlmsg_flags=NLM_F_CAPPED, nlmsg_seq=0, nlmsg_pid=1}, {error=0, msg={nlmsg_len=40, nlmsg_type=0x10 /* NLMSG_??? */, nlmsg_flags=NLM_F_REQUEST|NLM_F_ACK, nlmsg_seq=0, nlmsg_pid=0}}], 4096, 0, NULL, NULL) = 36
[pid  5095] recvfrom(3,  <unfinished ...>
[pid  5089] <... socket resumed>)       = 4
[pid  5095] <... recvfrom resumed>[{nlmsg_len=36, nlmsg_type=NLMSG_ERROR, nlmsg_flags=NLM_F_CAPPED, nlmsg_seq=0, nlmsg_pid=1}, {error=0, msg={nlmsg_len=68, nlmsg_type=0x10 /* NLMSG_??? */, nlmsg_flags=NLM_F_REQUEST|NLM_F_ACK|0x600, nlmsg_seq=0, nlmsg_pid=0}}], 4096, 0, NULL, NULL) = 36
[pid  5092] socket(AF_UNIX, SOCK_DGRAM|SOCK_CLOEXEC, 0 <unfinished ...>
[pid  5089] ioctl(4, SIOCGIFINDEX, {ifr_name="batadv0" <unfinished ...>
[pid  5095] socket(AF_UNIX, SOCK_DGRAM|SOCK_CLOEXEC, 0 <unfinished ...>
[pid  5089] <... ioctl resumed>, ifr_ifindex=19}) = 0
[pid  5095] <... socket resumed>)       = 4
[   80.827792][ T5092] batman_adv: batadv0: Adding interface: batadv_slave_0
[   80.835610][ T5092] batman_adv: batadv0: The MTU of interface batadv_slave_0 is too small (1500) to handle the transport of batman-adv packets. Packets going over this interface will be fragmented on layer2 which could impact the performance. Setting the MTU to 1560 would solve the problem.
[   80.861666][ T5092] batman_adv: batadv0: Not using interface batadv_slave_0 (retrying later): interface not active
[pid  5089] close(4)                    = 0
[pid  5095] ioctl(4, SIOCGIFINDEX, {ifr_name="bridge_slave_0" <unfinished ...>
[pid  5092] <... socket resumed>)       = 4
[pid  5091] <... sendto resumed>)       = 68
[pid  5095] <... ioctl resumed>, ifr_ifindex=28}) = 0
[pid  5092] ioctl(4, SIOCGIFINDEX, {ifr_name="batadv_slave_1" <unfinished ...>
[pid  5091] recvfrom(3,  <unfinished ...>
[pid  5089] sendto(3, [{nlmsg_len=40, nlmsg_type=0x10 /* NLMSG_??? */, nlmsg_flags=NLM_F_REQUEST|NLM_F_ACK, nlmsg_seq=0, nlmsg_pid=0}, "\x00\x00\x00\x00\x28\x00\x00\x00\x00\x00\x00\x00\x00\x00\x00\x00\x08\x00\x0a\x00\x13\x00\x00\x00"], 40, 0, {sa_family=AF_NETLINK, nl_pid=0, nl_groups=00000000}, 12 <unfinished ...>
[pid  5095] close(4 <unfinished ...>
[pid  5094] <... sendto resumed>)       = 40
[pid  5092] <... ioctl resumed>, ifr_ifindex=42}) = 0
[pid  5091] <... recvfrom resumed>[{nlmsg_len=36, nlmsg_type=NLMSG_ERROR, nlmsg_flags=NLM_F_CAPPED, nlmsg_seq=0, nlmsg_pid=1}, {error=0, msg={nlmsg_len=68, nlmsg_type=0x10 /* NLMSG_??? */, nlmsg_flags=NLM_F_REQUEST|NLM_F_ACK|0x600, nlmsg_seq=0, nlmsg_pid=0}}], 4096, 0, NULL, NULL) = 36
[pid  5095] <... close resumed>)        = 0
[pid  5092] close(4 <unfinished ...>
[pid  5091] socket(AF_UNIX, SOCK_DGRAM|SOCK_CLOEXEC, 0 <unfinished ...>
[pid  5095] sendto(3, [{nlmsg_len=32, nlmsg_type=0x10 /* NLMSG_??? */, nlmsg_flags=NLM_F_REQUEST|NLM_F_ACK, nlmsg_seq=0, nlmsg_pid=0}, "\x00\x00\x00\x00\x1c\x00\x00\x00\x01\x00\x00\x00\x01\x00\x00\x00"], 32, 0, {sa_family=AF_NETLINK, nl_pid=0, nl_groups=00000000}, 12 <unfinished ...>
[pid  5092] <... close resumed>)        = 0
[pid  5091] <... socket resumed>)       = 4
[pid  5092] socket(AF_UNIX, SOCK_DGRAM|SOCK_CLOEXEC, 0 <unfinished ...>
[pid  5094] recvfrom(3,  <unfinished ...>
[pid  5092] <... socket resumed>)       = 4
[pid  5091] ioctl(4, SIOCGIFINDEX, {ifr_name="bridge_slave_0" <unfinished ...>
[pid  5094] <... recvfrom resumed>[{nlmsg_len=36, nlmsg_type=NLMSG_ERROR, nlmsg_flags=NLM_F_CAPPED, nlmsg_seq=0, nlmsg_pid=1}, {error=0, msg={nlmsg_len=40, nlmsg_type=0x10 /* NLMSG_??? */, nlmsg_flags=NLM_F_REQUEST|NLM_F_ACK, nlmsg_seq=0, nlmsg_pid=0}}], 4096, 0, NULL, NULL) = 36
[pid  5092] ioctl(4, SIOCGIFINDEX, {ifr_name="batadv0" <unfinished ...>
[pid  5091] <... ioctl resumed>, ifr_ifindex=28}) = 0
[pid  5094] sendto(3, [{nlmsg_len=68, nlmsg_type=0x10 /* NLMSG_??? */, nlmsg_flags=NLM_F_REQUEST|NLM_F_ACK|0x600, nlmsg_seq=0, nlmsg_pid=0}, "\x00\x00\x00\x00\x00\x00\x00\x00\x01\x00\x00\x00\x01\x00\x00\x00\x09\x00\x03\x00\x78\x66\x72\x6d\x30\x00\x00\x00\x18\x00\x12\x00\x08\x00\x01\x00\x78\x66\x72\x6d\x0c\x00\x02\x00\x08\x00\x02\x00\x01\x00\x00\x00"], 68, 0, {sa_family=AF_NETLINK, nl_pid=0, nl_groups=00000000}, 12 <unfinished ...>
[pid  5092] <... ioctl resumed>, ifr_ifindex=19}) = 0
[pid  5091] close(4 <unfinished ...>
[pid  5092] close(4)                    = 0
[pid  5091] <... close resumed>)        = 0
[   80.892398][ T5094] batman_adv: batadv0: Adding interface: batadv_slave_1
[   80.900173][ T5094] batman_adv: batadv0: The MTU of interface batadv_slave_1 is too small (1500) to handle the transport of batman-adv packets. Packets going over this interface will be fragmented on layer2 which could impact the performance. Setting the MTU to 1560 would solve the problem.
[   80.926967][ T5094] batman_adv: batadv0: Not using interface batadv_slave_1 (retrying later): interface not active
[pid  5092] sendto(3, [{nlmsg_len=40, nlmsg_type=0x10 /* NLMSG_??? */, nlmsg_flags=NLM_F_REQUEST|NLM_F_ACK, nlmsg_seq=0, nlmsg_pid=0}, "\x00\x00\x00\x00\x2a\x00\x00\x00\x00\x00\x00\x00\x00\x00\x00\x00\x08\x00\x0a\x00\x13\x00\x00\x00"], 40, 0, {sa_family=AF_NETLINK, nl_pid=0, nl_groups=00000000}, 12 <unfinished ...>
[pid  5091] sendto(3, [{nlmsg_len=32, nlmsg_type=0x10 /* NLMSG_??? */, nlmsg_flags=NLM_F_REQUEST|NLM_F_ACK, nlmsg_seq=0, nlmsg_pid=0}, "\x00\x00\x00\x00\x1c\x00\x00\x00\x01\x00\x00\x00\x01\x00\x00\x00"], 32, 0, {sa_family=AF_NETLINK, nl_pid=0, nl_groups=00000000}, 12 <unfinished ...>
[pid  5096] <... sendto resumed>)       = 100
[pid  5096] recvfrom(3, [{nlmsg_len=36, nlmsg_type=NLMSG_ERROR, nlmsg_flags=NLM_F_CAPPED, nlmsg_seq=0, nlmsg_pid=1}, {error=0, msg={nlmsg_len=100, nlmsg_type=0x10 /* NLMSG_??? */, nlmsg_flags=NLM_F_REQUEST|NLM_F_ACK|0x600, nlmsg_seq=0, nlmsg_pid=0}}], 4096, 0, NULL, NULL) = 36
[pid  5095] <... sendto resumed>)       = 32
[pid  5089] <... sendto resumed>)       = 40
[pid  5096] sendto(3, [{nlmsg_len=100, nlmsg_type=0x10 /* NLMSG_??? */, nlmsg_flags=NLM_F_REQUEST|NLM_F_ACK|0x600, nlmsg_seq=0, nlmsg_pid=0}, "\x00\x00\x00\x00\x00\x00\x00\x00\x00\x00\x00\x00\x00\x00\x00\x00\x0f\x00\x03\x00\x68\x73\x72\x5f\x73\x6c\x61\x76\x65\x5f\x31\x00\x34\x00\x12\x00\x08\x00\x01\x00\x76\x65\x74\x68\x28\x00\x02\x00\x24\x00\x01\x00\x00\x00\x00\x00\x00\x00\x00\x00\x00\x00\x00\x00\x00\x00\x00\x00\x10\x00\x03\x00\x76\x65\x74\x68\x31\x5f\x74\x6f\x5f\x68\x73\x72"], 100, 0, {sa_family=AF_NETLINK, nl_pid=0, nl_groups=00000000}, 12 <unfinished ...>
[pid  5095] recvfrom(3, [{nlmsg_len=36, nlmsg_type=NLMSG_ERROR, nlmsg_flags=NLM_F_CAPPED, nlmsg_seq=0, nlmsg_pid=1}, {error=0, msg={nlmsg_len=32, nlmsg_type=0x10 /* NLMSG_??? */, nlmsg_flags=NLM_F_REQUEST|NLM_F_ACK, nlmsg_seq=0, nlmsg_pid=0}}], 4096, 0, NULL, NULL) = 36
[pid  5095] socket(AF_UNIX, SOCK_DGRAM|SOCK_CLOEXEC, 0) = 4
[pid  5089] recvfrom(3,  <unfinished ...>
[pid  5095] ioctl(4, SIOCGIFINDEX, {ifr_name="bridge_slave_1", ifr_ifindex=30}) = 0
[pid  5089] <... recvfrom resumed>[{nlmsg_len=36, nlmsg_type=NLMSG_ERROR, nlmsg_flags=NLM_F_CAPPED, nlmsg_seq=0, nlmsg_pid=1}, {error=0, msg={nlmsg_len=40, nlmsg_type=0x10 /* NLMSG_??? */, nlmsg_flags=NLM_F_REQUEST|NLM_F_ACK, nlmsg_seq=0, nlmsg_pid=0}}], 4096, 0, NULL, NULL) = 36
[pid  5095] close(4 <unfinished ...>
[   80.966076][ T5089] batman_adv: batadv0: Adding interface: batadv_slave_0
[   80.973374][ T5089] batman_adv: batadv0: The MTU of interface batadv_slave_0 is too small (1500) to handle the transport of batman-adv packets. Packets going over this interface will be fragmented on layer2 which could impact the performance. Setting the MTU to 1560 would solve the problem.
[   81.000400][ T5089] batman_adv: batadv0: Not using interface batadv_slave_0 (retrying later): interface not active
[pid  5094] <... sendto resumed>)       = 68
[pid  5095] <... close resumed>)        = 0
[pid  5089] socket(AF_UNIX, SOCK_DGRAM|SOCK_CLOEXEC, 0 <unfinished ...>
[pid  5095] sendto(3, [{nlmsg_len=32, nlmsg_type=0x10 /* NLMSG_??? */, nlmsg_flags=NLM_F_REQUEST|NLM_F_ACK, nlmsg_seq=0, nlmsg_pid=0}, "\x00\x00\x00\x00\x1e\x00\x00\x00\x01\x00\x00\x00\x01\x00\x00\x00"], 32, 0, {sa_family=AF_NETLINK, nl_pid=0, nl_groups=00000000}, 12 <unfinished ...>
[pid  5094] recvfrom(3,  <unfinished ...>
[pid  5089] <... socket resumed>)       = 4
[pid  5094] <... recvfrom resumed>[{nlmsg_len=36, nlmsg_type=NLMSG_ERROR, nlmsg_flags=NLM_F_CAPPED, nlmsg_seq=0, nlmsg_pid=1}, {error=0, msg={nlmsg_len=68, nlmsg_type=0x10 /* NLMSG_??? */, nlmsg_flags=NLM_F_REQUEST|NLM_F_ACK|0x600, nlmsg_seq=0, nlmsg_pid=0}}], 4096, 0, NULL, NULL) = 36
[pid  5089] ioctl(4, SIOCGIFINDEX, {ifr_name="batadv_slave_1" <unfinished ...>
[pid  5094] socket(AF_UNIX, SOCK_DGRAM|SOCK_CLOEXEC, 0) = 4
[pid  5089] <... ioctl resumed>, ifr_ifindex=42}) = 0
[pid  5094] ioctl(4, SIOCGIFINDEX, {ifr_name="bridge_slave_0", ifr_ifindex=28}) = 0
[pid  5089] close(4)                    = 0
[pid  5094] close(4)                    = 0
[pid  5089] socket(AF_UNIX, SOCK_DGRAM|SOCK_CLOEXEC, 0 <unfinished ...>
[pid  5094] sendto(3, [{nlmsg_len=32, nlmsg_type=0x10 /* NLMSG_??? */, nlmsg_flags=NLM_F_REQUEST|NLM_F_ACK, nlmsg_seq=0, nlmsg_pid=0}, "\x00\x00\x00\x00\x1c\x00\x00\x00\x01\x00\x00\x00\x01\x00\x00\x00"], 32, 0, {sa_family=AF_NETLINK, nl_pid=0, nl_groups=00000000}, 12 <unfinished ...>
[pid  5089] <... socket resumed>)       = 4
[pid  5092] <... sendto resumed>)       = 40
[pid  5089] ioctl(4, SIOCGIFINDEX, {ifr_name="batadv0", ifr_ifindex=19}) = 0
[pid  5092] recvfrom(3,  <unfinished ...>
[pid  5091] <... sendto resumed>)       = 32
[pid  5089] close(4 <unfinished ...>
[pid  5092] <... recvfrom resumed>[{nlmsg_len=36, nlmsg_type=NLMSG_ERROR, nlmsg_flags=NLM_F_CAPPED, nlmsg_seq=0, nlmsg_pid=1}, {error=0, msg={nlmsg_len=40, nlmsg_type=0x10 /* NLMSG_??? */, nlmsg_flags=NLM_F_REQUEST|NLM_F_ACK, nlmsg_seq=0, nlmsg_pid=0}}], 4096, 0, NULL, NULL) = 36
[pid  5091] recvfrom(3,  <unfinished ...>
[pid  5089] <... close resumed>)        = 0
[pid  5092] sendto(3, [{nlmsg_len=68, nlmsg_type=0x10 /* NLMSG_??? */, nlmsg_flags=NLM_F_REQUEST|NLM_F_ACK|0x600, nlmsg_seq=0, nlmsg_pid=0}, "\x00\x00\x00\x00\x00\x00\x00\x00\x01\x00\x00\x00\x01\x00\x00\x00\x09\x00\x03\x00\x78\x66\x72\x6d\x30\x00\x00\x00\x18\x00\x12\x00\x08\x00\x01\x00\x78\x66\x72\x6d\x0c\x00\x02\x00\x08\x00\x02\x00\x01\x00\x00\x00"], 68, 0, {sa_family=AF_NETLINK, nl_pid=0, nl_groups=00000000}, 12 <unfinished ...>
[pid  5091] <... recvfrom resumed>[{nlmsg_len=36, nlmsg_type=NLMSG_ERROR, nlmsg_flags=NLM_F_CAPPED, nlmsg_seq=0, nlmsg_pid=1}, {error=0, msg={nlmsg_len=32, nlmsg_type=0x10 /* NLMSG_??? */, nlmsg_flags=NLM_F_REQUEST|NLM_F_ACK, nlmsg_seq=0, nlmsg_pid=0}}], 4096, 0, NULL, NULL) = 36
[   81.028771][ T5092] batman_adv: batadv0: Adding interface: batadv_slave_1
[   81.036413][ T5092] batman_adv: batadv0: The MTU of interface batadv_slave_1 is too small (1500) to handle the transport of batman-adv packets. Packets going over this interface will be fragmented on layer2 which could impact the performance. Setting the MTU to 1560 would solve the problem.
[   81.062866][ T5092] batman_adv: batadv0: Not using interface batadv_slave_1 (retrying later): interface not active
[pid  5089] sendto(3, [{nlmsg_len=40, nlmsg_type=0x10 /* NLMSG_??? */, nlmsg_flags=NLM_F_REQUEST|NLM_F_ACK, nlmsg_seq=0, nlmsg_pid=0}, "\x00\x00\x00\x00\x2a\x00\x00\x00\x00\x00\x00\x00\x00\x00\x00\x00\x08\x00\x0a\x00\x13\x00\x00\x00"], 40, 0, {sa_family=AF_NETLINK, nl_pid=0, nl_groups=00000000}, 12 <unfinished ...>
[pid  5096] <... sendto resumed>)       = 100
[pid  5091] socket(AF_UNIX, SOCK_DGRAM|SOCK_CLOEXEC, 0 <unfinished ...>
[pid  5096] recvfrom(3,  <unfinished ...>
[pid  5091] <... socket resumed>)       = 4
[pid  5096] <... recvfrom resumed>[{nlmsg_len=36, nlmsg_type=NLMSG_ERROR, nlmsg_flags=NLM_F_CAPPED, nlmsg_seq=0, nlmsg_pid=1}, {error=0, msg={nlmsg_len=100, nlmsg_type=0x10 /* NLMSG_??? */, nlmsg_flags=NLM_F_REQUEST|NLM_F_ACK|0x600, nlmsg_seq=0, nlmsg_pid=0}}], 4096, 0, NULL, NULL) = 36
[pid  5091] ioctl(4, SIOCGIFINDEX, {ifr_name="bridge_slave_1" <unfinished ...>
[pid  5096] socket(AF_UNIX, SOCK_DGRAM|SOCK_CLOEXEC, 0 <unfinished ...>
[pid  5091] <... ioctl resumed>, ifr_ifindex=30}) = 0
[pid  5096] <... socket resumed>)       = 4
[pid  5091] close(4 <unfinished ...>
[pid  5096] ioctl(4, SIOCGIFINDEX, {ifr_name="hsr_slave_0" <unfinished ...>
[pid  5091] <... close resumed>)        = 0
[pid  5096] <... ioctl resumed>, ifr_ifindex=45}) = 0
[pid  5091] sendto(3, [{nlmsg_len=32, nlmsg_type=0x10 /* NLMSG_??? */, nlmsg_flags=NLM_F_REQUEST|NLM_F_ACK, nlmsg_seq=0, nlmsg_pid=0}, "\x00\x00\x00\x00\x1e\x00\x00\x00\x01\x00\x00\x00\x01\x00\x00\x00"], 32, 0, {sa_family=AF_NETLINK, nl_pid=0, nl_groups=00000000}, 12 <unfinished ...>
[pid  5096] close(4)                    = 0
[pid  5096] socket(AF_UNIX, SOCK_DGRAM|SOCK_CLOEXEC, 0) = 4
[pid  5096] ioctl(4, SIOCGIFINDEX, {ifr_name="hsr_slave_1", ifr_ifindex=47}) = 0
[pid  5096] close(4)                    = 0
[pid  5096] sendto(3, [{nlmsg_len=72, nlmsg_type=0x10 /* NLMSG_??? */, nlmsg_flags=NLM_F_REQUEST|NLM_F_ACK|0x600, nlmsg_seq=0, nlmsg_pid=0}, "\x00\x00\x00\x00\x00\x00\x00\x00\x00\x00\x00\x00\x00\x00\x00\x00\x08\x00\x03\x00\x68\x73\x72\x30\x20\x00\x12\x00\x07\x00\x01\x00\x68\x73\x72\x00\x14\x00\x02\x00\x08\x00\x01\x00\x2d\x00\x00\x00\x08\x00\x02\x00\x2f\x00\x00\x00"], 72, 0, {sa_family=AF_NETLINK, nl_pid=0, nl_groups=00000000}, 12 <unfinished ...>
[pid  5089] <... sendto resumed>)       = 40
[pid  5095] <... sendto resumed>)       = 32
[pid  5094] <... sendto resumed>)       = 32
[pid  5092] <... sendto resumed>)       = 68
[pid  5091] <... sendto resumed>)       = 32
[pid  5091] recvfrom(3, [{nlmsg_len=36, nlmsg_type=NLMSG_ERROR, nlmsg_flags=NLM_F_CAPPED, nlmsg_seq=0, nlmsg_pid=1}, {error=0, msg={nlmsg_len=32, nlmsg_type=0x10 /* NLMSG_??? */, nlmsg_flags=NLM_F_REQUEST|NLM_F_ACK, nlmsg_seq=0, nlmsg_pid=0}}], 4096, 0, NULL, NULL) = 36
[   81.101487][ T5089] batman_adv: batadv0: Adding interface: batadv_slave_1
[   81.110892][ T5089] batman_adv: batadv0: The MTU of interface batadv_slave_1 is too small (1500) to handle the transport of batman-adv packets. Packets going over this interface will be fragmented on layer2 which could impact the performance. Setting the MTU to 1560 would solve the problem.
[   81.137562][ T5089] batman_adv: batadv0: Not using interface batadv_slave_1 (retrying later): interface not active
[pid  5091] sendto(3, [{nlmsg_len=100, nlmsg_type=0x10 /* NLMSG_??? */, nlmsg_flags=NLM_F_REQUEST|NLM_F_ACK|0x600, nlmsg_seq=0, nlmsg_pid=0}, "\x00\x00\x00\x00\x00\x00\x00\x00\x00\x00\x00\x00\x00\x00\x00\x00\x0f\x00\x03\x00\x68\x73\x72\x5f\x73\x6c\x61\x76\x65\x5f\x30\x00\x34\x00\x12\x00\x08\x00\x01\x00\x76\x65\x74\x68\x28\x00\x02\x00\x24\x00\x01\x00\x00\x00\x00\x00\x00\x00\x00\x00\x00\x00\x00\x00\x00\x00\x00\x00\x10\x00\x03\x00\x76\x65\x74\x68\x30\x5f\x74\x6f\x5f\x68\x73\x72"], 100, 0, {sa_family=AF_NETLINK, nl_pid=0, nl_groups=00000000}, 12 <unfinished ...>
[pid  5095] recvfrom(3,  <unfinished ...>
[pid  5094] recvfrom(3,  <unfinished ...>
[pid  5092] recvfrom(3,  <unfinished ...>
[pid  5089] recvfrom(3,  <unfinished ...>
[pid  5092] <... recvfrom resumed>[{nlmsg_len=36, nlmsg_type=NLMSG_ERROR, nlmsg_flags=NLM_F_CAPPED, nlmsg_seq=0, nlmsg_pid=1}, {error=0, msg={nlmsg_len=68, nlmsg_type=0x10 /* NLMSG_??? */, nlmsg_flags=NLM_F_REQUEST|NLM_F_ACK|0x600, nlmsg_seq=0, nlmsg_pid=0}}], 4096, 0, NULL, NULL) = 36
[pid  5092] socket(AF_UNIX, SOCK_DGRAM|SOCK_CLOEXEC, 0 <unfinished ...>
[pid  5089] <... recvfrom resumed>[{nlmsg_len=36, nlmsg_type=NLMSG_ERROR, nlmsg_flags=NLM_F_CAPPED, nlmsg_seq=0, nlmsg_pid=1}, {error=0, msg={nlmsg_len=40, nlmsg_type=0x10 /* NLMSG_??? */, nlmsg_flags=NLM_F_REQUEST|NLM_F_ACK, nlmsg_seq=0, nlmsg_pid=0}}], 4096, 0, NULL, NULL) = 36
[pid  5095] <... recvfrom resumed>[{nlmsg_len=36, nlmsg_type=NLMSG_ERROR, nlmsg_flags=NLM_F_CAPPED, nlmsg_seq=0, nlmsg_pid=1}, {error=0, msg={nlmsg_len=32, nlmsg_type=0x10 /* NLMSG_??? */, nlmsg_flags=NLM_F_REQUEST|NLM_F_ACK, nlmsg_seq=0, nlmsg_pid=0}}], 4096, 0, NULL, NULL) = 36
[pid  5094] <... recvfrom resumed>[{nlmsg_len=36, nlmsg_type=NLMSG_ERROR, nlmsg_flags=NLM_F_CAPPED, nlmsg_seq=0, nlmsg_pid=1}, {error=0, msg={nlmsg_len=32, nlmsg_type=0x10 /* NLMSG_??? */, nlmsg_flags=NLM_F_REQUEST|NLM_F_ACK, nlmsg_seq=0, nlmsg_pid=0}}], 4096, 0, NULL, NULL) = 36
[pid  5092] <... socket resumed>)       = 4
[pid  5089] sendto(3, [{nlmsg_len=68, nlmsg_type=0x10 /* NLMSG_??? */, nlmsg_flags=NLM_F_REQUEST|NLM_F_ACK|0x600, nlmsg_seq=0, nlmsg_pid=0}, "\x00\x00\x00\x00\x00\x00\x00\x00\x01\x00\x00\x00\x01\x00\x00\x00\x09\x00\x03\x00\x78\x66\x72\x6d\x30\x00\x00\x00\x18\x00\x12\x00\x08\x00\x01\x00\x78\x66\x72\x6d\x0c\x00\x02\x00\x08\x00\x02\x00\x01\x00\x00\x00"], 68, 0, {sa_family=AF_NETLINK, nl_pid=0, nl_groups=00000000}, 12 <unfinished ...>
[pid  5096] <... sendto resumed>)       = 72
[pid  5095] sendto(3, [{nlmsg_len=100, nlmsg_type=0x10 /* NLMSG_??? */, nlmsg_flags=NLM_F_REQUEST|NLM_F_ACK|0x600, nlmsg_seq=0, nlmsg_pid=0}, "\x00\x00\x00\x00\x00\x00\x00\x00\x00\x00\x00\x00\x00\x00\x00\x00\x0f\x00\x03\x00\x68\x73\x72\x5f\x73\x6c\x61\x76\x65\x5f\x30\x00\x34\x00\x12\x00\x08\x00\x01\x00\x76\x65\x74\x68\x28\x00\x02\x00\x24\x00\x01\x00\x00\x00\x00\x00\x00\x00\x00\x00\x00\x00\x00\x00\x00\x00\x00\x00\x10\x00\x03\x00\x76\x65\x74\x68\x30\x5f\x74\x6f\x5f\x68\x73\x72"], 100, 0, {sa_family=AF_NETLINK, nl_pid=0, nl_groups=00000000}, 12 <unfinished ...>
[pid  5094] socket(AF_UNIX, SOCK_DGRAM|SOCK_CLOEXEC, 0 <unfinished ...>
[pid  5092] ioctl(4, SIOCGIFINDEX, {ifr_name="bridge_slave_0" <unfinished ...>
[pid  5096] recvfrom(3,  <unfinished ...>
[pid  5094] <... socket resumed>)       = 4
[pid  5092] <... ioctl resumed>, ifr_ifindex=28}) = 0
[pid  5096] <... recvfrom resumed>[{nlmsg_len=36, nlmsg_type=NLMSG_ERROR, nlmsg_flags=NLM_F_CAPPED, nlmsg_seq=0, nlmsg_pid=1}, {error=0, msg={nlmsg_len=72, nlmsg_type=0x10 /* NLMSG_??? */, nlmsg_flags=NLM_F_REQUEST|NLM_F_ACK|0x600, nlmsg_seq=0, nlmsg_pid=0}}], 4096, 0, NULL, NULL) = 36
[pid  5094] ioctl(4, SIOCGIFINDEX, {ifr_name="bridge_slave_1" <unfinished ...>
[pid  5092] close(4 <unfinished ...>
[pid  5094] <... ioctl resumed>, ifr_ifindex=30}) = 0
[pid  5092] <... close resumed>)        = 0
[pid  5096] socket(AF_UNIX, SOCK_DGRAM|SOCK_CLOEXEC, 0 <unfinished ...>
[pid  5094] close(4 <unfinished ...>
[pid  5092] sendto(3, [{nlmsg_len=32, nlmsg_type=0x10 /* NLMSG_??? */, nlmsg_flags=NLM_F_REQUEST|NLM_F_ACK, nlmsg_seq=0, nlmsg_pid=0}, "\x00\x00\x00\x00\x1c\x00\x00\x00\x01\x00\x00\x00\x01\x00\x00\x00"], 32, 0, {sa_family=AF_NETLINK, nl_pid=0, nl_groups=00000000}, 12 <unfinished ...>
[pid  5096] <... socket resumed>)       = 4
[pid  5094] <... close resumed>)        = 0
[pid  5094] sendto(3, [{nlmsg_len=32, nlmsg_type=0x10 /* NLMSG_??? */, nlmsg_flags=NLM_F_REQUEST|NLM_F_ACK, nlmsg_seq=0, nlmsg_pid=0}, "\x00\x00\x00\x00\x1e\x00\x00\x00\x01\x00\x00\x00\x01\x00\x00\x00"], 32, 0, {sa_family=AF_NETLINK, nl_pid=0, nl_groups=00000000}, 12 <unfinished ...>
[pid  5096] ioctl(4, SIOCGIFINDEX, {ifr_name="hsr_slave_0", ifr_ifindex=45}) = 0
[pid  5091] <... sendto resumed>)       = 100
[pid  5096] close(4 <unfinished ...>
[pid  5091] recvfrom(3,  <unfinished ...>
[pid  5096] <... close resumed>)        = 0
[pid  5091] <... recvfrom resumed>[{nlmsg_len=36, nlmsg_type=NLMSG_ERROR, nlmsg_flags=NLM_F_CAPPED, nlmsg_seq=0, nlmsg_pid=1}, {error=0, msg={nlmsg_len=100, nlmsg_type=0x10 /* NLMSG_??? */, nlmsg_flags=NLM_F_REQUEST|NLM_F_ACK|0x600, nlmsg_seq=0, nlmsg_pid=0}}], 4096, 0, NULL, NULL) = 36
[pid  5096] sendto(3, [{nlmsg_len=32, nlmsg_type=0x10 /* NLMSG_??? */, nlmsg_flags=NLM_F_REQUEST|NLM_F_ACK, nlmsg_seq=0, nlmsg_pid=0}, "\x00\x00\x00\x00\x2d\x00\x00\x00\x01\x00\x00\x00\x01\x00\x00\x00"], 32, 0, {sa_family=AF_NETLINK, nl_pid=0, nl_groups=00000000}, 12 <unfinished ...>
[pid  5091] sendto(3, [{nlmsg_len=100, nlmsg_type=0x10 /* NLMSG_??? */, nlmsg_flags=NLM_F_REQUEST|NLM_F_ACK|0x600, nlmsg_seq=0, nlmsg_pid=0}, "\x00\x00\x00\x00\x00\x00\x00\x00\x00\x00\x00\x00\x00\x00\x00\x00\x0f\x00\x03\x00\x68\x73\x72\x5f\x73\x6c\x61\x76\x65\x5f\x31\x00\x34\x00\x12\x00\x08\x00\x01\x00\x76\x65\x74\x68\x28\x00\x02\x00\x24\x00\x01\x00\x00\x00\x00\x00\x00\x00\x00\x00\x00\x00\x00\x00\x00\x00\x00\x00\x10\x00\x03\x00\x76\x65\x74\x68\x31\x5f\x74\x6f\x5f\x68\x73\x72"], 100, 0, {sa_family=AF_NETLINK, nl_pid=0, nl_groups=00000000}, 12 <unfinished ...>
[pid  5089] <... sendto resumed>)       = 68
[   81.167420][ T5096] hsr_slave_0: entered promiscuous mode
[   81.174622][ T5096] hsr_slave_1: entered promiscuous mode
[pid  5089] recvfrom(3, [{nlmsg_len=36, nlmsg_type=NLMSG_ERROR, nlmsg_flags=NLM_F_CAPPED, nlmsg_seq=0, nlmsg_pid=1}, {error=0, msg={nlmsg_len=68, nlmsg_type=0x10 /* NLMSG_??? */, nlmsg_flags=NLM_F_REQUEST|NLM_F_ACK|0x600, nlmsg_seq=0, nlmsg_pid=0}}], 4096, 0, NULL, NULL) = 36
[pid  5095] <... sendto resumed>)       = 100
[pid  5094] <... sendto resumed>)       = 32
[pid  5092] <... sendto resumed>)       = 32
[pid  5089] socket(AF_UNIX, SOCK_DGRAM|SOCK_CLOEXEC, 0 <unfinished ...>
[pid  5094] recvfrom(3,  <unfinished ...>
[pid  5089] <... socket resumed>)       = 4
[pid  5096] <... sendto resumed>)       = 32
[pid  5094] <... recvfrom resumed>[{nlmsg_len=36, nlmsg_type=NLMSG_ERROR, nlmsg_flags=NLM_F_CAPPED, nlmsg_seq=0, nlmsg_pid=1}, {error=0, msg={nlmsg_len=32, nlmsg_type=0x10 /* NLMSG_??? */, nlmsg_flags=NLM_F_REQUEST|NLM_F_ACK, nlmsg_seq=0, nlmsg_pid=0}}], 4096, 0, NULL, NULL) = 36
[pid  5092] recvfrom(3,  <unfinished ...>
[pid  5089] ioctl(4, SIOCGIFINDEX, {ifr_name="bridge_slave_0" <unfinished ...>
[pid  5096] recvfrom(3,  <unfinished ...>
[pid  5095] recvfrom(3,  <unfinished ...>
