[pid  5095] sendto(3, [{nlmsg_len=84, nlmsg_type=0x10 /* NLMSG_??? */, nlmsg_flags=NLM_F_REQUEST|NLM_F_ACK|0x600, nlmsg_seq=0, nlmsg_pid=0}, "\x00\x00\x00\x00\x00\x00\x00\x00\x00\x00\x00\x00\x00\x00\x00\x00\x09\x00\x03\x00\x76\x6c\x61\x6e\x30\x00\x00\x00\x20\x00\x12\x00\x08\x00\x01\x00\x76\x6c\x61\x6e\x14\x00\x02\x00\x06\x00\x01\x00\x00\x00\x00\x00\x06\x00\x05\x00\x81\x00\x00\x00\x08\x00\x05\x00\x35\x00\x00\x00"], 84, 0, {sa_family=AF_NETLINK, nl_pid=0, nl_groups=00000000}, 12 <unfinished ...>
[pid  5092] socket(AF_UNIX, SOCK_DGRAM|SOCK_CLOEXEC, 0) = 4
[pid  5092] ioctl(4, SIOCGIFINDEX, {ifr_name="veth0_vlan" <unfinished ...>
[pid  5096] <... socket resumed>)       = 4
[pid  5091] <... sendto resumed>)       = 84
[pid  5089] <... sendto resumed>)       = 32
[pid  5096] ioctl(4, SIOCGIFINDEX, {ifr_name="veth0_vlan", ifr_ifindex=53}) = 0
[pid  5094] <... sendto resumed>)       = 84
[pid  5092] <... ioctl resumed>, ifr_ifindex=53}) = 0
[pid  5091] recvfrom(3,  <unfinished ...>
[pid  5089] recvfrom(3,  <unfinished ...>
[pid  5096] close(4 <unfinished ...>
[pid  5094] recvfrom(3,  <unfinished ...>
[pid  5091] <... recvfrom resumed>[{nlmsg_len=36, nlmsg_type=NLMSG_ERROR, nlmsg_flags=NLM_F_CAPPED, nlmsg_seq=0, nlmsg_pid=1}, {error=0, msg={nlmsg_len=84, nlmsg_type=0x10 /* NLMSG_??? */, nlmsg_flags=NLM_F_REQUEST|NLM_F_ACK|0x600, nlmsg_seq=0, nlmsg_pid=0}}], 4096, 0, NULL, NULL) = 36
[pid  5096] <... close resumed>)        = 0
[pid  5094] <... recvfrom resumed>[{nlmsg_len=36, nlmsg_type=NLMSG_ERROR, nlmsg_flags=NLM_F_CAPPED, nlmsg_seq=0, nlmsg_pid=1}, {error=0, msg={nlmsg_len=84, nlmsg_type=0x10 /* NLMSG_??? */, nlmsg_flags=NLM_F_REQUEST|NLM_F_ACK|0x600, nlmsg_seq=0, nlmsg_pid=0}}], 4096, 0, NULL, NULL) = 36
[pid  5091] socket(AF_UNIX, SOCK_DGRAM|SOCK_CLOEXEC, 0 <unfinished ...>
[pid  5096] sendto(3, [{nlmsg_len=88, nlmsg_type=0x10 /* NLMSG_??? */, nlmsg_flags=NLM_F_REQUEST|NLM_F_ACK|0x600, nlmsg_seq=0, nlmsg_pid=0}, "\x00\x00\x00\x00\x00\x00\x00\x00\x00\x00\x00\x00\x00\x00\x00\x00\x0b\x00\x03\x00\x69\x70\x76\x6c\x61\x6e\x30\x00\x24\x00\x12\x00\x0a\x00\x01\x00\x69\x70\x76\x6c\x61\x6e\x00\x00\x14\x00\x02\x00\x06\x00\x01\x00\x00\x00\x00\x00\x06\x00\x02\x00\x00\x00\x00\x00\x08\x00\x05\x00\x35\x00\x00\x00"], 88, 0, {sa_family=AF_NETLINK, nl_pid=0, nl_groups=00000000}, 12 <unfinished ...>
[pid  5094] socket(AF_UNIX, SOCK_DGRAM|SOCK_CLOEXEC, 0 <unfinished ...>
[pid  5092] close(4 <unfinished ...>
[pid  5091] <... socket resumed>)       = 4
[pid  5089] <... recvfrom resumed>[{nlmsg_len=36, nlmsg_type=NLMSG_ERROR, nlmsg_flags=NLM_F_CAPPED, nlmsg_seq=0, nlmsg_pid=1}, {error=0, msg={nlmsg_len=32, nlmsg_type=0x10 /* NLMSG_??? */, nlmsg_flags=NLM_F_REQUEST|NLM_F_ACK, nlmsg_seq=0, nlmsg_pid=0}}], 4096, 0, NULL, NULL) = 36
[pid  5095] <... sendto resumed>)       = 84
[pid  5094] <... socket resumed>)       = 4
[pid  5091] ioctl(4, SIOCGIFINDEX, {ifr_name="veth1_vlan" <unfinished ...>
[pid  5095] recvfrom(3,  <unfinished ...>
[pid  5094] ioctl(4, SIOCGIFINDEX, {ifr_name="veth0_vlan" <unfinished ...>
[pid  5092] <... close resumed>)        = 0
[pid  5091] <... ioctl resumed>, ifr_ifindex=52}) = 0
[pid  5089] sendto(3, [{nlmsg_len=108, nlmsg_type=0x10 /* NLMSG_??? */, nlmsg_flags=NLM_F_REQUEST|NLM_F_ACK|0x600, nlmsg_seq=0, nlmsg_pid=0}, "\x00\x00\x00\x00\x00\x00\x00\x00\x00\x00\x00\x00\x00\x00\x00\x00\x13\x00\x03\x00\x76\x65\x74\x68\x30\x5f\x76\x69\x72\x74\x5f\x77\x69\x66\x69\x00\x38\x00\x12\x00\x08\x00\x01\x00\x76\x65\x74\x68\x2c\x00\x02\x00\x28\x00\x01\x00\x00\x00\x00\x00\x00\x00\x00\x00\x00\x00\x00\x00\x00\x00\x00\x00\x13\x00\x03\x00\x76\x65\x74\x68\x31\x5f\x76\x69\x72\x74\x5f\x77\x69\x66\x69\x00"], 108, 0, {sa_family=AF_NETLINK, nl_pid=0, nl_groups=00000000}, 12 <unfinished ...>
[pid  5095] <... recvfrom resumed>[{nlmsg_len=36, nlmsg_type=NLMSG_ERROR, nlmsg_flags=NLM_F_CAPPED, nlmsg_seq=0, nlmsg_pid=1}, {error=0, msg={nlmsg_len=84, nlmsg_type=0x10 /* NLMSG_??? */, nlmsg_flags=NLM_F_REQUEST|NLM_F_ACK|0x600, nlmsg_seq=0, nlmsg_pid=0}}], 4096, 0, NULL, NULL) = 36
[pid  5094] <... ioctl resumed>, ifr_ifindex=53}) = 0
[pid  5092] sendto(3, [{nlmsg_len=84, nlmsg_type=0x10 /* NLMSG_??? */, nlmsg_flags=NLM_F_REQUEST|NLM_F_ACK|0x600, nlmsg_seq=0, nlmsg_pid=0}, "\x00\x00\x00\x00\x00\x00\x00\x00\x00\x00\x00\x00\x00\x00\x00\x00\x09\x00\x03\x00\x76\x6c\x61\x6e\x30\x00\x00\x00\x20\x00\x12\x00\x08\x00\x01\x00\x76\x6c\x61\x6e\x14\x00\x02\x00\x06\x00\x01\x00\x00\x00\x00\x00\x06\x00\x05\x00\x81\x00\x00\x00\x08\x00\x05\x00\x35\x00\x00\x00"], 84, 0, {sa_family=AF_NETLINK, nl_pid=0, nl_groups=00000000}, 12 <unfinished ...>
[pid  5091] close(4 <unfinished ...>
[pid  5095] socket(AF_UNIX, SOCK_DGRAM|SOCK_CLOEXEC, 0 <unfinished ...>
[pid  5094] close(4 <unfinished ...>
[pid  5091] <... close resumed>)        = 0
[pid  5095] <... socket resumed>)       = 4
[pid  5094] <... close resumed>)        = 0
[pid  5091] sendto(3, [{nlmsg_len=80, nlmsg_type=0x10 /* NLMSG_??? */, nlmsg_flags=NLM_F_REQUEST|NLM_F_ACK|0x600, nlmsg_seq=0, nlmsg_pid=0}, "\x00\x00\x00\x00\x00\x00\x00\x00\x00\x00\x00\x00\x00\x00\x00\x00\x0c\x00\x03\x00\x6d\x61\x63\x76\x6c\x61\x6e\x30\x1c\x00\x12\x00\x0b\x00\x01\x00\x6d\x61\x63\x76\x6c\x61\x6e\x00\x0c\x00\x02\x00\x08\x00\x01\x00\x04\x00\x00\x00\x08\x00\x05\x00\x34\x00\x00\x00"], 80, 0, {sa_family=AF_NETLINK, nl_pid=0, nl_groups=00000000}, 12 <unfinished ...>
[pid  5095] ioctl(4, SIOCGIFINDEX, {ifr_name="veth0_vlan" <unfinished ...>
[pid  5094] sendto(3, [{nlmsg_len=84, nlmsg_type=0x10 /* NLMSG_??? */, nlmsg_flags=NLM_F_REQUEST|NLM_F_ACK|0x600, nlmsg_seq=0, nlmsg_pid=0}, "\x00\x00\x00\x00\x00\x00\x00\x00\x00\x00\x00\x00\x00\x00\x00\x00\x09\x00\x03\x00\x76\x6c\x61\x6e\x31\x00\x00\x00\x20\x00\x12\x00\x08\x00\x01\x00\x76\x6c\x61\x6e\x14\x00\x02\x00\x06\x00\x01\x00\x01\x00\x00\x00\x06\x00\x05\x00\x88\xa8\x00\x00\x08\x00\x05\x00\x35\x00\x00\x00"], 84, 0, {sa_family=AF_NETLINK, nl_pid=0, nl_groups=00000000}, 12 <unfinished ...>
[pid  5095] <... ioctl resumed>, ifr_ifindex=53}) = 0
[pid  5096] <... sendto resumed>)       = 88
[pid  5095] close(4 <unfinished ...>
[pid  5096] recvfrom(3,  <unfinished ...>
[pid  5092] <... sendto resumed>)       = 84
[pid  5089] <... sendto resumed>)       = 108
[pid  5092] recvfrom(3, [{nlmsg_len=36, nlmsg_type=NLMSG_ERROR, nlmsg_flags=NLM_F_CAPPED, nlmsg_seq=0, nlmsg_pid=1}, {error=0, msg={nlmsg_len=84, nlmsg_type=0x10 /* NLMSG_??? */, nlmsg_flags=NLM_F_REQUEST|NLM_F_ACK|0x600, nlmsg_seq=0, nlmsg_pid=0}}], 4096, 0, NULL, NULL) = 36
[pid  5096] <... recvfrom resumed>[{nlmsg_len=36, nlmsg_type=NLMSG_ERROR, nlmsg_flags=NLM_F_CAPPED, nlmsg_seq=0, nlmsg_pid=1}, {error=0, msg={nlmsg_len=88, nlmsg_type=0x10 /* NLMSG_??? */, nlmsg_flags=NLM_F_REQUEST|NLM_F_ACK|0x600, nlmsg_seq=0, nlmsg_pid=0}}], 4096, 0, NULL, NULL) = 36
[pid  5095] <... close resumed>)        = 0
[pid  5089] recvfrom(3,  <unfinished ...>
[pid  5092] socket(AF_UNIX, SOCK_DGRAM|SOCK_CLOEXEC, 0 <unfinished ...>
[pid  5096] socket(AF_UNIX, SOCK_DGRAM|SOCK_CLOEXEC, 0 <unfinished ...>
[pid  5095] sendto(3, [{nlmsg_len=84, nlmsg_type=0x10 /* NLMSG_??? */, nlmsg_flags=NLM_F_REQUEST|NLM_F_ACK|0x600, nlmsg_seq=0, nlmsg_pid=0}, "\x00\x00\x00\x00\x00\x00\x00\x00\x00\x00\x00\x00\x00\x00\x00\x00\x09\x00\x03\x00\x76\x6c\x61\x6e\x31\x00\x00\x00\x20\x00\x12\x00\x08\x00\x01\x00\x76\x6c\x61\x6e\x14\x00\x02\x00\x06\x00\x01\x00\x01\x00\x00\x00\x06\x00\x05\x00\x88\xa8\x00\x00\x08\x00\x05\x00\x35\x00\x00\x00"], 84, 0, {sa_family=AF_NETLINK, nl_pid=0, nl_groups=00000000}, 12 <unfinished ...>
[pid  5092] <... socket resumed>)       = 4
[pid  5089] <... recvfrom resumed>[{nlmsg_len=36, nlmsg_type=NLMSG_ERROR, nlmsg_flags=NLM_F_CAPPED, nlmsg_seq=0, nlmsg_pid=1}, {error=0, msg={nlmsg_len=108, nlmsg_type=0x10 /* NLMSG_??? */, nlmsg_flags=NLM_F_REQUEST|NLM_F_ACK|0x600, nlmsg_seq=0, nlmsg_pid=0}}], 4096, 0, NULL, NULL) = 36
[pid  5096] <... socket resumed>)       = 4
[pid  5092] ioctl(4, SIOCGIFINDEX, {ifr_name="veth0_vlan" <unfinished ...>
[pid  5089] socket(AF_UNIX, SOCK_DGRAM|SOCK_CLOEXEC, 0 <unfinished ...>
[pid  5092] <... ioctl resumed>, ifr_ifindex=53}) = 0
[pid  5092] close(4 <unfinished ...>
[pid  5096] ioctl(4, SIOCGIFINDEX, {ifr_name="veth0_vlan" <unfinished ...>
[pid  5094] <... sendto resumed>)       = 84
[pid  5092] <... close resumed>)        = 0
[pid  5091] <... sendto resumed>)       = 80
[pid  5089] <... socket resumed>)       = 4
[pid  5092] sendto(3, [{nlmsg_len=84, nlmsg_type=0x10 /* NLMSG_??? */, nlmsg_flags=NLM_F_REQUEST|NLM_F_ACK|0x600, nlmsg_seq=0, nlmsg_pid=0}, "\x00\x00\x00\x00\x00\x00\x00\x00\x00\x00\x00\x00\x00\x00\x00\x00\x09\x00\x03\x00\x76\x6c\x61\x6e\x31\x00\x00\x00\x20\x00\x12\x00\x08\x00\x01\x00\x76\x6c\x61\x6e\x14\x00\x02\x00\x06\x00\x01\x00\x01\x00\x00\x00\x06\x00\x05\x00\x88\xa8\x00\x00\x08\x00\x05\x00\x35\x00\x00\x00"], 84, 0, {sa_family=AF_NETLINK, nl_pid=0, nl_groups=00000000}, 12 <unfinished ...>
[pid  5089] ioctl(4, SIOCGIFINDEX, {ifr_name="veth1_virt_wifi" <unfinished ...>
[pid  5096] <... ioctl resumed>, ifr_ifindex=53}) = 0
[pid  5094] recvfrom(3,  <unfinished ...>
[pid  5091] recvfrom(3,  <unfinished ...>
[pid  5096] close(4 <unfinished ...>
[pid  5089] <... ioctl resumed>, ifr_ifindex=49}) = 0
[pid  5094] <... recvfrom resumed>[{nlmsg_len=36, nlmsg_type=NLMSG_ERROR, nlmsg_flags=NLM_F_CAPPED, nlmsg_seq=0, nlmsg_pid=1}, {error=0, msg={nlmsg_len=84, nlmsg_type=0x10 /* NLMSG_??? */, nlmsg_flags=NLM_F_REQUEST|NLM_F_ACK|0x600, nlmsg_seq=0, nlmsg_pid=0}}], 4096, 0, NULL, NULL) = 36
[pid  5091] <... recvfrom resumed>[{nlmsg_len=36, nlmsg_type=NLMSG_ERROR, nlmsg_flags=NLM_F_CAPPED, nlmsg_seq=0, nlmsg_pid=1}, {error=0, msg={nlmsg_len=80, nlmsg_type=0x10 /* NLMSG_??? */, nlmsg_flags=NLM_F_REQUEST|NLM_F_ACK|0x600, nlmsg_seq=0, nlmsg_pid=0}}], 4096, 0, NULL, NULL) = 36
[pid  5096] <... close resumed>)        = 0
[pid  5094] socket(AF_UNIX, SOCK_DGRAM|SOCK_CLOEXEC, 0 <unfinished ...>
[pid  5089] close(4 <unfinished ...>
[pid  5091] socket(AF_UNIX, SOCK_DGRAM|SOCK_CLOEXEC, 0 <unfinished ...>
[pid  5096] sendto(3, [{nlmsg_len=88, nlmsg_type=0x10 /* NLMSG_??? */, nlmsg_flags=NLM_F_REQUEST|NLM_F_ACK|0x600, nlmsg_seq=0, nlmsg_pid=0}, "\x00\x00\x00\x00\x00\x00\x00\x00\x00\x00\x00\x00\x00\x00\x00\x00\x0b\x00\x03\x00\x69\x70\x76\x6c\x61\x6e\x31\x00\x24\x00\x12\x00\x0a\x00\x01\x00\x69\x70\x76\x6c\x61\x6e\x00\x00\x14\x00\x02\x00\x06\x00\x01\x00\x02\x00\x00\x00\x06\x00\x02\x00\x02\x00\x00\x00\x08\x00\x05\x00\x35\x00\x00\x00"], 88, 0, {sa_family=AF_NETLINK, nl_pid=0, nl_groups=00000000}, 12 <unfinished ...>
[pid  5094] <... socket resumed>)       = 4
[pid  5091] <... socket resumed>)       = 4
[pid  5089] <... close resumed>)        = 0
[pid  5092] <... sendto resumed>)       = 84
[pid  5091] ioctl(4, SIOCGIFINDEX, {ifr_name="veth1_vlan" <unfinished ...>
[pid  5089] sendto(3, [{nlmsg_len=76, nlmsg_type=0x10 /* NLMSG_??? */, nlmsg_flags=NLM_F_REQUEST|NLM_F_ACK|0x600, nlmsg_seq=0, nlmsg_pid=0}, "\x00\x00\x00\x00\x00\x00\x00\x00\x00\x00\x00\x00\x00\x00\x00\x00\x0e\x00\x03\x00\x76\x69\x72\x74\x5f\x77\x69\x66\x69\x30\x00\x00\x14\x00\x12\x00\x0d\x00\x01\x00\x76\x69\x72\x74\x5f\x77\x69\x66\x69\x00\x00\x00\x08\x00\x05\x00\x31\x00\x00\x00"], 76, 0, {sa_family=AF_NETLINK, nl_pid=0, nl_groups=00000000}, 12 <unfinished ...>
[pid  5094] ioctl(4, SIOCGIFINDEX, {ifr_name="veth1_vlan" <unfinished ...>
[pid  5092] recvfrom(3,  <unfinished ...>
[pid  5091] <... ioctl resumed>, ifr_ifindex=52}) = 0
[pid  5094] <... ioctl resumed>, ifr_ifindex=52}) = 0
[pid  5092] <... recvfrom resumed>[{nlmsg_len=36, nlmsg_type=NLMSG_ERROR, nlmsg_flags=NLM_F_CAPPED, nlmsg_seq=0, nlmsg_pid=1}, {error=0, msg={nlmsg_len=84, nlmsg_type=0x10 /* NLMSG_??? */, nlmsg_flags=NLM_F_REQUEST|NLM_F_ACK|0x600, nlmsg_seq=0, nlmsg_pid=0}}], 4096, 0, NULL, NULL) = 36
[pid  5091] close(4 <unfinished ...>
[pid  5095] <... sendto resumed>)       = 84
[pid  5094] close(4 <unfinished ...>
[pid  5092] socket(AF_UNIX, SOCK_DGRAM|SOCK_CLOEXEC, 0 <unfinished ...>
[pid  5091] <... close resumed>)        = 0
[pid  5094] <... close resumed>)        = 0
[pid  5092] <... socket resumed>)       = 4
[pid  5091] sendto(3, [{nlmsg_len=80, nlmsg_type=0x10 /* NLMSG_??? */, nlmsg_flags=NLM_F_REQUEST|NLM_F_ACK|0x600, nlmsg_seq=0, nlmsg_pid=0}, "\x00\x00\x00\x00\x00\x00\x00\x00\x00\x00\x00\x00\x00\x00\x00\x00\x0c\x00\x03\x00\x6d\x61\x63\x76\x6c\x61\x6e\x31\x1c\x00\x12\x00\x0b\x00\x01\x00\x6d\x61\x63\x76\x6c\x61\x6e\x00\x0c\x00\x02\x00\x08\x00\x01\x00\x04\x00\x00\x00\x08\x00\x05\x00\x34\x00\x00\x00"], 80, 0, {sa_family=AF_NETLINK, nl_pid=0, nl_groups=00000000}, 12 <unfinished ...>
[pid  5095] recvfrom(3,  <unfinished ...>
[pid  5094] sendto(3, [{nlmsg_len=80, nlmsg_type=0x10 /* NLMSG_??? */, nlmsg_flags=NLM_F_REQUEST|NLM_F_ACK|0x600, nlmsg_seq=0, nlmsg_pid=0}, "\x00\x00\x00\x00\x00\x00\x00\x00\x00\x00\x00\x00\x00\x00\x00\x00\x0c\x00\x03\x00\x6d\x61\x63\x76\x6c\x61\x6e\x30\x1c\x00\x12\x00\x0b\x00\x01\x00\x6d\x61\x63\x76\x6c\x61\x6e\x00\x0c\x00\x02\x00\x08\x00\x01\x00\x04\x00\x00\x00\x08\x00\x05\x00\x34\x00\x00\x00"], 80, 0, {sa_family=AF_NETLINK, nl_pid=0, nl_groups=00000000}, 12 <unfinished ...>
[pid  5092] ioctl(4, SIOCGIFINDEX, {ifr_name="veth1_vlan" <unfinished ...>
[pid  5096] <... sendto resumed>)       = 88
[pid  5095] <... recvfrom resumed>[{nlmsg_len=36, nlmsg_type=NLMSG_ERROR, nlmsg_flags=NLM_F_CAPPED, nlmsg_seq=0, nlmsg_pid=1}, {error=0, msg={nlmsg_len=84, nlmsg_type=0x10 /* NLMSG_??? */, nlmsg_flags=NLM_F_REQUEST|NLM_F_ACK|0x600, nlmsg_seq=0, nlmsg_pid=0}}], 4096, 0, NULL, NULL) = 36
[pid  5096] recvfrom(3,  <unfinished ...>
[pid  5092] <... ioctl resumed>, ifr_ifindex=52}) = 0
[pid  5096] <... recvfrom resumed>[{nlmsg_len=36, nlmsg_type=NLMSG_ERROR, nlmsg_flags=NLM_F_CAPPED, nlmsg_seq=0, nlmsg_pid=1}, {error=0, msg={nlmsg_len=88, nlmsg_type=0x10 /* NLMSG_??? */, nlmsg_flags=NLM_F_REQUEST|NLM_F_ACK|0x600, nlmsg_seq=0, nlmsg_pid=0}}], 4096, 0, NULL, NULL) = 36
[pid  5095] socket(AF_UNIX, SOCK_DGRAM|SOCK_CLOEXEC, 0 <unfinished ...>
[pid  5092] close(4 <unfinished ...>
[pid  5089] <... sendto resumed>)       = 76
[pid  5096] sendto(3, [{nlmsg_len=108, nlmsg_type=0x10 /* NLMSG_??? */, nlmsg_flags=NLM_F_REQUEST|NLM_F_ACK|0x600, nlmsg_seq=0, nlmsg_pid=0}, "\x00\x00\x00\x00\x00\x00\x00\x00\x00\x00\x00\x00\x00\x00\x00\x00\x11\x00\x03\x00\x76\x65\x74\x68\x30\x5f\x6d\x61\x63\x76\x74\x61\x70\x00\x00\x00\x38\x00\x12\x00\x08\x00\x01\x00\x76\x65\x74\x68\x2c\x00\x02\x00\x28\x00\x01\x00\x00\x00\x00\x00\x00\x00\x00\x00\x00\x00\x00\x00\x00\x00\x00\x00\x11\x00\x03\x00\x76\x65\x74\x68\x31\x5f\x6d\x61\x63\x76\x74\x61\x70\x00\x00\x00"], 108, 0, {sa_family=AF_NETLINK, nl_pid=0, nl_groups=00000000}, 12 <unfinished ...>
[pid  5095] <... socket resumed>)       = 4
[pid  5092] <... close resumed>)        = 0
[pid  5089] recvfrom(3,  <unfinished ...>
[pid  5092] sendto(3, [{nlmsg_len=80, nlmsg_type=0x10 /* NLMSG_??? */, nlmsg_flags=NLM_F_REQUEST|NLM_F_ACK|0x600, nlmsg_seq=0, nlmsg_pid=0}, "\x00\x00\x00\x00\x00\x00\x00\x00\x00\x00\x00\x00\x00\x00\x00\x00\x0c\x00\x03\x00\x6d\x61\x63\x76\x6c\x61\x6e\x30\x1c\x00\x12\x00\x0b\x00\x01\x00\x6d\x61\x63\x76\x6c\x61\x6e\x00\x0c\x00\x02\x00\x08\x00\x01\x00\x04\x00\x00\x00\x08\x00\x05\x00\x34\x00\x00\x00"], 80, 0, {sa_family=AF_NETLINK, nl_pid=0, nl_groups=00000000}, 12 <unfinished ...>
[pid  5095] ioctl(4, SIOCGIFINDEX, {ifr_name="veth1_vlan" <unfinished ...>
[pid  5091] <... sendto resumed>)       = 80
[pid  5089] <... recvfrom resumed>[{nlmsg_len=36, nlmsg_type=NLMSG_ERROR, nlmsg_flags=NLM_F_CAPPED, nlmsg_seq=0, nlmsg_pid=1}, {error=0, msg={nlmsg_len=76, nlmsg_type=0x10 /* NLMSG_??? */, nlmsg_flags=NLM_F_REQUEST|NLM_F_ACK|0x600, nlmsg_seq=0, nlmsg_pid=0}}], 4096, 0, NULL, NULL) = 36
[pid  5095] <... ioctl resumed>, ifr_ifindex=52}) = 0
[pid  5091] recvfrom(3,  <unfinished ...>
[pid  5089] sendto(3, [{nlmsg_len=100, nlmsg_type=0x10 /* NLMSG_??? */, nlmsg_flags=NLM_F_REQUEST|NLM_F_ACK|0x600, nlmsg_seq=0, nlmsg_pid=0}, "\x00\x00\x00\x00\x00\x00\x00\x00\x00\x00\x00\x00\x00\x00\x00\x00\x0e\x00\x03\x00\x76\x65\x74\x68\x30\x5f\x76\x6c\x61\x6e\x00\x00\x34\x00\x12\x00\x08\x00\x01\x00\x76\x65\x74\x68\x28\x00\x02\x00\x24\x00\x01\x00\x00\x00\x00\x00\x00\x00\x00\x00\x00\x00\x00\x00\x00\x00\x00\x00\x0e\x00\x03\x00\x76\x65\x74\x68\x31\x5f\x76\x6c\x61\x6e\x00\x00"], 100, 0, {sa_family=AF_NETLINK, nl_pid=0, nl_groups=00000000}, 12 <unfinished ...>
[pid  5095] close(4 <unfinished ...>
[pid  5091] <... recvfrom resumed>[{nlmsg_len=36, nlmsg_type=NLMSG_ERROR, nlmsg_flags=NLM_F_CAPPED, nlmsg_seq=0, nlmsg_pid=1}, {error=0, msg={nlmsg_len=80, nlmsg_type=0x10 /* NLMSG_??? */, nlmsg_flags=NLM_F_REQUEST|NLM_F_ACK|0x600, nlmsg_seq=0, nlmsg_pid=0}}], 4096, 0, NULL, NULL) = 36
[pid  5095] <... close resumed>)        = 0
[pid  5092] <... sendto resumed>)       = 80
[pid  5091] socket(AF_UNIX, SOCK_DGRAM|SOCK_CLOEXEC, 0 <unfinished ...>
[pid  5095] sendto(3, [{nlmsg_len=80, nlmsg_type=0x10 /* NLMSG_??? */, nlmsg_flags=NLM_F_REQUEST|NLM_F_ACK|0x600, nlmsg_seq=0, nlmsg_pid=0}, "\x00\x00\x00\x00\x00\x00\x00\x00\x00\x00\x00\x00\x00\x00\x00\x00\x0c\x00\x03\x00\x6d\x61\x63\x76\x6c\x61\x6e\x30\x1c\x00\x12\x00\x0b\x00\x01\x00\x6d\x61\x63\x76\x6c\x61\x6e\x00\x0c\x00\x02\x00\x08\x00\x01\x00\x04\x00\x00\x00\x08\x00\x05\x00\x34\x00\x00\x00"], 80, 0, {sa_family=AF_NETLINK, nl_pid=0, nl_groups=00000000}, 12 <unfinished ...>
[pid  5091] <... socket resumed>)       = 4
[pid  5092] recvfrom(3,  <unfinished ...>
[pid  5091] ioctl(4, SIOCGIFINDEX, {ifr_name="veth0_vlan" <unfinished ...>
[pid  5092] <... recvfrom resumed>[{nlmsg_len=36, nlmsg_type=NLMSG_ERROR, nlmsg_flags=NLM_F_CAPPED, nlmsg_seq=0, nlmsg_pid=1}, {error=0, msg={nlmsg_len=80, nlmsg_type=0x10 /* NLMSG_??? */, nlmsg_flags=NLM_F_REQUEST|NLM_F_ACK|0x600, nlmsg_seq=0, nlmsg_pid=0}}], 4096, 0, NULL, NULL) = 36
[pid  5091] <... ioctl resumed>, ifr_ifindex=53}) = 0
[pid  5092] socket(AF_UNIX, SOCK_DGRAM|SOCK_CLOEXEC, 0 <unfinished ...>
[pid  5091] close(4 <unfinished ...>
[pid  5092] <... socket resumed>)       = 4
[pid  5091] <... close resumed>)        = 0
[pid  5092] ioctl(4, SIOCGIFINDEX, {ifr_name="veth1_vlan" <unfinished ...>
[pid  5094] <... sendto resumed>)       = 80
[pid  5091] sendto(3, [{nlmsg_len=88, nlmsg_type=0x10 /* NLMSG_??? */, nlmsg_flags=NLM_F_REQUEST|NLM_F_ACK|0x600, nlmsg_seq=0, nlmsg_pid=0}, "\x00\x00\x00\x00\x00\x00\x00\x00\x00\x00\x00\x00\x00\x00\x00\x00\x0b\x00\x03\x00\x69\x70\x76\x6c\x61\x6e\x30\x00\x24\x00\x12\x00\x0a\x00\x01\x00\x69\x70\x76\x6c\x61\x6e\x00\x00\x14\x00\x02\x00\x06\x00\x01\x00\x00\x00\x00\x00\x06\x00\x02\x00\x00\x00\x00\x00\x08\x00\x05\x00\x35\x00\x00\x00"], 88, 0, {sa_family=AF_NETLINK, nl_pid=0, nl_groups=00000000}, 12 <unfinished ...>
[pid  5094] recvfrom(3,  <unfinished ...>
[pid  5092] <... ioctl resumed>, ifr_ifindex=52}) = 0
[pid  5094] <... recvfrom resumed>[{nlmsg_len=36, nlmsg_type=NLMSG_ERROR, nlmsg_flags=NLM_F_CAPPED, nlmsg_seq=0, nlmsg_pid=1}, {error=0, msg={nlmsg_len=80, nlmsg_type=0x10 /* NLMSG_??? */, nlmsg_flags=NLM_F_REQUEST|NLM_F_ACK|0x600, nlmsg_seq=0, nlmsg_pid=0}}], 4096, 0, NULL, NULL) = 36
[pid  5092] close(4 <unfinished ...>
[pid  5094] socket(AF_UNIX, SOCK_DGRAM|SOCK_CLOEXEC, 0 <unfinished ...>
[pid  5092] <... close resumed>)        = 0
[pid  5094] <... socket resumed>)       = 4
[pid  5092] sendto(3, [{nlmsg_len=80, nlmsg_type=0x10 /* NLMSG_??? */, nlmsg_flags=NLM_F_REQUEST|NLM_F_ACK|0x600, nlmsg_seq=0, nlmsg_pid=0}, "\x00\x00\x00\x00\x00\x00\x00\x00\x00\x00\x00\x00\x00\x00\x00\x00\x0c\x00\x03\x00\x6d\x61\x63\x76\x6c\x61\x6e\x31\x1c\x00\x12\x00\x0b\x00\x01\x00\x6d\x61\x63\x76\x6c\x61\x6e\x00\x0c\x00\x02\x00\x08\x00\x01\x00\x04\x00\x00\x00\x08\x00\x05\x00\x34\x00\x00\x00"], 80, 0, {sa_family=AF_NETLINK, nl_pid=0, nl_groups=00000000}, 12 <unfinished ...>
[pid  5094] ioctl(4, SIOCGIFINDEX, {ifr_name="veth1_vlan" <unfinished ...>
[pid  5096] <... sendto resumed>)       = 108
[pid  5096] recvfrom(3,  <unfinished ...>
[pid  5094] <... ioctl resumed>, ifr_ifindex=52}) = 0
[pid  5096] <... recvfrom resumed>[{nlmsg_len=36, nlmsg_type=NLMSG_ERROR, nlmsg_flags=NLM_F_CAPPED, nlmsg_seq=0, nlmsg_pid=1}, {error=0, msg={nlmsg_len=108, nlmsg_type=0x10 /* NLMSG_??? */, nlmsg_flags=NLM_F_REQUEST|NLM_F_ACK|0x600, nlmsg_seq=0, nlmsg_pid=0}}], 4096, 0, NULL, NULL) = 36
[pid  5096] socket(AF_UNIX, SOCK_DGRAM|SOCK_CLOEXEC, 0 <unfinished ...>
[pid  5094] close(4 <unfinished ...>
[pid  5096] <... socket resumed>)       = 4
[pid  5096] ioctl(4, SIOCGIFINDEX, {ifr_name="veth0_macvtap" <unfinished ...>
[pid  5094] <... close resumed>)        = 0
[pid  5096] <... ioctl resumed>, ifr_ifindex=61}) = 0
[pid  5094] sendto(3, [{nlmsg_len=80, nlmsg_type=0x10 /* NLMSG_??? */, nlmsg_flags=NLM_F_REQUEST|NLM_F_ACK|0x600, nlmsg_seq=0, nlmsg_pid=0}, "\x00\x00\x00\x00\x00\x00\x00\x00\x00\x00\x00\x00\x00\x00\x00\x00\x0c\x00\x03\x00\x6d\x61\x63\x76\x6c\x61\x6e\x31\x1c\x00\x12\x00\x0b\x00\x01\x00\x6d\x61\x63\x76\x6c\x61\x6e\x00\x0c\x00\x02\x00\x08\x00\x01\x00\x04\x00\x00\x00\x08\x00\x05\x00\x34\x00\x00\x00"], 80, 0, {sa_family=AF_NETLINK, nl_pid=0, nl_groups=00000000}, 12 <unfinished ...>
[pid  5096] close(4)                    = 0
[pid  5096] sendto(3, [{nlmsg_len=68, nlmsg_type=0x10 /* NLMSG_??? */, nlmsg_flags=NLM_F_REQUEST|NLM_F_ACK|0x600, nlmsg_seq=0, nlmsg_pid=0}, "\x00\x00\x00\x00\x00\x00\x00\x00\x00\x00\x00\x00\x00\x00\x00\x00\x0c\x00\x03\x00\x6d\x61\x63\x76\x74\x61\x70\x30\x10\x00\x12\x00\x0b\x00\x01\x00\x6d\x61\x63\x76\x74\x61\x70\x00\x08\x00\x05\x00\x3d\x00\x00\x00"], 68, 0, {sa_family=AF_NETLINK, nl_pid=0, nl_groups=00000000}, 12 <unfinished ...>
[pid  5089] <... sendto resumed>)       = 100
[pid  5089] recvfrom(3, [{nlmsg_len=36, nlmsg_type=NLMSG_ERROR, nlmsg_flags=NLM_F_CAPPED, nlmsg_seq=0, nlmsg_pid=1}, {error=0, msg={nlmsg_len=100, nlmsg_type=0x10 /* NLMSG_??? */, nlmsg_flags=NLM_F_REQUEST|NLM_F_ACK|0x600, nlmsg_seq=0, nlmsg_pid=0}}], 4096, 0, NULL, NULL) = 36
[pid  5089] socket(AF_UNIX, SOCK_DGRAM|SOCK_CLOEXEC, 0) = 4
[pid  5095] <... sendto resumed>)       = 80
[pid  5092] <... sendto resumed>)       = 80
[pid  5091] <... sendto resumed>)       = 88
[pid  5092] recvfrom(3,  <unfinished ...>
[pid  5091] recvfrom(3,  <unfinished ...>
[pid  5092] <... recvfrom resumed>[{nlmsg_len=36, nlmsg_type=NLMSG_ERROR, nlmsg_flags=NLM_F_CAPPED, nlmsg_seq=0, nlmsg_pid=1}, {error=0, msg={nlmsg_len=80, nlmsg_type=0x10 /* NLMSG_??? */, nlmsg_flags=NLM_F_REQUEST|NLM_F_ACK|0x600, nlmsg_seq=0, nlmsg_pid=0}}], 4096, 0, NULL, NULL) = 36
[pid  5091] <... recvfrom resumed>[{nlmsg_len=36, nlmsg_type=NLMSG_ERROR, nlmsg_flags=NLM_F_CAPPED, nlmsg_seq=0, nlmsg_pid=1}, {error=0, msg={nlmsg_len=88, nlmsg_type=0x10 /* NLMSG_??? */, nlmsg_flags=NLM_F_REQUEST|NLM_F_ACK|0x600, nlmsg_seq=0, nlmsg_pid=0}}], 4096, 0, NULL, NULL) = 36
[pid  5095] recvfrom(3,  <unfinished ...>
[pid  5092] socket(AF_UNIX, SOCK_DGRAM|SOCK_CLOEXEC, 0 <unfinished ...>
[pid  5091] socket(AF_UNIX, SOCK_DGRAM|SOCK_CLOEXEC, 0 <unfinished ...>
[pid  5089] ioctl(4, SIOCGIFINDEX, {ifr_name="veth0_vlan" <unfinished ...>
[pid  5095] <... recvfrom resumed>[{nlmsg_len=36, nlmsg_type=NLMSG_ERROR, nlmsg_flags=NLM_F_CAPPED, nlmsg_seq=0, nlmsg_pid=1}, {error=0, msg={nlmsg_len=80, nlmsg_type=0x10 /* NLMSG_??? */, nlmsg_flags=NLM_F_REQUEST|NLM_F_ACK|0x600, nlmsg_seq=0, nlmsg_pid=0}}], 4096, 0, NULL, NULL) = 36
[pid  5092] <... socket resumed>)       = 4
[pid  5091] <... socket resumed>)       = 4
[pid  5092] ioctl(4, SIOCGIFINDEX, {ifr_name="veth0_vlan" <unfinished ...>
[pid  5091] ioctl(4, SIOCGIFINDEX, {ifr_name="veth0_vlan" <unfinished ...>
[pid  5089] <... ioctl resumed>, ifr_ifindex=53}) = 0
[pid  5092] <... ioctl resumed>, ifr_ifindex=53}) = 0
[pid  5091] <... ioctl resumed>, ifr_ifindex=53}) = 0
[pid  5092] close(4 <unfinished ...>
[pid  5091] close(4 <unfinished ...>
[pid  5092] <... close resumed>)        = 0
[pid  5091] <... close resumed>)        = 0
[pid  5092] sendto(3, [{nlmsg_len=88, nlmsg_type=0x10 /* NLMSG_??? */, nlmsg_flags=NLM_F_REQUEST|NLM_F_ACK|0x600, nlmsg_seq=0, nlmsg_pid=0}, "\x00\x00\x00\x00\x00\x00\x00\x00\x00\x00\x00\x00\x00\x00\x00\x00\x0b\x00\x03\x00\x69\x70\x76\x6c\x61\x6e\x30\x00\x24\x00\x12\x00\x0a\x00\x01\x00\x69\x70\x76\x6c\x61\x6e\x00\x00\x14\x00\x02\x00\x06\x00\x01\x00\x00\x00\x00\x00\x06\x00\x02\x00\x00\x00\x00\x00\x08\x00\x05\x00\x35\x00\x00\x00"], 88, 0, {sa_family=AF_NETLINK, nl_pid=0, nl_groups=00000000}, 12 <unfinished ...>
[pid  5091] sendto(3, [{nlmsg_len=88, nlmsg_type=0x10 /* NLMSG_??? */, nlmsg_flags=NLM_F_REQUEST|NLM_F_ACK|0x600, nlmsg_seq=0, nlmsg_pid=0}, "\x00\x00\x00\x00\x00\x00\x00\x00\x00\x00\x00\x00\x00\x00\x00\x00\x0b\x00\x03\x00\x69\x70\x76\x6c\x61\x6e\x31\x00\x24\x00\x12\x00\x0a\x00\x01\x00\x69\x70\x76\x6c\x61\x6e\x00\x00\x14\x00\x02\x00\x06\x00\x01\x00\x02\x00\x00\x00\x06\x00\x02\x00\x02\x00\x00\x00\x08\x00\x05\x00\x35\x00\x00\x00"], 88, 0, {sa_family=AF_NETLINK, nl_pid=0, nl_groups=00000000}, 12 <unfinished ...>
[pid  5095] socket(AF_UNIX, SOCK_DGRAM|SOCK_CLOEXEC, 0 <unfinished ...>
[pid  5089] close(4 <unfinished ...>
[pid  5095] <... socket resumed>)       = 4
[pid  5089] <... close resumed>)        = 0
[pid  5095] ioctl(4, SIOCGIFINDEX, {ifr_name="veth1_vlan" <unfinished ...>
[pid  5089] sendto(3, [{nlmsg_len=84, nlmsg_type=0x10 /* NLMSG_??? */, nlmsg_flags=NLM_F_REQUEST|NLM_F_ACK|0x600, nlmsg_seq=0, nlmsg_pid=0}, "\x00\x00\x00\x00\x00\x00\x00\x00\x00\x00\x00\x00\x00\x00\x00\x00\x09\x00\x03\x00\x76\x6c\x61\x6e\x30\x00\x00\x00\x20\x00\x12\x00\x08\x00\x01\x00\x76\x6c\x61\x6e\x14\x00\x02\x00\x06\x00\x01\x00\x00\x00\x00\x00\x06\x00\x05\x00\x81\x00\x00\x00\x08\x00\x05\x00\x35\x00\x00\x00"], 84, 0, {sa_family=AF_NETLINK, nl_pid=0, nl_groups=00000000}, 12 <unfinished ...>
[pid  5095] <... ioctl resumed>, ifr_ifindex=52}) = 0
[pid  5094] <... sendto resumed>)       = 80
[pid  5095] close(4)                    = 0
[pid  5094] recvfrom(3,  <unfinished ...>
[pid  5095] sendto(3, [{nlmsg_len=80, nlmsg_type=0x10 /* NLMSG_??? */, nlmsg_flags=NLM_F_REQUEST|NLM_F_ACK|0x600, nlmsg_seq=0, nlmsg_pid=0}, "\x00\x00\x00\x00\x00\x00\x00\x00\x00\x00\x00\x00\x00\x00\x00\x00\x0c\x00\x03\x00\x6d\x61\x63\x76\x6c\x61\x6e\x31\x1c\x00\x12\x00\x0b\x00\x01\x00\x6d\x61\x63\x76\x6c\x61\x6e\x00\x0c\x00\x02\x00\x08\x00\x01\x00\x04\x00\x00\x00\x08\x00\x05\x00\x34\x00\x00\x00"], 80, 0, {sa_family=AF_NETLINK, nl_pid=0, nl_groups=00000000}, 12 <unfinished ...>
[pid  5094] <... recvfrom resumed>[{nlmsg_len=36, nlmsg_type=NLMSG_ERROR, nlmsg_flags=NLM_F_CAPPED, nlmsg_seq=0, nlmsg_pid=1}, {error=0, msg={nlmsg_len=80, nlmsg_type=0x10 /* NLMSG_??? */, nlmsg_flags=NLM_F_REQUEST|NLM_F_ACK|0x600, nlmsg_seq=0, nlmsg_pid=0}}], 4096, 0, NULL, NULL) = 36
[pid  5094] socket(AF_UNIX, SOCK_DGRAM|SOCK_CLOEXEC, 0 <unfinished ...>
[pid  5096] <... sendto resumed>)       = 68
[pid  5094] <... socket resumed>)       = 4
[pid  5096] recvfrom(3, [{nlmsg_len=36, nlmsg_type=NLMSG_ERROR, nlmsg_flags=NLM_F_CAPPED, nlmsg_seq=0, nlmsg_pid=1}, {error=0, msg={nlmsg_len=68, nlmsg_type=0x10 /* NLMSG_??? */, nlmsg_flags=NLM_F_REQUEST|NLM_F_ACK|0x600, nlmsg_seq=0, nlmsg_pid=0}}], 4096, 0, NULL, NULL) = 36
[pid  5096] socket(AF_UNIX, SOCK_DGRAM|SOCK_CLOEXEC, 0 <unfinished ...>
[pid  5094] ioctl(4, SIOCGIFINDEX, {ifr_name="veth0_vlan" <unfinished ...>
[pid  5096] <... socket resumed>)       = 4
[pid  5096] ioctl(4, SIOCGIFINDEX, {ifr_name="veth1_macvtap", ifr_ifindex=60}) = 0
[pid  5096] close(4)                    = 0
[pid  5096] sendto(3, [{nlmsg_len=68, nlmsg_type=0x10 /* NLMSG_??? */, nlmsg_flags=NLM_F_REQUEST|NLM_F_ACK|0x600, nlmsg_seq=0, nlmsg_pid=0}, "\x00\x00\x00\x00\x00\x00\x00\x00\x00\x00\x00\x00\x00\x00\x00\x00\x0b\x00\x03\x00\x6d\x61\x63\x73\x65\x63\x30\x00\x10\x00\x12\x00\x0a\x00\x01\x00\x6d\x61\x63\x73\x65\x63\x00\x00\x08\x00\x05\x00\x3c\x00\x00\x00"], 68, 0, {sa_family=AF_NETLINK, nl_pid=0, nl_groups=00000000}, 12 <unfinished ...>
[pid  5094] <... ioctl resumed>, ifr_ifindex=53}) = 0
[pid  5094] close(4)                    = 0
[pid  5094] sendto(3, [{nlmsg_len=88, nlmsg_type=0x10 /* NLMSG_??? */, nlmsg_flags=NLM_F_REQUEST|NLM_F_ACK|0x600, nlmsg_seq=0, nlmsg_pid=0}, "\x00\x00\x00\x00\x00\x00\x00\x00\x00\x00\x00\x00\x00\x00\x00\x00\x0b\x00\x03\x00\x69\x70\x76\x6c\x61\x6e\x30\x00\x24\x00\x12\x00\x0a\x00\x01\x00\x69\x70\x76\x6c\x61\x6e\x00\x00\x14\x00\x02\x00\x06\x00\x01\x00\x00\x00\x00\x00\x06\x00\x02\x00\x00\x00\x00\x00\x08\x00\x05\x00\x35\x00\x00\x00"], 88, 0, {sa_family=AF_NETLINK, nl_pid=0, nl_groups=00000000}, 12) = 88
[pid  5092] <... sendto resumed>)       = 88
[pid  5092] recvfrom(3,  <unfinished ...>
[pid  5094] recvfrom(3,  <unfinished ...>
[pid  5092] <... recvfrom resumed>[{nlmsg_len=36, nlmsg_type=NLMSG_ERROR, nlmsg_flags=NLM_F_CAPPED, nlmsg_seq=0, nlmsg_pid=1}, {error=0, msg={nlmsg_len=88, nlmsg_type=0x10 /* NLMSG_??? */, nlmsg_flags=NLM_F_REQUEST|NLM_F_ACK|0x600, nlmsg_seq=0, nlmsg_pid=0}}], 4096, 0, NULL, NULL) = 36
[pid  5091] <... sendto resumed>)       = 88
[pid  5094] <... recvfrom resumed>[{nlmsg_len=36, nlmsg_type=NLMSG_ERROR, nlmsg_flags=NLM_F_CAPPED, nlmsg_seq=0, nlmsg_pid=1}, {error=0, msg={nlmsg_len=88, nlmsg_type=0x10 /* NLMSG_??? */, nlmsg_flags=NLM_F_REQUEST|NLM_F_ACK|0x600, nlmsg_seq=0, nlmsg_pid=0}}], 4096, 0, NULL, NULL) = 36
[pid  5092] socket(AF_UNIX, SOCK_DGRAM|SOCK_CLOEXEC, 0 <unfinished ...>
[pid  5094] socket(AF_UNIX, SOCK_DGRAM|SOCK_CLOEXEC, 0 <unfinished ...>
[pid  5092] <... socket resumed>)       = 4
[pid  5091] recvfrom(3,  <unfinished ...>
[pid  5089] <... sendto resumed>)       = 84
[pid  5092] ioctl(4, SIOCGIFINDEX, {ifr_name="veth0_vlan" <unfinished ...>
[pid  5091] <... recvfrom resumed>[{nlmsg_len=36, nlmsg_type=NLMSG_ERROR, nlmsg_flags=NLM_F_CAPPED, nlmsg_seq=0, nlmsg_pid=1}, {error=0, msg={nlmsg_len=88, nlmsg_type=0x10 /* NLMSG_??? */, nlmsg_flags=NLM_F_REQUEST|NLM_F_ACK|0x600, nlmsg_seq=0, nlmsg_pid=0}}], 4096, 0, NULL, NULL) = 36
[pid  5094] <... socket resumed>)       = 4
[pid  5092] <... ioctl resumed>, ifr_ifindex=53}) = 0
[pid  5091] sendto(3, [{nlmsg_len=108, nlmsg_type=0x10 /* NLMSG_??? */, nlmsg_flags=NLM_F_REQUEST|NLM_F_ACK|0x600, nlmsg_seq=0, nlmsg_pid=0}, "\x00\x00\x00\x00\x00\x00\x00\x00\x00\x00\x00\x00\x00\x00\x00\x00\x11\x00\x03\x00\x76\x65\x74\x68\x30\x5f\x6d\x61\x63\x76\x74\x61\x70\x00\x00\x00\x38\x00\x12\x00\x08\x00\x01\x00\x76\x65\x74\x68\x2c\x00\x02\x00\x28\x00\x01\x00\x00\x00\x00\x00\x00\x00\x00\x00\x00\x00\x00\x00\x00\x00\x00\x00\x11\x00\x03\x00\x76\x65\x74\x68\x31\x5f\x6d\x61\x63\x76\x74\x61\x70\x00\x00\x00"], 108, 0, {sa_family=AF_NETLINK, nl_pid=0, nl_groups=00000000}, 12 <unfinished ...>
[pid  5089] recvfrom(3,  <unfinished ...>
[pid  5094] ioctl(4, SIOCGIFINDEX, {ifr_name="veth0_vlan" <unfinished ...>
[pid  5092] close(4 <unfinished ...>
[pid  5089] <... recvfrom resumed>[{nlmsg_len=36, nlmsg_type=NLMSG_ERROR, nlmsg_flags=NLM_F_CAPPED, nlmsg_seq=0, nlmsg_pid=1}, {error=0, msg={nlmsg_len=84, nlmsg_type=0x10 /* NLMSG_??? */, nlmsg_flags=NLM_F_REQUEST|NLM_F_ACK|0x600, nlmsg_seq=0, nlmsg_pid=0}}], 4096, 0, NULL, NULL) = 36
[pid  5094] <... ioctl resumed>, ifr_ifindex=53}) = 0
[pid  5092] <... close resumed>)        = 0
[pid  5089] socket(AF_UNIX, SOCK_DGRAM|SOCK_CLOEXEC, 0 <unfinished ...>
[pid  5092] sendto(3, [{nlmsg_len=88, nlmsg_type=0x10 /* NLMSG_??? */, nlmsg_flags=NLM_F_REQUEST|NLM_F_ACK|0x600, nlmsg_seq=0, nlmsg_pid=0}, "\x00\x00\x00\x00\x00\x00\x00\x00\x00\x00\x00\x00\x00\x00\x00\x00\x0b\x00\x03\x00\x69\x70\x76\x6c\x61\x6e\x31\x00\x24\x00\x12\x00\x0a\x00\x01\x00\x69\x70\x76\x6c\x61\x6e\x00\x00\x14\x00\x02\x00\x06\x00\x01\x00\x02\x00\x00\x00\x06\x00\x02\x00\x02\x00\x00\x00\x08\x00\x05\x00\x35\x00\x00\x00"], 88, 0, {sa_family=AF_NETLINK, nl_pid=0, nl_groups=00000000}, 12 <unfinished ...>
[pid  5094] close(4 <unfinished ...>
[pid  5089] <... socket resumed>)       = 4
[pid  5095] <... sendto resumed>)       = 80
[pid  5094] <... close resumed>)        = 0
[pid  5089] ioctl(4, SIOCGIFINDEX, {ifr_name="veth0_vlan" <unfinished ...>
[pid  5095] recvfrom(3,  <unfinished ...>
[pid  5094] sendto(3, [{nlmsg_len=88, nlmsg_type=0x10 /* NLMSG_??? */, nlmsg_flags=NLM_F_REQUEST|NLM_F_ACK|0x600, nlmsg_seq=0, nlmsg_pid=0}, "\x00\x00\x00\x00\x00\x00\x00\x00\x00\x00\x00\x00\x00\x00\x00\x00\x0b\x00\x03\x00\x69\x70\x76\x6c\x61\x6e\x31\x00\x24\x00\x12\x00\x0a\x00\x01\x00\x69\x70\x76\x6c\x61\x6e\x00\x00\x14\x00\x02\x00\x06\x00\x01\x00\x02\x00\x00\x00\x06\x00\x02\x00\x02\x00\x00\x00\x08\x00\x05\x00\x35\x00\x00\x00"], 88, 0, {sa_family=AF_NETLINK, nl_pid=0, nl_groups=00000000}, 12 <unfinished ...>
[pid  5095] <... recvfrom resumed>[{nlmsg_len=36, nlmsg_type=NLMSG_ERROR, nlmsg_flags=NLM_F_CAPPED, nlmsg_seq=0, nlmsg_pid=1}, {error=0, msg={nlmsg_len=80, nlmsg_type=0x10 /* NLMSG_??? */, nlmsg_flags=NLM_F_REQUEST|NLM_F_ACK|0x600, nlmsg_seq=0, nlmsg_pid=0}}], 4096, 0, NULL, NULL) = 36
[pid  5089] <... ioctl resumed>, ifr_ifindex=53}) = 0
[pid  5095] socket(AF_UNIX, SOCK_DGRAM|SOCK_CLOEXEC, 0) = 4
[pid  5089] close(4 <unfinished ...>
[pid  5095] ioctl(4, SIOCGIFINDEX, {ifr_name="veth0_vlan", ifr_ifindex=53}) = 0
[pid  5089] <... close resumed>)        = 0
[pid  5095] close(4)                    = 0
[pid  5089] sendto(3, [{nlmsg_len=84, nlmsg_type=0x10 /* NLMSG_??? */, nlmsg_flags=NLM_F_REQUEST|NLM_F_ACK|0x600, nlmsg_seq=0, nlmsg_pid=0}, "\x00\x00\x00\x00\x00\x00\x00\x00\x00\x00\x00\x00\x00\x00\x00\x00\x09\x00\x03\x00\x76\x6c\x61\x6e\x31\x00\x00\x00\x20\x00\x12\x00\x08\x00\x01\x00\x76\x6c\x61\x6e\x14\x00\x02\x00\x06\x00\x01\x00\x01\x00\x00\x00\x06\x00\x05\x00\x88\xa8\x00\x00\x08\x00\x05\x00\x35\x00\x00\x00"], 84, 0, {sa_family=AF_NETLINK, nl_pid=0, nl_groups=00000000}, 12 <unfinished ...>
[pid  5095] sendto(3, [{nlmsg_len=88, nlmsg_type=0x10 /* NLMSG_??? */, nlmsg_flags=NLM_F_REQUEST|NLM_F_ACK|0x600, nlmsg_seq=0, nlmsg_pid=0}, "\x00\x00\x00\x00\x00\x00\x00\x00\x00\x00\x00\x00\x00\x00\x00\x00\x0b\x00\x03\x00\x69\x70\x76\x6c\x61\x6e\x30\x00\x24\x00\x12\x00\x0a\x00\x01\x00\x69\x70\x76\x6c\x61\x6e\x00\x00\x14\x00\x02\x00\x06\x00\x01\x00\x00\x00\x00\x00\x06\x00\x02\x00\x00\x00\x00\x00\x08\x00\x05\x00\x35\x00\x00\x00"], 88, 0, {sa_family=AF_NETLINK, nl_pid=0, nl_groups=00000000}, 12 <unfinished ...>
[pid  5096] <... sendto resumed>)       = 68
[pid  5096] recvfrom(3, [{nlmsg_len=36, nlmsg_type=NLMSG_ERROR, nlmsg_flags=NLM_F_CAPPED, nlmsg_seq=0, nlmsg_pid=1}, {error=0, msg={nlmsg_len=68, nlmsg_type=0x10 /* NLMSG_??? */, nlmsg_flags=NLM_F_REQUEST|NLM_F_ACK|0x600, nlmsg_seq=0, nlmsg_pid=0}}], 4096, 0, NULL, NULL) = 36
[pid  5096] sendto(3, [{nlmsg_len=80, nlmsg_type=0x10 /* NLMSG_??? */, nlmsg_flags=NLM_F_REQUEST|NLM_F_ACK|0x600, nlmsg_seq=0, nlmsg_pid=0}, "\x00\x00\x00\x00\x00\x00\x00\x00\x00\x00\x00\x00\x00\x00\x00\x00\x0b\x00\x03\x00\x67\x65\x6e\x65\x76\x65\x30\x00\x24\x00\x12\x00\x0a\x00\x01\x00\x67\x65\x6e\x65\x76\x65\x00\x00\x14\x00\x02\x00\x08\x00\x01\x00\x00\x00\x00\x00\x08\x00\x02\x00\xac\x14\x14\x18"], 80, 0, {sa_family=AF_NETLINK, nl_pid=0, nl_groups=00000000}, 12 <unfinished ...>
[pid  5091] <... sendto resumed>)       = 108
[pid  5094] <... sendto resumed>)       = 88
[pid  5092] <... sendto resumed>)       = 88
[pid  5094] recvfrom(3,  <unfinished ...>
[pid  5092] recvfrom(3,  <unfinished ...>
[pid  5091] recvfrom(3,  <unfinished ...>
[pid  5094] <... recvfrom resumed>[{nlmsg_len=36, nlmsg_type=NLMSG_ERROR, nlmsg_flags=NLM_F_CAPPED, nlmsg_seq=0, nlmsg_pid=1}, {error=0, msg={nlmsg_len=88, nlmsg_type=0x10 /* NLMSG_??? */, nlmsg_flags=NLM_F_REQUEST|NLM_F_ACK|0x600, nlmsg_seq=0, nlmsg_pid=0}}], 4096, 0, NULL, NULL) = 36
[pid  5089] <... sendto resumed>)       = 84
[pid  5092] <... recvfrom resumed>[{nlmsg_len=36, nlmsg_type=NLMSG_ERROR, nlmsg_flags=NLM_F_CAPPED, nlmsg_seq=0, nlmsg_pid=1}, {error=0, msg={nlmsg_len=88, nlmsg_type=0x10 /* NLMSG_??? */, nlmsg_flags=NLM_F_REQUEST|NLM_F_ACK|0x600, nlmsg_seq=0, nlmsg_pid=0}}], 4096, 0, NULL, NULL) = 36
[pid  5091] <... recvfrom resumed>[{nlmsg_len=36, nlmsg_type=NLMSG_ERROR, nlmsg_flags=NLM_F_CAPPED, nlmsg_seq=0, nlmsg_pid=1}, {error=0, msg={nlmsg_len=108, nlmsg_type=0x10 /* NLMSG_??? */, nlmsg_flags=NLM_F_REQUEST|NLM_F_ACK|0x600, nlmsg_seq=0, nlmsg_pid=0}}], 4096, 0, NULL, NULL) = 36
[pid  5089] recvfrom(3,  <unfinished ...>
[pid  5095] <... sendto resumed>)       = 88
[pid  5094] sendto(3, [{nlmsg_len=108, nlmsg_type=0x10 /* NLMSG_??? */, nlmsg_flags=NLM_F_REQUEST|NLM_F_ACK|0x600, nlmsg_seq=0, nlmsg_pid=0}, "\x00\x00\x00\x00\x00\x00\x00\x00\x00\x00\x00\x00\x00\x00\x00\x00\x11\x00\x03\x00\x76\x65\x74\x68\x30\x5f\x6d\x61\x63\x76\x74\x61\x70\x00\x00\x00\x38\x00\x12\x00\x08\x00\x01\x00\x76\x65\x74\x68\x2c\x00\x02\x00\x28\x00\x01\x00\x00\x00\x00\x00\x00\x00\x00\x00\x00\x00\x00\x00\x00\x00\x00\x00\x11\x00\x03\x00\x76\x65\x74\x68\x31\x5f\x6d\x61\x63\x76\x74\x61\x70\x00\x00\x00"], 108, 0, {sa_family=AF_NETLINK, nl_pid=0, nl_groups=00000000}, 12 <unfinished ...>
[pid  5092] sendto(3, [{nlmsg_len=108, nlmsg_type=0x10 /* NLMSG_??? */, nlmsg_flags=NLM_F_REQUEST|NLM_F_ACK|0x600, nlmsg_seq=0, nlmsg_pid=0}, "\x00\x00\x00\x00\x00\x00\x00\x00\x00\x00\x00\x00\x00\x00\x00\x00\x11\x00\x03\x00\x76\x65\x74\x68\x30\x5f\x6d\x61\x63\x76\x74\x61\x70\x00\x00\x00\x38\x00\x12\x00\x08\x00\x01\x00\x76\x65\x74\x68\x2c\x00\x02\x00\x28\x00\x01\x00\x00\x00\x00\x00\x00\x00\x00\x00\x00\x00\x00\x00\x00\x00\x00\x00\x11\x00\x03\x00\x76\x65\x74\x68\x31\x5f\x6d\x61\x63\x76\x74\x61\x70\x00\x00\x00"], 108, 0, {sa_family=AF_NETLINK, nl_pid=0, nl_groups=00000000}, 12 <unfinished ...>
[pid  5091] socket(AF_UNIX, SOCK_DGRAM|SOCK_CLOEXEC, 0 <unfinished ...>
[pid  5096] <... sendto resumed>)       = 80
[pid  5095] recvfrom(3,  <unfinished ...>
[pid  5091] <... socket resumed>)       = 4
[pid  5089] <... recvfrom resumed>[{nlmsg_len=36, nlmsg_type=NLMSG_ERROR, nlmsg_flags=NLM_F_CAPPED, nlmsg_seq=0, nlmsg_pid=1}, {error=0, msg={nlmsg_len=84, nlmsg_type=0x10 /* NLMSG_??? */, nlmsg_flags=NLM_F_REQUEST|NLM_F_ACK|0x600, nlmsg_seq=0, nlmsg_pid=0}}], 4096, 0, NULL, NULL) = 36
[pid  5096] recvfrom(3,  <unfinished ...>
[pid  5095] <... recvfrom resumed>[{nlmsg_len=36, nlmsg_type=NLMSG_ERROR, nlmsg_flags=NLM_F_CAPPED, nlmsg_seq=0, nlmsg_pid=1}, {error=0, msg={nlmsg_len=88, nlmsg_type=0x10 /* NLMSG_??? */, nlmsg_flags=NLM_F_REQUEST|NLM_F_ACK|0x600, nlmsg_seq=0, nlmsg_pid=0}}], 4096, 0, NULL, NULL) = 36
[pid  5091] ioctl(4, SIOCGIFINDEX, {ifr_name="veth0_macvtap" <unfinished ...>
[pid  5089] socket(AF_UNIX, SOCK_DGRAM|SOCK_CLOEXEC, 0 <unfinished ...>
[pid  5096] <... recvfrom resumed>[{nlmsg_len=36, nlmsg_type=NLMSG_ERROR, nlmsg_flags=NLM_F_CAPPED, nlmsg_seq=0, nlmsg_pid=1}, {error=0, msg={nlmsg_len=80, nlmsg_type=0x10 /* NLMSG_??? */, nlmsg_flags=NLM_F_REQUEST|NLM_F_ACK|0x600, nlmsg_seq=0, nlmsg_pid=0}}], 4096, 0, NULL, NULL) = 36
[pid  5095] socket(AF_UNIX, SOCK_DGRAM|SOCK_CLOEXEC, 0 <unfinished ...>
[pid  5091] <... ioctl resumed>, ifr_ifindex=61}) = 0
[pid  5091] close(4 <unfinished ...>
[pid  5089] <... socket resumed>)       = 4
[pid  5096] sendto(3, [{nlmsg_len=92, nlmsg_type=0x10 /* NLMSG_??? */, nlmsg_flags=NLM_F_REQUEST|NLM_F_ACK|0x600, nlmsg_seq=0, nlmsg_pid=0}, "\x00\x00\x00\x00\x00\x00\x00\x00\x00\x00\x00\x00\x00\x00\x00\x00\x0b\x00\x03\x00\x67\x65\x6e\x65\x76\x65\x31\x00\x30\x00\x12\x00\x0a\x00\x01\x00\x67\x65\x6e\x65\x76\x65\x00\x00\x20\x00\x02\x00\x08\x00\x01\x00\x01\x00\x00\x00\x14\x00\x07\x00\xfc\x00\x00\x00\x00\x00\x00\x00\x00\x00\x00\x00\x00\x00\x00\x01"], 92, 0, {sa_family=AF_NETLINK, nl_pid=0, nl_groups=00000000}, 12 <unfinished ...>
[pid  5095] <... socket resumed>)       = 4
[pid  5091] <... close resumed>)        = 0
[pid  5089] ioctl(4, SIOCGIFINDEX, {ifr_name="veth1_vlan" <unfinished ...>
[pid  5095] ioctl(4, SIOCGIFINDEX, {ifr_name="veth0_vlan" <unfinished ...>
[pid  5091] sendto(3, [{nlmsg_len=68, nlmsg_type=0x10 /* NLMSG_??? */, nlmsg_flags=NLM_F_REQUEST|NLM_F_ACK|0x600, nlmsg_seq=0, nlmsg_pid=0}, "\x00\x00\x00\x00\x00\x00\x00\x00\x00\x00\x00\x00\x00\x00\x00\x00\x0c\x00\x03\x00\x6d\x61\x63\x76\x74\x61\x70\x30\x10\x00\x12\x00\x0b\x00\x01\x00\x6d\x61\x63\x76\x74\x61\x70\x00\x08\x00\x05\x00\x3d\x00\x00\x00"], 68, 0, {sa_family=AF_NETLINK, nl_pid=0, nl_groups=00000000}, 12 <unfinished ...>
[pid  5095] <... ioctl resumed>, ifr_ifindex=53}) = 0
[pid  5089] <... ioctl resumed>, ifr_ifindex=52}) = 0
[pid  5095] close(4 <unfinished ...>
[pid  5089] close(4 <unfinished ...>
[pid  5095] <... close resumed>)        = 0
[pid  5089] <... close resumed>)        = 0
[pid  5095] sendto(3, [{nlmsg_len=88, nlmsg_type=0x10 /* NLMSG_??? */, nlmsg_flags=NLM_F_REQUEST|NLM_F_ACK|0x600, nlmsg_seq=0, nlmsg_pid=0}, "\x00\x00\x00\x00\x00\x00\x00\x00\x00\x00\x00\x00\x00\x00\x00\x00\x0b\x00\x03\x00\x69\x70\x76\x6c\x61\x6e\x31\x00\x24\x00\x12\x00\x0a\x00\x01\x00\x69\x70\x76\x6c\x61\x6e\x00\x00\x14\x00\x02\x00\x06\x00\x01\x00\x02\x00\x00\x00\x06\x00\x02\x00\x02\x00\x00\x00\x08\x00\x05\x00\x35\x00\x00\x00"], 88, 0, {sa_family=AF_NETLINK, nl_pid=0, nl_groups=00000000}, 12 <unfinished ...>
[pid  5089] sendto(3, [{nlmsg_len=80, nlmsg_type=0x10 /* NLMSG_??? */, nlmsg_flags=NLM_F_REQUEST|NLM_F_ACK|0x600, nlmsg_seq=0, nlmsg_pid=0}, "\x00\x00\x00\x00\x00\x00\x00\x00\x00\x00\x00\x00\x00\x00\x00\x00\x0c\x00\x03\x00\x6d\x61\x63\x76\x6c\x61\x6e\x30\x1c\x00\x12\x00\x0b\x00\x01\x00\x6d\x61\x63\x76\x6c\x61\x6e\x00\x0c\x00\x02\x00\x08\x00\x01\x00\x04\x00\x00\x00\x08\x00\x05\x00\x34\x00\x00\x00"], 80, 0, {sa_family=AF_NETLINK, nl_pid=0, nl_groups=00000000}, 12 <unfinished ...>
[pid  5094] <... sendto resumed>)       = 108
[pid  5094] recvfrom(3, [{nlmsg_len=36, nlmsg_type=NLMSG_ERROR, nlmsg_flags=NLM_F_CAPPED, nlmsg_seq=0, nlmsg_pid=1}, {error=0, msg={nlmsg_len=108, nlmsg_type=0x10 /* NLMSG_??? */, nlmsg_flags=NLM_F_REQUEST|NLM_F_ACK|0x600, nlmsg_seq=0, nlmsg_pid=0}}], 4096, 0, NULL, NULL) = 36
[pid  5094] socket(AF_UNIX, SOCK_DGRAM|SOCK_CLOEXEC, 0) = 4
[pid  5092] <... sendto resumed>)       = 108
[pid  5092] recvfrom(3, [{nlmsg_len=36, nlmsg_type=NLMSG_ERROR, nlmsg_flags=NLM_F_CAPPED, nlmsg_seq=0, nlmsg_pid=1}, {error=0, msg={nlmsg_len=108, nlmsg_type=0x10 /* NLMSG_??? */, nlmsg_flags=NLM_F_REQUEST|NLM_F_ACK|0x600, nlmsg_seq=0, nlmsg_pid=0}}], 4096, 0, NULL, NULL) = 36
[pid  5094] ioctl(4, SIOCGIFINDEX, {ifr_name="veth0_macvtap" <unfinished ...>
[pid  5092] socket(AF_UNIX, SOCK_DGRAM|SOCK_CLOEXEC, 0) = 4
[pid  5092] ioctl(4, SIOCGIFINDEX, {ifr_name="veth0_macvtap" <unfinished ...>
[pid  5096] <... sendto resumed>)       = 92
[pid  5094] <... ioctl resumed>, ifr_ifindex=61}) = 0
[pid  5091] <... sendto resumed>)       = 68
[pid  5096] recvfrom(3,  <unfinished ...>
[pid  5095] <... sendto resumed>)       = 88
[pid  5094] close(4 <unfinished ...>
[pid  5092] <... ioctl resumed>, ifr_ifindex=61}) = 0
[pid  5091] recvfrom(3,  <unfinished ...>
[pid  5096] <... recvfrom resumed>[{nlmsg_len=36, nlmsg_type=NLMSG_ERROR, nlmsg_flags=NLM_F_CAPPED, nlmsg_seq=0, nlmsg_pid=1}, {error=0, msg={nlmsg_len=92, nlmsg_type=0x10 /* NLMSG_??? */, nlmsg_flags=NLM_F_REQUEST|NLM_F_ACK|0x600, nlmsg_seq=0, nlmsg_pid=0}}], 4096, 0, NULL, NULL) = 36
[pid  5095] recvfrom(3,  <unfinished ...>
[pid  5094] <... close resumed>)        = 0
[pid  5091] <... recvfrom resumed>[{nlmsg_len=36, nlmsg_type=NLMSG_ERROR, nlmsg_flags=NLM_F_CAPPED, nlmsg_seq=0, nlmsg_pid=1}, {error=0, msg={nlmsg_len=68, nlmsg_type=0x10 /* NLMSG_??? */, nlmsg_flags=NLM_F_REQUEST|NLM_F_ACK|0x600, nlmsg_seq=0, nlmsg_pid=0}}], 4096, 0, NULL, NULL) = 36
[pid  5096] openat(AT_FDCWD, "/sys/bus/netdevsim/del_device", O_WRONLY|O_CLOEXEC <unfinished ...>
[pid  5095] <... recvfrom resumed>[{nlmsg_len=36, nlmsg_type=NLMSG_ERROR, nlmsg_flags=NLM_F_CAPPED, nlmsg_seq=0, nlmsg_pid=1}, {error=0, msg={nlmsg_len=88, nlmsg_type=0x10 /* NLMSG_??? */, nlmsg_flags=NLM_F_REQUEST|NLM_F_ACK|0x600, nlmsg_seq=0, nlmsg_pid=0}}], 4096, 0, NULL, NULL) = 36
[pid  5094] sendto(3, [{nlmsg_len=68, nlmsg_type=0x10 /* NLMSG_??? */, nlmsg_flags=NLM_F_REQUEST|NLM_F_ACK|0x600, nlmsg_seq=0, nlmsg_pid=0}, "\x00\x00\x00\x00\x00\x00\x00\x00\x00\x00\x00\x00\x00\x00\x00\x00\x0c\x00\x03\x00\x6d\x61\x63\x76\x74\x61\x70\x30\x10\x00\x12\x00\x0b\x00\x01\x00\x6d\x61\x63\x76\x74\x61\x70\x00\x08\x00\x05\x00\x3d\x00\x00\x00"], 68, 0, {sa_family=AF_NETLINK, nl_pid=0, nl_groups=00000000}, 12 <unfinished ...>
[pid  5092] close(4 <unfinished ...>
[pid  5096] <... openat resumed>)       = 4
[pid  5095] sendto(3, [{nlmsg_len=108, nlmsg_type=0x10 /* NLMSG_??? */, nlmsg_flags=NLM_F_REQUEST|NLM_F_ACK|0x600, nlmsg_seq=0, nlmsg_pid=0}, "\x00\x00\x00\x00\x00\x00\x00\x00\x00\x00\x00\x00\x00\x00\x00\x00\x11\x00\x03\x00\x76\x65\x74\x68\x30\x5f\x6d\x61\x63\x76\x74\x61\x70\x00\x00\x00\x38\x00\x12\x00\x08\x00\x01\x00\x76\x65\x74\x68\x2c\x00\x02\x00\x28\x00\x01\x00\x00\x00\x00\x00\x00\x00\x00\x00\x00\x00\x00\x00\x00\x00\x00\x00\x11\x00\x03\x00\x76\x65\x74\x68\x31\x5f\x6d\x61\x63\x76\x74\x61\x70\x00\x00\x00"], 108, 0, {sa_family=AF_NETLINK, nl_pid=0, nl_groups=00000000}, 12 <unfinished ...>
[pid  5092] <... close resumed>)        = 0
[pid  5091] socket(AF_UNIX, SOCK_DGRAM|SOCK_CLOEXEC, 0 <unfinished ...>
[pid  5089] <... sendto resumed>)       = 80
[pid  5096] write(4, "5", 1 <unfinished ...>
[pid  5092] sendto(3, [{nlmsg_len=68, nlmsg_type=0x10 /* NLMSG_??? */, nlmsg_flags=NLM_F_REQUEST|NLM_F_ACK|0x600, nlmsg_seq=0, nlmsg_pid=0}, "\x00\x00\x00\x00\x00\x00\x00\x00\x00\x00\x00\x00\x00\x00\x00\x00\x0c\x00\x03\x00\x6d\x61\x63\x76\x74\x61\x70\x30\x10\x00\x12\x00\x0b\x00\x01\x00\x6d\x61\x63\x76\x74\x61\x70\x00\x08\x00\x05\x00\x3d\x00\x00\x00"], 68, 0, {sa_family=AF_NETLINK, nl_pid=0, nl_groups=00000000}, 12 <unfinished ...>
[pid  5091] <... socket resumed>)       = 4
[pid  5096] <... write resumed>)        = -1 ENOENT (No such file or directory)
[pid  5091] ioctl(4, SIOCGIFINDEX, {ifr_name="veth1_macvtap" <unfinished ...>
[pid  5096] close(4 <unfinished ...>
[pid  5094] <... sendto resumed>)       = 68
[pid  5089] recvfrom(3,  <unfinished ...>
[pid  5096] <... close resumed>)        = 0
[pid  5094] recvfrom(3,  <unfinished ...>
[pid  5091] <... ioctl resumed>, ifr_ifindex=60}) = 0
[pid  5089] <... recvfrom resumed>[{nlmsg_len=36, nlmsg_type=NLMSG_ERROR, nlmsg_flags=NLM_F_CAPPED, nlmsg_seq=0, nlmsg_pid=1}, {error=0, msg={nlmsg_len=80, nlmsg_type=0x10 /* NLMSG_??? */, nlmsg_flags=NLM_F_REQUEST|NLM_F_ACK|0x600, nlmsg_seq=0, nlmsg_pid=0}}], 4096, 0, NULL, NULL) = 36
[pid  5096] openat(AT_FDCWD, "/sys/bus/netdevsim/new_device", O_WRONLY|O_CLOEXEC <unfinished ...>
[pid  5094] <... recvfrom resumed>[{nlmsg_len=36, nlmsg_type=NLMSG_ERROR, nlmsg_flags=NLM_F_CAPPED, nlmsg_seq=0, nlmsg_pid=1}, {error=0, msg={nlmsg_len=68, nlmsg_type=0x10 /* NLMSG_??? */, nlmsg_flags=NLM_F_REQUEST|NLM_F_ACK|0x600, nlmsg_seq=0, nlmsg_pid=0}}], 4096, 0, NULL, NULL) = 36
[pid  5091] close(4 <unfinished ...>
[pid  5089] socket(AF_UNIX, SOCK_DGRAM|SOCK_CLOEXEC, 0 <unfinished ...>
[pid  5096] <... openat resumed>)       = 4
[pid  5094] socket(AF_UNIX, SOCK_DGRAM|SOCK_CLOEXEC, 0 <unfinished ...>
[pid  5091] <... close resumed>)        = 0
[pid  5089] <... socket resumed>)       = 4
[pid  5096] write(4, "5 4", 3 <unfinished ...>
[pid  5095] <... sendto resumed>)       = 108
[pid  5094] <... socket resumed>)       = 4
[pid  5091] sendto(3, [{nlmsg_len=68, nlmsg_type=0x10 /* NLMSG_??? */, nlmsg_flags=NLM_F_REQUEST|NLM_F_ACK|0x600, nlmsg_seq=0, nlmsg_pid=0}, "\x00\x00\x00\x00\x00\x00\x00\x00\x00\x00\x00\x00\x00\x00\x00\x00\x0b\x00\x03\x00\x6d\x61\x63\x73\x65\x63\x30\x00\x10\x00\x12\x00\x0a\x00\x01\x00\x6d\x61\x63\x73\x65\x63\x00\x00\x08\x00\x05\x00\x3c\x00\x00\x00"], 68, 0, {sa_family=AF_NETLINK, nl_pid=0, nl_groups=00000000}, 12 <unfinished ...>
[pid  5089] ioctl(4, SIOCGIFINDEX, {ifr_name="veth1_vlan" <unfinished ...>
[pid  5095] recvfrom(3,  <unfinished ...>
[pid  5094] ioctl(4, SIOCGIFINDEX, {ifr_name="veth1_macvtap" <unfinished ...>
[pid  5089] <... ioctl resumed>, ifr_ifindex=52}) = 0
[pid  5094] <... ioctl resumed>, ifr_ifindex=60}) = 0
[pid  5089] close(4)                    = 0
[pid  5094] close(4 <unfinished ...>
[pid  5095] <... recvfrom resumed>[{nlmsg_len=36, nlmsg_type=NLMSG_ERROR, nlmsg_flags=NLM_F_CAPPED, nlmsg_seq=0, nlmsg_pid=1}, {error=0, msg={nlmsg_len=108, nlmsg_type=0x10 /* NLMSG_??? */, nlmsg_flags=NLM_F_REQUEST|NLM_F_ACK|0x600, nlmsg_seq=0, nlmsg_pid=0}}], 4096, 0, NULL, NULL) = 36
[pid  5094] <... close resumed>)        = 0
[pid  5089] sendto(3, [{nlmsg_len=80, nlmsg_type=0x10 /* NLMSG_??? */, nlmsg_flags=NLM_F_REQUEST|NLM_F_ACK|0x600, nlmsg_seq=0, nlmsg_pid=0}, "\x00\x00\x00\x00\x00\x00\x00\x00\x00\x00\x00\x00\x00\x00\x00\x00\x0c\x00\x03\x00\x6d\x61\x63\x76\x6c\x61\x6e\x31\x1c\x00\x12\x00\x0b\x00\x01\x00\x6d\x61\x63\x76\x6c\x61\x6e\x00\x0c\x00\x02\x00\x08\x00\x01\x00\x04\x00\x00\x00\x08\x00\x05\x00\x34\x00\x00\x00"], 80, 0, {sa_family=AF_NETLINK, nl_pid=0, nl_groups=00000000}, 12 <unfinished ...>
[pid  5094] sendto(3, [{nlmsg_len=68, nlmsg_type=0x10 /* NLMSG_??? */, nlmsg_flags=NLM_F_REQUEST|NLM_F_ACK|0x600, nlmsg_seq=0, nlmsg_pid=0}, "\x00\x00\x00\x00\x00\x00\x00\x00\x00\x00\x00\x00\x00\x00\x00\x00\x0b\x00\x03\x00\x6d\x61\x63\x73\x65\x63\x30\x00\x10\x00\x12\x00\x0a\x00\x01\x00\x6d\x61\x63\x73\x65\x63\x00\x00\x08\x00\x05\x00\x3c\x00\x00\x00"], 68, 0, {sa_family=AF_NETLINK, nl_pid=0, nl_groups=00000000}, 12 <unfinished ...>
[pid  5095] socket(AF_UNIX, SOCK_DGRAM|SOCK_CLOEXEC, 0 <unfinished ...>
[pid  5094] <... sendto resumed>)       = 68
[pid  5092] <... sendto resumed>)       = 68
[pid  5094] recvfrom(3,  <unfinished ...>
[pid  5095] <... socket resumed>)       = 4
[pid  5092] recvfrom(3,  <unfinished ...>
[pid  5091] <... sendto resumed>)       = 68
[pid  5095] ioctl(4, SIOCGIFINDEX, {ifr_name="veth0_macvtap" <unfinished ...>
[pid  5092] <... recvfrom resumed>[{nlmsg_len=36, nlmsg_type=NLMSG_ERROR, nlmsg_flags=NLM_F_CAPPED, nlmsg_seq=0, nlmsg_pid=1}, {error=0, msg={nlmsg_len=68, nlmsg_type=0x10 /* NLMSG_??? */, nlmsg_flags=NLM_F_REQUEST|NLM_F_ACK|0x600, nlmsg_seq=0, nlmsg_pid=0}}], 4096, 0, NULL, NULL) = 36
[pid  5095] <... ioctl resumed>, ifr_ifindex=61}) = 0
[pid  5091] recvfrom(3,  <unfinished ...>
[pid  5092] socket(AF_UNIX, SOCK_DGRAM|SOCK_CLOEXEC, 0 <unfinished ...>
[pid  5091] <... recvfrom resumed>[{nlmsg_len=36, nlmsg_type=NLMSG_ERROR, nlmsg_flags=NLM_F_CAPPED, nlmsg_seq=0, nlmsg_pid=1}, {error=0, msg={nlmsg_len=68, nlmsg_type=0x10 /* NLMSG_??? */, nlmsg_flags=NLM_F_REQUEST|NLM_F_ACK|0x600, nlmsg_seq=0, nlmsg_pid=0}}], 4096, 0, NULL, NULL) = 36
[pid  5095] close(4 <unfinished ...>
