[pid  5094] <... recvfrom resumed>[{nlmsg_len=36, nlmsg_type=NLMSG_ERROR, nlmsg_flags=NLM_F_CAPPED, nlmsg_seq=0, nlmsg_pid=1}, {error=0, msg={nlmsg_len=68, nlmsg_type=0x10 /* NLMSG_??? */, nlmsg_flags=NLM_F_REQUEST|NLM_F_ACK|0x600, nlmsg_seq=0, nlmsg_pid=0}}], 4096, 0, NULL, NULL) = 36
[pid  5092] <... socket resumed>)       = 4
[pid  5091] sendto(3, [{nlmsg_len=80, nlmsg_type=0x10 /* NLMSG_??? */, nlmsg_flags=NLM_F_REQUEST|NLM_F_ACK|0x600, nlmsg_seq=0, nlmsg_pid=0}, "\x00\x00\x00\x00\x00\x00\x00\x00\x00\x00\x00\x00\x00\x00\x00\x00\x0b\x00\x03\x00\x67\x65\x6e\x65\x76\x65\x30\x00\x24\x00\x12\x00\x0a\x00\x01\x00\x67\x65\x6e\x65\x76\x65\x00\x00\x14\x00\x02\x00\x08\x00\x01\x00\x00\x00\x00\x00\x08\x00\x02\x00\xac\x14\x14\x18"], 80, 0, {sa_family=AF_NETLINK, nl_pid=0, nl_groups=00000000}, 12 <unfinished ...>
[pid  5095] <... close resumed>)        = 0
[pid  5094] sendto(3, [{nlmsg_len=80, nlmsg_type=0x10 /* NLMSG_??? */, nlmsg_flags=NLM_F_REQUEST|NLM_F_ACK|0x600, nlmsg_seq=0, nlmsg_pid=0}, "\x00\x00\x00\x00\x00\x00\x00\x00\x00\x00\x00\x00\x00\x00\x00\x00\x0b\x00\x03\x00\x67\x65\x6e\x65\x76\x65\x30\x00\x24\x00\x12\x00\x0a\x00\x01\x00\x67\x65\x6e\x65\x76\x65\x00\x00\x14\x00\x02\x00\x08\x00\x01\x00\x00\x00\x00\x00\x08\x00\x02\x00\xac\x14\x14\x18"], 80, 0, {sa_family=AF_NETLINK, nl_pid=0, nl_groups=00000000}, 12 <unfinished ...>
[pid  5092] ioctl(4, SIOCGIFINDEX, {ifr_name="veth1_macvtap" <unfinished ...>
[pid  5089] <... sendto resumed>)       = 80
[pid  5095] sendto(3, [{nlmsg_len=68, nlmsg_type=0x10 /* NLMSG_??? */, nlmsg_flags=NLM_F_REQUEST|NLM_F_ACK|0x600, nlmsg_seq=0, nlmsg_pid=0}, "\x00\x00\x00\x00\x00\x00\x00\x00\x00\x00\x00\x00\x00\x00\x00\x00\x0c\x00\x03\x00\x6d\x61\x63\x76\x74\x61\x70\x30\x10\x00\x12\x00\x0b\x00\x01\x00\x6d\x61\x63\x76\x74\x61\x70\x00\x08\x00\x05\x00\x3d\x00\x00\x00"], 68, 0, {sa_family=AF_NETLINK, nl_pid=0, nl_groups=00000000}, 12 <unfinished ...>
[pid  5092] <... ioctl resumed>, ifr_ifindex=60}) = 0
[pid  5092] close(4 <unfinished ...>
[pid  5089] recvfrom(3,  <unfinished ...>
[pid  5092] <... close resumed>)        = 0
[pid  5092] sendto(3, [{nlmsg_len=68, nlmsg_type=0x10 /* NLMSG_??? */, nlmsg_flags=NLM_F_REQUEST|NLM_F_ACK|0x600, nlmsg_seq=0, nlmsg_pid=0}, "\x00\x00\x00\x00\x00\x00\x00\x00\x00\x00\x00\x00\x00\x00\x00\x00\x0b\x00\x03\x00\x6d\x61\x63\x73\x65\x63\x30\x00\x10\x00\x12\x00\x0a\x00\x01\x00\x6d\x61\x63\x73\x65\x63\x00\x00\x08\x00\x05\x00\x3c\x00\x00\x00"], 68, 0, {sa_family=AF_NETLINK, nl_pid=0, nl_groups=00000000}, 12 <unfinished ...>
[pid  5089] <... recvfrom resumed>[{nlmsg_len=36, nlmsg_type=NLMSG_ERROR, nlmsg_flags=NLM_F_CAPPED, nlmsg_seq=0, nlmsg_pid=1}, {error=0, msg={nlmsg_len=80, nlmsg_type=0x10 /* NLMSG_??? */, nlmsg_flags=NLM_F_REQUEST|NLM_F_ACK|0x600, nlmsg_seq=0, nlmsg_pid=0}}], 4096, 0, NULL, NULL) = 36
[pid  5091] <... sendto resumed>)       = 80
[pid  5089] socket(AF_UNIX, SOCK_DGRAM|SOCK_CLOEXEC, 0 <unfinished ...>
[pid  5091] recvfrom(3,  <unfinished ...>
[pid  5094] <... sendto resumed>)       = 80
[pid  5089] <... socket resumed>)       = 4
[pid  5089] ioctl(4, SIOCGIFINDEX, {ifr_name="veth0_vlan", ifr_ifindex=53}) = 0
[pid  5094] recvfrom(3,  <unfinished ...>
[pid  5089] close(4 <unfinished ...>
[pid  5094] <... recvfrom resumed>[{nlmsg_len=36, nlmsg_type=NLMSG_ERROR, nlmsg_flags=NLM_F_CAPPED, nlmsg_seq=0, nlmsg_pid=1}, {error=0, msg={nlmsg_len=80, nlmsg_type=0x10 /* NLMSG_??? */, nlmsg_flags=NLM_F_REQUEST|NLM_F_ACK|0x600, nlmsg_seq=0, nlmsg_pid=0}}], 4096, 0, NULL, NULL) = 36
[pid  5091] <... recvfrom resumed>[{nlmsg_len=36, nlmsg_type=NLMSG_ERROR, nlmsg_flags=NLM_F_CAPPED, nlmsg_seq=0, nlmsg_pid=1}, {error=0, msg={nlmsg_len=80, nlmsg_type=0x10 /* NLMSG_??? */, nlmsg_flags=NLM_F_REQUEST|NLM_F_ACK|0x600, nlmsg_seq=0, nlmsg_pid=0}}], 4096, 0, NULL, NULL) = 36
[pid  5089] <... close resumed>)        = 0
[pid  5094] sendto(3, [{nlmsg_len=92, nlmsg_type=0x10 /* NLMSG_??? */, nlmsg_flags=NLM_F_REQUEST|NLM_F_ACK|0x600, nlmsg_seq=0, nlmsg_pid=0}, "\x00\x00\x00\x00\x00\x00\x00\x00\x00\x00\x00\x00\x00\x00\x00\x00\x0b\x00\x03\x00\x67\x65\x6e\x65\x76\x65\x31\x00\x30\x00\x12\x00\x0a\x00\x01\x00\x67\x65\x6e\x65\x76\x65\x00\x00\x20\x00\x02\x00\x08\x00\x01\x00\x01\x00\x00\x00\x14\x00\x07\x00\xfc\x00\x00\x00\x00\x00\x00\x00\x00\x00\x00\x00\x00\x00\x00\x01"], 92, 0, {sa_family=AF_NETLINK, nl_pid=0, nl_groups=00000000}, 12 <unfinished ...>
[pid  5089] sendto(3, [{nlmsg_len=88, nlmsg_type=0x10 /* NLMSG_??? */, nlmsg_flags=NLM_F_REQUEST|NLM_F_ACK|0x600, nlmsg_seq=0, nlmsg_pid=0}, "\x00\x00\x00\x00\x00\x00\x00\x00\x00\x00\x00\x00\x00\x00\x00\x00\x0b\x00\x03\x00\x69\x70\x76\x6c\x61\x6e\x30\x00\x24\x00\x12\x00\x0a\x00\x01\x00\x69\x70\x76\x6c\x61\x6e\x00\x00\x14\x00\x02\x00\x06\x00\x01\x00\x00\x00\x00\x00\x06\x00\x02\x00\x00\x00\x00\x00\x08\x00\x05\x00\x35\x00\x00\x00"], 88, 0, {sa_family=AF_NETLINK, nl_pid=0, nl_groups=00000000}, 12 <unfinished ...>
[pid  5095] <... sendto resumed>)       = 68
[pid  5091] sendto(3, [{nlmsg_len=92, nlmsg_type=0x10 /* NLMSG_??? */, nlmsg_flags=NLM_F_REQUEST|NLM_F_ACK|0x600, nlmsg_seq=0, nlmsg_pid=0}, "\x00\x00\x00\x00\x00\x00\x00\x00\x00\x00\x00\x00\x00\x00\x00\x00\x0b\x00\x03\x00\x67\x65\x6e\x65\x76\x65\x31\x00\x30\x00\x12\x00\x0a\x00\x01\x00\x67\x65\x6e\x65\x76\x65\x00\x00\x20\x00\x02\x00\x08\x00\x01\x00\x01\x00\x00\x00\x14\x00\x07\x00\xfc\x00\x00\x00\x00\x00\x00\x00\x00\x00\x00\x00\x00\x00\x00\x01"], 92, 0, {sa_family=AF_NETLINK, nl_pid=0, nl_groups=00000000}, 12 <unfinished ...>
[pid  5095] recvfrom(3,  <unfinished ...>
[pid  5092] <... sendto resumed>)       = 68
[pid  5095] <... recvfrom resumed>[{nlmsg_len=36, nlmsg_type=NLMSG_ERROR, nlmsg_flags=NLM_F_CAPPED, nlmsg_seq=0, nlmsg_pid=1}, {error=0, msg={nlmsg_len=68, nlmsg_type=0x10 /* NLMSG_??? */, nlmsg_flags=NLM_F_REQUEST|NLM_F_ACK|0x600, nlmsg_seq=0, nlmsg_pid=0}}], 4096, 0, NULL, NULL) = 36
[pid  5092] recvfrom(3,  <unfinished ...>
[pid  5095] socket(AF_UNIX, SOCK_DGRAM|SOCK_CLOEXEC, 0 <unfinished ...>
[pid  5092] <... recvfrom resumed>[{nlmsg_len=36, nlmsg_type=NLMSG_ERROR, nlmsg_flags=NLM_F_CAPPED, nlmsg_seq=0, nlmsg_pid=1}, {error=0, msg={nlmsg_len=68, nlmsg_type=0x10 /* NLMSG_??? */, nlmsg_flags=NLM_F_REQUEST|NLM_F_ACK|0x600, nlmsg_seq=0, nlmsg_pid=0}}], 4096, 0, NULL, NULL) = 36
[pid  5095] <... socket resumed>)       = 4
[pid  5095] ioctl(4, SIOCGIFINDEX, {ifr_name="veth1_macvtap" <unfinished ...>
[pid  5092] sendto(3, [{nlmsg_len=80, nlmsg_type=0x10 /* NLMSG_??? */, nlmsg_flags=NLM_F_REQUEST|NLM_F_ACK|0x600, nlmsg_seq=0, nlmsg_pid=0}, "\x00\x00\x00\x00\x00\x00\x00\x00\x00\x00\x00\x00\x00\x00\x00\x00\x0b\x00\x03\x00\x67\x65\x6e\x65\x76\x65\x30\x00\x24\x00\x12\x00\x0a\x00\x01\x00\x67\x65\x6e\x65\x76\x65\x00\x00\x14\x00\x02\x00\x08\x00\x01\x00\x00\x00\x00\x00\x08\x00\x02\x00\xac\x14\x14\x18"], 80, 0, {sa_family=AF_NETLINK, nl_pid=0, nl_groups=00000000}, 12 <unfinished ...>
[pid  5095] <... ioctl resumed>, ifr_ifindex=60}) = 0
[pid  5095] close(4)                    = 0
[pid  5095] sendto(3, [{nlmsg_len=68, nlmsg_type=0x10 /* NLMSG_??? */, nlmsg_flags=NLM_F_REQUEST|NLM_F_ACK|0x600, nlmsg_seq=0, nlmsg_pid=0}, "\x00\x00\x00\x00\x00\x00\x00\x00\x00\x00\x00\x00\x00\x00\x00\x00\x0b\x00\x03\x00\x6d\x61\x63\x73\x65\x63\x30\x00\x10\x00\x12\x00\x0a\x00\x01\x00\x6d\x61\x63\x73\x65\x63\x00\x00\x08\x00\x05\x00\x3c\x00\x00\x00"], 68, 0, {sa_family=AF_NETLINK, nl_pid=0, nl_groups=00000000}, 12 <unfinished ...>
[pid  5094] <... sendto resumed>)       = 92
[pid  5094] recvfrom(3, [{nlmsg_len=36, nlmsg_type=NLMSG_ERROR, nlmsg_flags=NLM_F_CAPPED, nlmsg_seq=0, nlmsg_pid=1}, {error=0, msg={nlmsg_len=92, nlmsg_type=0x10 /* NLMSG_??? */, nlmsg_flags=NLM_F_REQUEST|NLM_F_ACK|0x600, nlmsg_seq=0, nlmsg_pid=0}}], 4096, 0, NULL, NULL) = 36
[pid  5094] openat(AT_FDCWD, "/sys/bus/netdevsim/del_device", O_WRONLY|O_CLOEXEC) = 4
[pid  5094] write(4, "3", 1 <unfinished ...>
[pid  5091] <... sendto resumed>)       = 92
[pid  5089] <... sendto resumed>)       = 88
[pid  5091] recvfrom(3,  <unfinished ...>
[pid  5095] <... sendto resumed>)       = 68
[pid  5092] <... sendto resumed>)       = 80
[pid  5089] recvfrom(3, [{nlmsg_len=36, nlmsg_type=NLMSG_ERROR, nlmsg_flags=NLM_F_CAPPED, nlmsg_seq=0, nlmsg_pid=1}, {error=0, msg={nlmsg_len=88, nlmsg_type=0x10 /* NLMSG_??? */, nlmsg_flags=NLM_F_REQUEST|NLM_F_ACK|0x600, nlmsg_seq=0, nlmsg_pid=0}}], 4096, 0, NULL, NULL) = 36
[pid  5091] <... recvfrom resumed>[{nlmsg_len=36, nlmsg_type=NLMSG_ERROR, nlmsg_flags=NLM_F_CAPPED, nlmsg_seq=0, nlmsg_pid=1}, {error=0, msg={nlmsg_len=92, nlmsg_type=0x10 /* NLMSG_??? */, nlmsg_flags=NLM_F_REQUEST|NLM_F_ACK|0x600, nlmsg_seq=0, nlmsg_pid=0}}], 4096, 0, NULL, NULL) = 36
[pid  5089] socket(AF_UNIX, SOCK_DGRAM|SOCK_CLOEXEC, 0 <unfinished ...>
[pid  5095] recvfrom(3,  <unfinished ...>
[pid  5092] recvfrom(3,  <unfinished ...>
[pid  5095] <... recvfrom resumed>[{nlmsg_len=36, nlmsg_type=NLMSG_ERROR, nlmsg_flags=NLM_F_CAPPED, nlmsg_seq=0, nlmsg_pid=1}, {error=0, msg={nlmsg_len=68, nlmsg_type=0x10 /* NLMSG_??? */, nlmsg_flags=NLM_F_REQUEST|NLM_F_ACK|0x600, nlmsg_seq=0, nlmsg_pid=0}}], 4096, 0, NULL, NULL) = 36
[pid  5092] <... recvfrom resumed>[{nlmsg_len=36, nlmsg_type=NLMSG_ERROR, nlmsg_flags=NLM_F_CAPPED, nlmsg_seq=0, nlmsg_pid=1}, {error=0, msg={nlmsg_len=80, nlmsg_type=0x10 /* NLMSG_??? */, nlmsg_flags=NLM_F_REQUEST|NLM_F_ACK|0x600, nlmsg_seq=0, nlmsg_pid=0}}], 4096, 0, NULL, NULL) = 36
[pid  5091] openat(AT_FDCWD, "/sys/bus/netdevsim/del_device", O_WRONLY|O_CLOEXEC <unfinished ...>
[pid  5089] <... socket resumed>)       = 4
[pid  5095] sendto(3, [{nlmsg_len=80, nlmsg_type=0x10 /* NLMSG_??? */, nlmsg_flags=NLM_F_REQUEST|NLM_F_ACK|0x600, nlmsg_seq=0, nlmsg_pid=0}, "\x00\x00\x00\x00\x00\x00\x00\x00\x00\x00\x00\x00\x00\x00\x00\x00\x0b\x00\x03\x00\x67\x65\x6e\x65\x76\x65\x30\x00\x24\x00\x12\x00\x0a\x00\x01\x00\x67\x65\x6e\x65\x76\x65\x00\x00\x14\x00\x02\x00\x08\x00\x01\x00\x00\x00\x00\x00\x08\x00\x02\x00\xac\x14\x14\x18"], 80, 0, {sa_family=AF_NETLINK, nl_pid=0, nl_groups=00000000}, 12 <unfinished ...>
[pid  5092] sendto(3, [{nlmsg_len=92, nlmsg_type=0x10 /* NLMSG_??? */, nlmsg_flags=NLM_F_REQUEST|NLM_F_ACK|0x600, nlmsg_seq=0, nlmsg_pid=0}, "\x00\x00\x00\x00\x00\x00\x00\x00\x00\x00\x00\x00\x00\x00\x00\x00\x0b\x00\x03\x00\x67\x65\x6e\x65\x76\x65\x31\x00\x30\x00\x12\x00\x0a\x00\x01\x00\x67\x65\x6e\x65\x76\x65\x00\x00\x20\x00\x02\x00\x08\x00\x01\x00\x01\x00\x00\x00\x14\x00\x07\x00\xfc\x00\x00\x00\x00\x00\x00\x00\x00\x00\x00\x00\x00\x00\x00\x01"], 92, 0, {sa_family=AF_NETLINK, nl_pid=0, nl_groups=00000000}, 12 <unfinished ...>
[pid  5091] <... openat resumed>)       = 4
[pid  5089] ioctl(4, SIOCGIFINDEX, {ifr_name="veth0_vlan" <unfinished ...>
[pid  5091] write(4, "2", 1 <unfinished ...>
[pid  5089] <... ioctl resumed>, ifr_ifindex=53}) = 0
[pid  5089] close(4)                    = 0
[pid  5089] sendto(3, [{nlmsg_len=88, nlmsg_type=0x10 /* NLMSG_??? */, nlmsg_flags=NLM_F_REQUEST|NLM_F_ACK|0x600, nlmsg_seq=0, nlmsg_pid=0}, "\x00\x00\x00\x00\x00\x00\x00\x00\x00\x00\x00\x00\x00\x00\x00\x00\x0b\x00\x03\x00\x69\x70\x76\x6c\x61\x6e\x31\x00\x24\x00\x12\x00\x0a\x00\x01\x00\x69\x70\x76\x6c\x61\x6e\x00\x00\x14\x00\x02\x00\x06\x00\x01\x00\x02\x00\x00\x00\x06\x00\x02\x00\x02\x00\x00\x00\x08\x00\x05\x00\x35\x00\x00\x00"], 88, 0, {sa_family=AF_NETLINK, nl_pid=0, nl_groups=00000000}, 12 <unfinished ...>
[pid  5095] <... sendto resumed>)       = 80
[pid  5095] recvfrom(3, [{nlmsg_len=36, nlmsg_type=NLMSG_ERROR, nlmsg_flags=NLM_F_CAPPED, nlmsg_seq=0, nlmsg_pid=1}, {error=0, msg={nlmsg_len=80, nlmsg_type=0x10 /* NLMSG_??? */, nlmsg_flags=NLM_F_REQUEST|NLM_F_ACK|0x600, nlmsg_seq=0, nlmsg_pid=0}}], 4096, 0, NULL, NULL) = 36
[pid  5092] <... sendto resumed>)       = 92
[pid  5095] sendto(3, [{nlmsg_len=92, nlmsg_type=0x10 /* NLMSG_??? */, nlmsg_flags=NLM_F_REQUEST|NLM_F_ACK|0x600, nlmsg_seq=0, nlmsg_pid=0}, "\x00\x00\x00\x00\x00\x00\x00\x00\x00\x00\x00\x00\x00\x00\x00\x00\x0b\x00\x03\x00\x67\x65\x6e\x65\x76\x65\x31\x00\x30\x00\x12\x00\x0a\x00\x01\x00\x67\x65\x6e\x65\x76\x65\x00\x00\x20\x00\x02\x00\x08\x00\x01\x00\x01\x00\x00\x00\x14\x00\x07\x00\xfc\x00\x00\x00\x00\x00\x00\x00\x00\x00\x00\x00\x00\x00\x00\x01"], 92, 0, {sa_family=AF_NETLINK, nl_pid=0, nl_groups=00000000}, 12 <unfinished ...>
[pid  5092] recvfrom(3,  <unfinished ...>
[pid  5089] <... sendto resumed>)       = 88
[pid  5092] <... recvfrom resumed>[{nlmsg_len=36, nlmsg_type=NLMSG_ERROR, nlmsg_flags=NLM_F_CAPPED, nlmsg_seq=0, nlmsg_pid=1}, {error=0, msg={nlmsg_len=92, nlmsg_type=0x10 /* NLMSG_??? */, nlmsg_flags=NLM_F_REQUEST|NLM_F_ACK|0x600, nlmsg_seq=0, nlmsg_pid=0}}], 4096, 0, NULL, NULL) = 36
[pid  5096] <... write resumed>)        = 3
[pid  5095] <... sendto resumed>)       = 92
[pid  5094] <... write resumed>)        = -1 ENOENT (No such file or directory)
[pid  5091] <... write resumed>)        = -1 ENOENT (No such file or directory)
[pid  5089] recvfrom(3,  <unfinished ...>
[pid  5092] openat(AT_FDCWD, "/sys/bus/netdevsim/del_device", O_WRONLY|O_CLOEXEC <unfinished ...>
[pid  5096] close(4 <unfinished ...>
[pid  5092] <... openat resumed>)       = 4
[pid  5089] <... recvfrom resumed>[{nlmsg_len=36, nlmsg_type=NLMSG_ERROR, nlmsg_flags=NLM_F_CAPPED, nlmsg_seq=0, nlmsg_pid=1}, {error=0, msg={nlmsg_len=88, nlmsg_type=0x10 /* NLMSG_??? */, nlmsg_flags=NLM_F_REQUEST|NLM_F_ACK|0x600, nlmsg_seq=0, nlmsg_pid=0}}], 4096, 0, NULL, NULL) = 36
[pid  5096] <... close resumed>)        = 0
[pid  5095] recvfrom(3,  <unfinished ...>
[pid  5094] close(4 <unfinished ...>
[pid  5092] write(4, "1", 1 <unfinished ...>
[pid  5091] close(4 <unfinished ...>
[pid  5089] sendto(3, [{nlmsg_len=108, nlmsg_type=0x10 /* NLMSG_??? */, nlmsg_flags=NLM_F_REQUEST|NLM_F_ACK|0x600, nlmsg_seq=0, nlmsg_pid=0}, "\x00\x00\x00\x00\x00\x00\x00\x00\x00\x00\x00\x00\x00\x00\x00\x00\x11\x00\x03\x00\x76\x65\x74\x68\x30\x5f\x6d\x61\x63\x76\x74\x61\x70\x00\x00\x00\x38\x00\x12\x00\x08\x00\x01\x00\x76\x65\x74\x68\x2c\x00\x02\x00\x28\x00\x01\x00\x00\x00\x00\x00\x00\x00\x00\x00\x00\x00\x00\x00\x00\x00\x00\x00\x11\x00\x03\x00\x76\x65\x74\x68\x31\x5f\x6d\x61\x63\x76\x74\x61\x70\x00\x00\x00"], 108, 0, {sa_family=AF_NETLINK, nl_pid=0, nl_groups=00000000}, 12 <unfinished ...>
[pid  5096] socket(AF_NETLINK, SOCK_RAW, NETLINK_GENERIC <unfinished ...>
[pid  5095] <... recvfrom resumed>[{nlmsg_len=36, nlmsg_type=NLMSG_ERROR, nlmsg_flags=NLM_F_CAPPED, nlmsg_seq=0, nlmsg_pid=1}, {error=0, msg={nlmsg_len=92, nlmsg_type=0x10 /* NLMSG_??? */, nlmsg_flags=NLM_F_REQUEST|NLM_F_ACK|0x600, nlmsg_seq=0, nlmsg_pid=0}}], 4096, 0, NULL, NULL) = 36
[pid  5094] <... close resumed>)        = 0
[pid  5092] <... write resumed>)        = -1 ENOENT (No such file or directory)
[pid  5091] <... close resumed>)        = 0
[pid  5095] openat(AT_FDCWD, "/sys/bus/netdevsim/del_device", O_WRONLY|O_CLOEXEC <unfinished ...>
[pid  5094] openat(AT_FDCWD, "/sys/bus/netdevsim/new_device", O_WRONLY|O_CLOEXEC <unfinished ...>
[pid  5091] openat(AT_FDCWD, "/sys/bus/netdevsim/new_device", O_WRONLY|O_CLOEXEC <unfinished ...>
[pid  5096] <... socket resumed>)       = 4
[pid  5095] <... openat resumed>)       = 4
[pid  5094] <... openat resumed>)       = 4
[pid  5092] close(4 <unfinished ...>
[pid  5091] <... openat resumed>)       = 4
[pid  5096] socket(AF_NETLINK, SOCK_RAW, NETLINK_ROUTE <unfinished ...>
[pid  5094] write(4, "3 4", 3 <unfinished ...>
[pid  5092] <... close resumed>)        = 0
[pid  5091] write(4, "2 4", 3 <unfinished ...>
[pid  5096] <... socket resumed>)       = 5
[pid  5095] write(4, "4", 1 <unfinished ...>
[pid  5092] openat(AT_FDCWD, "/sys/bus/netdevsim/new_device", O_WRONLY|O_CLOEXEC <unfinished ...>
[pid  5096] sendto(4, [{nlmsg_len=32, nlmsg_type=0x10 /* NLMSG_??? */, nlmsg_flags=NLM_F_REQUEST|NLM_F_ACK, nlmsg_seq=0, nlmsg_pid=0}, "\x03\x00\x00\x00\x0c\x00\x02\x00\x64\x65\x76\x6c\x69\x6e\x6b\x00"], 32, 0, {sa_family=AF_NETLINK, nl_pid=0, nl_groups=00000000}, 12) = 32
[pid  5092] <... openat resumed>)       = 4
[pid  5096] recvfrom(4,  <unfinished ...>
[pid  5092] write(4, "1 4", 3 <unfinished ...>
[pid  5096] <... recvfrom resumed>[{nlmsg_len=1236, nlmsg_type=0x10 /* NLMSG_??? */, nlmsg_flags=0, nlmsg_seq=0, nlmsg_pid=1}, "\x01\x02\x00\x00\x0c\x00\x02\x00\x64\x65\x76\x6c\x69\x6e\x6b\x00\x06\x00\x01\x00\x17\x00\x00\x00\x08\x00\x03\x00\x01\x00\x00\x00\x08\x00\x04\x00\x00\x00\x00\x00\x08\x00\x05\x00\x00\x00\x00\x00\x78\x04\x06\x00\x14\x00\x01\x00\x08\x00\x01\x00\x01\x00\x00\x00\x08\x00\x02\x00\x0e\x00\x00\x00\x14\x00\x02\x00\x08\x00\x01\x00\x05\x00\x00\x00\x08\x00\x02\x00\x0e\x00\x00\x00\x14\x00\x03\x00\x08\x00\x01\x00"...], 4096, 0, NULL, NULL) = 1236
[pid  5096] recvfrom(4, [{nlmsg_len=36, nlmsg_type=NLMSG_ERROR, nlmsg_flags=NLM_F_CAPPED, nlmsg_seq=0, nlmsg_pid=1}, {error=0, msg={nlmsg_len=32, nlmsg_type=0x10 /* NLMSG_??? */, nlmsg_flags=NLM_F_REQUEST|NLM_F_ACK, nlmsg_seq=0, nlmsg_pid=0}}], 4096, 0, NULL, NULL) = 36
[pid  5096] sendto(4, [{nlmsg_len=52, nlmsg_type=0x17 /* NLMSG_??? */, nlmsg_flags=NLM_F_REQUEST|NLM_F_ACK|0x300, nlmsg_seq=0, nlmsg_pid=0}, "\x05\x00\x00\x00\x0e\x00\x01\x00\x6e\x65\x74\x64\x65\x76\x73\x69\x6d\x00\x00\x00\x0f\x00\x02\x00\x6e\x65\x74\x64\x65\x76\x73\x69\x6d\x35\x00\x00"], 52, 0, {sa_family=AF_NETLINK, nl_pid=0, nl_groups=00000000}, 12) = 52
[pid  5096] recvfrom(4, [[{nlmsg_len=112, nlmsg_type=0x17 /* NLMSG_??? */, nlmsg_flags=NLM_F_MULTI|NLM_F_DUMP_FILTERED, nlmsg_seq=0, nlmsg_pid=1}, "\x07\x01\x00\x00\x0e\x00\x01\x00\x6e\x65\x74\x64\x65\x76\x73\x69\x6d\x00\x00\x00\x0f\x00\x02\x00\x6e\x65\x74\x64\x65\x76\x73\x69\x6d\x35\x00\x00\x08\x00\x03\x00\x00\x00\x00\x00\x06\x00\x04\x00\x02\x00\x00\x00\x08\x00\x06\x00\x42\x00\x00\x00\x09\x00\x07\x00\x65\x74\x68\x30\x00\x00\x00\x00\x05\x00\x94\x00\x00\x00\x00\x00\x06\x00\x4d\x00\x00\x00\x00\x00\x08\x00\x4e\x00\x01\x00\x00\x00"], [{nlmsg_len=112, nlmsg_type=0x17 /* NLMSG_??? */, nlmsg_flags=NLM_F_MULTI|NLM_F_DUMP_FILTERED, nlmsg_seq=0, nlmsg_pid=1}, "\x07\x01\x00\x00\x0e\x00\x01\x00\x6e\x65\x74\x64\x65\x76\x73\x69\x6d\x00\x00\x00\x0f\x00\x02\x00\x6e\x65\x74\x64\x65\x76\x73\x69\x6d\x35\x00\x00\x08\x00\x03\x00\x01\x00\x00\x00\x06\x00\x04\x00\x02\x00\x00\x00\x08\x00\x06\x00\x43\x00\x00\x00\x09\x00\x07\x00\x65\x74\x68\x31\x00\x00\x00\x00\x05\x00\x94\x00\x00\x00\x00\x00\x06\x00\x4d\x00\x00\x00\x00\x00\x08\x00\x4e\x00\x02\x00\x00\x00"], [{nlmsg_len=112, nlmsg_type=0x17 /* NLMSG_??? */, nlmsg_flags=NLM_F_MULTI|NLM_F_DUMP_FILTERED, nlmsg_seq=0, nlmsg_pid=1}, "\x07\x01\x00\x00\x0e\x00\x01\x00\x6e\x65\x74\x64\x65\x76\x73\x69\x6d\x00\x00\x00\x0f\x00\x02\x00\x6e\x65\x74\x64\x65\x76\x73\x69\x6d\x35\x00\x00\x08\x00\x03\x00\x02\x00\x00\x00\x06\x00\x04\x00\x02\x00\x00\x00\x08\x00\x06\x00\x44\x00\x00\x00\x09\x00\x07\x00\x65\x74\x68\x32\x00\x00\x00\x00\x05\x00\x94\x00\x00\x00\x00\x00\x06\x00\x4d\x00\x00\x00\x00\x00\x08\x00\x4e\x00\x03\x00\x00\x00"], [{nlmsg_len=112, nlmsg_type=0x17 /* NLMSG_??? */, nlmsg_flags=NLM_F_MULTI|NLM_F_DUMP_FILTERED, nlmsg_seq=0, nlmsg_pid=1}, "\x07\x01\x00\x00\x0e\x00\x01\x00\x6e\x65\x74\x64\x65\x76\x73\x69\x6d\x00\x00\x00\x0f\x00\x02\x00\x6e\x65\x74\x64\x65\x76\x73\x69\x6d\x35\x00\x00\x08\x00\x03\x00\x03\x00\x00\x00\x06\x00\x04\x00\x02\x00\x00\x00\x08\x00\x06\x00\x45\x00\x00\x00\x09\x00\x07\x00\x65\x74\x68\x33\x00\x00\x00\x00\x05\x00\x94\x00\x00\x00\x00\x00\x06\x00\x4d\x00\x00\x00\x00\x00\x08\x00\x4e\x00\x04\x00\x00\x00"], [{nlmsg_len=20, nlmsg_type=NLMSG_DONE, nlmsg_flags=NLM_F_MULTI, nlmsg_seq=0, nlmsg_pid=1}, 0]], 4096, 0, NULL, NULL) = 468
[pid  5096] socket(AF_UNIX, SOCK_DGRAM|SOCK_CLOEXEC, 0 <unfinished ...>
[pid  5089] <... sendto resumed>)       = 108
[pid  5096] <... socket resumed>)       = 6
[pid  5089] recvfrom(3,  <unfinished ...>
[pid  5096] ioctl(6, SIOCGIFINDEX, {ifr_name="eth0", ifr_ifindex=66}) = 0
[pid  5096] close(6)                    = 0
[pid  5096] sendto(5, [{nlmsg_len=48, nlmsg_type=0x10 /* NLMSG_??? */, nlmsg_flags=NLM_F_REQUEST|NLM_F_ACK, nlmsg_seq=0, nlmsg_pid=0}, "\x00\x00\x00\x00\x42\x00\x00\x00\x01\x00\x00\x00\x01\x00\x00\x00\x0e\x00\x03\x00\x6e\x65\x74\x64\x65\x76\x73\x69\x6d\x30\x00\x00"], 48, 0, {sa_family=AF_NETLINK, nl_pid=0, nl_groups=00000000}, 12 <unfinished ...>
[pid  5089] <... recvfrom resumed>[{nlmsg_len=36, nlmsg_type=NLMSG_ERROR, nlmsg_flags=NLM_F_CAPPED, nlmsg_seq=0, nlmsg_pid=1}, {error=0, msg={nlmsg_len=108, nlmsg_type=0x10 /* NLMSG_??? */, nlmsg_flags=NLM_F_REQUEST|NLM_F_ACK|0x600, nlmsg_seq=0, nlmsg_pid=0}}], 4096, 0, NULL, NULL) = 36
[pid  5089] socket(AF_UNIX, SOCK_DGRAM|SOCK_CLOEXEC, 0) = 4
[pid  5089] ioctl(4, SIOCGIFINDEX, {ifr_name="veth0_macvtap", ifr_ifindex=61}) = 0
[pid  5089] close(4)                    = 0
[pid  5089] sendto(3, [{nlmsg_len=68, nlmsg_type=0x10 /* NLMSG_??? */, nlmsg_flags=NLM_F_REQUEST|NLM_F_ACK|0x600, nlmsg_seq=0, nlmsg_pid=0}, "\x00\x00\x00\x00\x00\x00\x00\x00\x00\x00\x00\x00\x00\x00\x00\x00\x0c\x00\x03\x00\x6d\x61\x63\x76\x74\x61\x70\x30\x10\x00\x12\x00\x0b\x00\x01\x00\x6d\x61\x63\x76\x74\x61\x70\x00\x08\x00\x05\x00\x3d\x00\x00\x00"], 68, 0, {sa_family=AF_NETLINK, nl_pid=0, nl_groups=00000000}, 12 <unfinished ...>
[pid  5096] <... sendto resumed>)       = 48
[pid  5096] recvfrom(5, [{nlmsg_len=36, nlmsg_type=NLMSG_ERROR, nlmsg_flags=NLM_F_CAPPED, nlmsg_seq=0, nlmsg_pid=-1860269715}, {error=0, msg={nlmsg_len=48, nlmsg_type=0x10 /* NLMSG_??? */, nlmsg_flags=NLM_F_REQUEST|NLM_F_ACK, nlmsg_seq=0, nlmsg_pid=0}}], 4096, 0, NULL, NULL) = 36
[pid  5096] socket(AF_UNIX, SOCK_DGRAM|SOCK_CLOEXEC, 0) = 6
[pid  5089] <... sendto resumed>)       = 68
[pid  5096] ioctl(6, SIOCGIFINDEX, {ifr_name="eth1", ifr_ifindex=67}) = 0
[pid  5089] recvfrom(3,  <unfinished ...>
[pid  5096] close(6 <unfinished ...>
[pid  5089] <... recvfrom resumed>[{nlmsg_len=36, nlmsg_type=NLMSG_ERROR, nlmsg_flags=NLM_F_CAPPED, nlmsg_seq=0, nlmsg_pid=1}, {error=0, msg={nlmsg_len=68, nlmsg_type=0x10 /* NLMSG_??? */, nlmsg_flags=NLM_F_REQUEST|NLM_F_ACK|0x600, nlmsg_seq=0, nlmsg_pid=0}}], 4096, 0, NULL, NULL) = 36
[pid  5096] <... close resumed>)        = 0
[   82.941326][ T5096] netdevsim netdevsim5 netdevsim0: renamed from eth0
[pid  5089] socket(AF_UNIX, SOCK_DGRAM|SOCK_CLOEXEC, 0 <unfinished ...>
[pid  5096] sendto(5, [{nlmsg_len=48, nlmsg_type=0x10 /* NLMSG_??? */, nlmsg_flags=NLM_F_REQUEST|NLM_F_ACK, nlmsg_seq=0, nlmsg_pid=0}, "\x00\x00\x00\x00\x43\x00\x00\x00\x01\x00\x00\x00\x01\x00\x00\x00\x0e\x00\x03\x00\x6e\x65\x74\x64\x65\x76\x73\x69\x6d\x31\x00\x00"], 48, 0, {sa_family=AF_NETLINK, nl_pid=0, nl_groups=00000000}, 12 <unfinished ...>
[pid  5089] <... socket resumed>)       = 4
[pid  5094] <... write resumed>)        = 3
[pid  5089] ioctl(4, SIOCGIFINDEX, {ifr_name="veth1_macvtap" <unfinished ...>
[pid  5094] close(4)                    = 0
[pid  5089] <... ioctl resumed>, ifr_ifindex=60}) = 0
[pid  5094] socket(AF_NETLINK, SOCK_RAW, NETLINK_GENERIC <unfinished ...>
[pid  5089] close(4 <unfinished ...>
[pid  5094] <... socket resumed>)       = 4
[pid  5089] <... close resumed>)        = 0
[pid  5094] socket(AF_NETLINK, SOCK_RAW, NETLINK_ROUTE <unfinished ...>
[pid  5089] sendto(3, [{nlmsg_len=68, nlmsg_type=0x10 /* NLMSG_??? */, nlmsg_flags=NLM_F_REQUEST|NLM_F_ACK|0x600, nlmsg_seq=0, nlmsg_pid=0}, "\x00\x00\x00\x00\x00\x00\x00\x00\x00\x00\x00\x00\x00\x00\x00\x00\x0b\x00\x03\x00\x6d\x61\x63\x73\x65\x63\x30\x00\x10\x00\x12\x00\x0a\x00\x01\x00\x6d\x61\x63\x73\x65\x63\x00\x00\x08\x00\x05\x00\x3c\x00\x00\x00"], 68, 0, {sa_family=AF_NETLINK, nl_pid=0, nl_groups=00000000}, 12 <unfinished ...>
[pid  5094] <... socket resumed>)       = 5
[pid  5094] sendto(4, [{nlmsg_len=32, nlmsg_type=0x10 /* NLMSG_??? */, nlmsg_flags=NLM_F_REQUEST|NLM_F_ACK, nlmsg_seq=0, nlmsg_pid=0}, "\x03\x00\x00\x00\x0c\x00\x02\x00\x64\x65\x76\x6c\x69\x6e\x6b\x00"], 32, 0, {sa_family=AF_NETLINK, nl_pid=0, nl_groups=00000000}, 12 <unfinished ...>
[pid  5096] <... sendto resumed>)       = 48
[pid  5096] recvfrom(5,  <unfinished ...>
[pid  5094] <... sendto resumed>)       = 32
[pid  5096] <... recvfrom resumed>[{nlmsg_len=36, nlmsg_type=NLMSG_ERROR, nlmsg_flags=NLM_F_CAPPED, nlmsg_seq=0, nlmsg_pid=-1860269715}, {error=0, msg={nlmsg_len=48, nlmsg_type=0x10 /* NLMSG_??? */, nlmsg_flags=NLM_F_REQUEST|NLM_F_ACK, nlmsg_seq=0, nlmsg_pid=0}}], 4096, 0, NULL, NULL) = 36
[pid  5094] recvfrom(4,  <unfinished ...>
[pid  5096] socket(AF_UNIX, SOCK_DGRAM|SOCK_CLOEXEC, 0 <unfinished ...>
[pid  5089] <... sendto resumed>)       = 68
[pid  5096] <... socket resumed>)       = 6
[pid  5094] <... recvfrom resumed>[{nlmsg_len=1236, nlmsg_type=0x10 /* NLMSG_??? */, nlmsg_flags=0, nlmsg_seq=0, nlmsg_pid=1}, "\x01\x02\x00\x00\x0c\x00\x02\x00\x64\x65\x76\x6c\x69\x6e\x6b\x00\x06\x00\x01\x00\x17\x00\x00\x00\x08\x00\x03\x00\x01\x00\x00\x00\x08\x00\x04\x00\x00\x00\x00\x00\x08\x00\x05\x00\x00\x00\x00\x00\x78\x04\x06\x00\x14\x00\x01\x00\x08\x00\x01\x00\x01\x00\x00\x00\x08\x00\x02\x00\x0e\x00\x00\x00\x14\x00\x02\x00\x08\x00\x01\x00\x05\x00\x00\x00\x08\x00\x02\x00\x0e\x00\x00\x00\x14\x00\x03\x00\x08\x00\x01\x00"...], 4096, 0, NULL, NULL) = 1236
[pid  5096] ioctl(6, SIOCGIFINDEX, {ifr_name="eth2", ifr_ifindex=68}) = 0
[pid  5094] recvfrom(4,  <unfinished ...>
[pid  5096] close(6 <unfinished ...>
[pid  5094] <... recvfrom resumed>[{nlmsg_len=36, nlmsg_type=NLMSG_ERROR, nlmsg_flags=NLM_F_CAPPED, nlmsg_seq=0, nlmsg_pid=1}, {error=0, msg={nlmsg_len=32, nlmsg_type=0x10 /* NLMSG_??? */, nlmsg_flags=NLM_F_REQUEST|NLM_F_ACK, nlmsg_seq=0, nlmsg_pid=0}}], 4096, 0, NULL, NULL) = 36
[pid  5089] recvfrom(3,  <unfinished ...>
[pid  5094] sendto(4, [{nlmsg_len=52, nlmsg_type=0x17 /* NLMSG_??? */, nlmsg_flags=NLM_F_REQUEST|NLM_F_ACK|0x300, nlmsg_seq=0, nlmsg_pid=0}, "\x05\x00\x00\x00\x0e\x00\x01\x00\x6e\x65\x74\x64\x65\x76\x73\x69\x6d\x00\x00\x00\x0f\x00\x02\x00\x6e\x65\x74\x64\x65\x76\x73\x69\x6d\x33\x00\x00"], 52, 0, {sa_family=AF_NETLINK, nl_pid=0, nl_groups=00000000}, 12 <unfinished ...>
[pid  5089] <... recvfrom resumed>[{nlmsg_len=36, nlmsg_type=NLMSG_ERROR, nlmsg_flags=NLM_F_CAPPED, nlmsg_seq=0, nlmsg_pid=1}, {error=0, msg={nlmsg_len=68, nlmsg_type=0x10 /* NLMSG_??? */, nlmsg_flags=NLM_F_REQUEST|NLM_F_ACK|0x600, nlmsg_seq=0, nlmsg_pid=0}}], 4096, 0, NULL, NULL) = 36
[pid  5094] <... sendto resumed>)       = 52
[pid  5096] <... close resumed>)        = 0
[pid  5096] sendto(5, [{nlmsg_len=48, nlmsg_type=0x10 /* NLMSG_??? */, nlmsg_flags=NLM_F_REQUEST|NLM_F_ACK, nlmsg_seq=0, nlmsg_pid=0}, "\x00\x00\x00\x00\x44\x00\x00\x00\x01\x00\x00\x00\x01\x00\x00\x00\x0e\x00\x03\x00\x6e\x65\x74\x64\x65\x76\x73\x69\x6d\x32\x00\x00"], 48, 0, {sa_family=AF_NETLINK, nl_pid=0, nl_groups=00000000}, 12 <unfinished ...>
[pid  5094] recvfrom(4,  <unfinished ...>
[pid  5089] sendto(3, [{nlmsg_len=80, nlmsg_type=0x10 /* NLMSG_??? */, nlmsg_flags=NLM_F_REQUEST|NLM_F_ACK|0x600, nlmsg_seq=0, nlmsg_pid=0}, "\x00\x00\x00\x00\x00\x00\x00\x00\x00\x00\x00\x00\x00\x00\x00\x00\x0b\x00\x03\x00\x67\x65\x6e\x65\x76\x65\x30\x00\x24\x00\x12\x00\x0a\x00\x01\x00\x67\x65\x6e\x65\x76\x65\x00\x00\x14\x00\x02\x00\x08\x00\x01\x00\x00\x00\x00\x00\x08\x00\x02\x00\xac\x14\x14\x18"], 80, 0, {sa_family=AF_NETLINK, nl_pid=0, nl_groups=00000000}, 12 <unfinished ...>
[pid  5094] <... recvfrom resumed>[[{nlmsg_len=112, nlmsg_type=0x17 /* NLMSG_??? */, nlmsg_flags=NLM_F_MULTI|NLM_F_DUMP_FILTERED, nlmsg_seq=0, nlmsg_pid=1}, "\x07\x01\x00\x00\x0e\x00\x01\x00\x6e\x65\x74\x64\x65\x76\x73\x69\x6d\x00\x00\x00\x0f\x00\x02\x00\x6e\x65\x74\x64\x65\x76\x73\x69\x6d\x33\x00\x00\x08\x00\x03\x00\x00\x00\x00\x00\x06\x00\x04\x00\x02\x00\x00\x00\x08\x00\x06\x00\x42\x00\x00\x00\x09\x00\x07\x00\x65\x74\x68\x30\x00\x00\x00\x00\x05\x00\x94\x00\x00\x00\x00\x00\x06\x00\x4d\x00\x00\x00\x00\x00\x08\x00\x4e\x00\x01\x00\x00\x00"], [{nlmsg_len=112, nlmsg_type=0x17 /* NLMSG_??? */, nlmsg_flags=NLM_F_MULTI|NLM_F_DUMP_FILTERED, nlmsg_seq=0, nlmsg_pid=1}, "\x07\x01\x00\x00\x0e\x00\x01\x00\x6e\x65\x74\x64\x65\x76\x73\x69\x6d\x00\x00\x00\x0f\x00\x02\x00\x6e\x65\x74\x64\x65\x76\x73\x69\x6d\x33\x00\x00\x08\x00\x03\x00\x01\x00\x00\x00\x06\x00\x04\x00\x02\x00\x00\x00\x08\x00\x06\x00\x43\x00\x00\x00\x09\x00\x07\x00\x65\x74\x68\x31\x00\x00\x00\x00\x05\x00\x94\x00\x00\x00\x00\x00\x06\x00\x4d\x00\x00\x00\x00\x00\x08\x00\x4e\x00\x02\x00\x00\x00"], [{nlmsg_len=112, nlmsg_type=0x17 /* NLMSG_??? */, nlmsg_flags=NLM_F_MULTI|NLM_F_DUMP_FILTERED, nlmsg_seq=0, nlmsg_pid=1}, "\x07\x01\x00\x00\x0e\x00\x01\x00\x6e\x65\x74\x64\x65\x76\x73\x69\x6d\x00\x00\x00\x0f\x00\x02\x00\x6e\x65\x74\x64\x65\x76\x73\x69\x6d\x33\x00\x00\x08\x00\x03\x00\x02\x00\x00\x00\x06\x00\x04\x00\x02\x00\x00\x00\x08\x00\x06\x00\x44\x00\x00\x00\x09\x00\x07\x00\x65\x74\x68\x32\x00\x00\x00\x00\x05\x00\x94\x00\x00\x00\x00\x00\x06\x00\x4d\x00\x00\x00\x00\x00\x08\x00\x4e\x00\x03\x00\x00\x00"], [{nlmsg_len=112, nlmsg_type=0x17 /* NLMSG_??? */, nlmsg_flags=NLM_F_MULTI|NLM_F_DUMP_FILTERED, nlmsg_seq=0, nlmsg_pid=1}, "\x07\x01\x00\x00\x0e\x00\x01\x00\x6e\x65\x74\x64\x65\x76\x73\x69\x6d\x00\x00\x00\x0f\x00\x02\x00\x6e\x65\x74\x64\x65\x76\x73\x69\x6d\x33\x00\x00\x08\x00\x03\x00\x03\x00\x00\x00\x06\x00\x04\x00\x02\x00\x00\x00\x08\x00\x06\x00\x45\x00\x00\x00\x09\x00\x07\x00\x65\x74\x68\x33\x00\x00\x00\x00\x05\x00\x94\x00\x00\x00\x00\x00\x06\x00\x4d\x00\x00\x00\x00\x00\x08\x00\x4e\x00\x04\x00\x00\x00"], [{nlmsg_len=20, nlmsg_type=NLMSG_DONE, nlmsg_flags=NLM_F_MULTI, nlmsg_seq=0, nlmsg_pid=1}, 0]], 4096, 0, NULL, NULL) = 468
[   83.007248][ T5096] netdevsim netdevsim5 netdevsim1: renamed from eth1
[pid  5094] socket(AF_UNIX, SOCK_DGRAM|SOCK_CLOEXEC, 0) = 6
[pid  5094] ioctl(6, SIOCGIFINDEX, {ifr_name="eth0", ifr_ifindex=66}) = 0
[pid  5094] close(6)                    = 0
[pid  5094] sendto(5, [{nlmsg_len=48, nlmsg_type=0x10 /* NLMSG_??? */, nlmsg_flags=NLM_F_REQUEST|NLM_F_ACK, nlmsg_seq=0, nlmsg_pid=0}, "\x00\x00\x00\x00\x42\x00\x00\x00\x01\x00\x00\x00\x01\x00\x00\x00\x0e\x00\x03\x00\x6e\x65\x74\x64\x65\x76\x73\x69\x6d\x30\x00\x00"], 48, 0, {sa_family=AF_NETLINK, nl_pid=0, nl_groups=00000000}, 12 <unfinished ...>
[pid  5096] <... sendto resumed>)       = 48
[pid  5096] recvfrom(5, [{nlmsg_len=36, nlmsg_type=NLMSG_ERROR, nlmsg_flags=NLM_F_CAPPED, nlmsg_seq=0, nlmsg_pid=-1860269715}, {error=0, msg={nlmsg_len=48, nlmsg_type=0x10 /* NLMSG_??? */, nlmsg_flags=NLM_F_REQUEST|NLM_F_ACK, nlmsg_seq=0, nlmsg_pid=0}}], 4096, 0, NULL, NULL) = 36
[pid  5089] <... sendto resumed>)       = 80
[pid  5089] recvfrom(3, [{nlmsg_len=36, nlmsg_type=NLMSG_ERROR, nlmsg_flags=NLM_F_CAPPED, nlmsg_seq=0, nlmsg_pid=1}, {error=0, msg={nlmsg_len=80, nlmsg_type=0x10 /* NLMSG_??? */, nlmsg_flags=NLM_F_REQUEST|NLM_F_ACK|0x600, nlmsg_seq=0, nlmsg_pid=0}}], 4096, 0, NULL, NULL) = 36
[pid  5096] socket(AF_UNIX, SOCK_DGRAM|SOCK_CLOEXEC, 0 <unfinished ...>
[pid  5089] sendto(3, [{nlmsg_len=92, nlmsg_type=0x10 /* NLMSG_??? */, nlmsg_flags=NLM_F_REQUEST|NLM_F_ACK|0x600, nlmsg_seq=0, nlmsg_pid=0}, "\x00\x00\x00\x00\x00\x00\x00\x00\x00\x00\x00\x00\x00\x00\x00\x00\x0b\x00\x03\x00\x67\x65\x6e\x65\x76\x65\x31\x00\x30\x00\x12\x00\x0a\x00\x01\x00\x67\x65\x6e\x65\x76\x65\x00\x00\x20\x00\x02\x00\x08\x00\x01\x00\x01\x00\x00\x00\x14\x00\x07\x00\xfc\x00\x00\x00\x00\x00\x00\x00\x00\x00\x00\x00\x00\x00\x00\x01"], 92, 0, {sa_family=AF_NETLINK, nl_pid=0, nl_groups=00000000}, 12 <unfinished ...>
[pid  5096] <... socket resumed>)       = 6
[pid  5096] ioctl(6, SIOCGIFINDEX, {ifr_name="eth3", ifr_ifindex=69}) = 0
[pid  5096] close(6)                    = 0
[   83.076481][ T5096] netdevsim netdevsim5 netdevsim2: renamed from eth2
[pid  5096] sendto(5, [{nlmsg_len=48, nlmsg_type=0x10 /* NLMSG_??? */, nlmsg_flags=NLM_F_REQUEST|NLM_F_ACK, nlmsg_seq=0, nlmsg_pid=0}, "\x00\x00\x00\x00\x45\x00\x00\x00\x01\x00\x00\x00\x01\x00\x00\x00\x0e\x00\x03\x00\x6e\x65\x74\x64\x65\x76\x73\x69\x6d\x33\x00\x00"], 48, 0, {sa_family=AF_NETLINK, nl_pid=0, nl_groups=00000000}, 12 <unfinished ...>
[pid  5094] <... sendto resumed>)       = 48
[pid  5094] recvfrom(5, [{nlmsg_len=36, nlmsg_type=NLMSG_ERROR, nlmsg_flags=NLM_F_CAPPED, nlmsg_seq=0, nlmsg_pid=-1933171619}, {error=0, msg={nlmsg_len=48, nlmsg_type=0x10 /* NLMSG_??? */, nlmsg_flags=NLM_F_REQUEST|NLM_F_ACK, nlmsg_seq=0, nlmsg_pid=0}}], 4096, 0, NULL, NULL) = 36
[pid  5094] socket(AF_UNIX, SOCK_DGRAM|SOCK_CLOEXEC, 0 <unfinished ...>
[pid  5089] <... sendto resumed>)       = 92
[pid  5094] <... socket resumed>)       = 6
[pid  5089] recvfrom(3, [{nlmsg_len=36, nlmsg_type=NLMSG_ERROR, nlmsg_flags=NLM_F_CAPPED, nlmsg_seq=0, nlmsg_pid=1}, {error=0, msg={nlmsg_len=92, nlmsg_type=0x10 /* NLMSG_??? */, nlmsg_flags=NLM_F_REQUEST|NLM_F_ACK|0x600, nlmsg_seq=0, nlmsg_pid=0}}], 4096, 0, NULL, NULL) = 36
[pid  5094] ioctl(6, SIOCGIFINDEX, {ifr_name="eth1" <unfinished ...>
[pid  5089] openat(AT_FDCWD, "/sys/bus/netdevsim/del_device", O_WRONLY|O_CLOEXEC <unfinished ...>
[pid  5094] <... ioctl resumed>, ifr_ifindex=67}) = 0
[pid  5089] <... openat resumed>)       = 4
[pid  5094] close(6 <unfinished ...>
[pid  5089] write(4, "0", 1 <unfinished ...>
[pid  5094] <... close resumed>)        = 0
[pid  5094] sendto(5, [{nlmsg_len=48, nlmsg_type=0x10 /* NLMSG_??? */, nlmsg_flags=NLM_F_REQUEST|NLM_F_ACK, nlmsg_seq=0, nlmsg_pid=0}, "\x00\x00\x00\x00\x43\x00\x00\x00\x01\x00\x00\x00\x01\x00\x00\x00\x0e\x00\x03\x00\x6e\x65\x74\x64\x65\x76\x73\x69\x6d\x31\x00\x00"], 48, 0, {sa_family=AF_NETLINK, nl_pid=0, nl_groups=00000000}, 12 <unfinished ...>
[pid  5096] <... sendto resumed>)       = 48
[pid  5096] recvfrom(5, [{nlmsg_len=36, nlmsg_type=NLMSG_ERROR, nlmsg_flags=NLM_F_CAPPED, nlmsg_seq=0, nlmsg_pid=-1860269715}, {error=0, msg={nlmsg_len=48, nlmsg_type=0x10 /* NLMSG_??? */, nlmsg_flags=NLM_F_REQUEST|NLM_F_ACK, nlmsg_seq=0, nlmsg_pid=0}}], 4096, 0, NULL, NULL) = 36
[   83.120362][ T5094] netdevsim netdevsim3 netdevsim0: renamed from eth0
[   83.140989][ T5096] netdevsim netdevsim5 netdevsim3: renamed from eth3
[pid  5096] close(5)                    = 0
[pid  5095] <... write resumed>)        = -1 ENOENT (No such file or directory)
[pid  5091] <... write resumed>)        = 3
[pid  5096] close(4 <unfinished ...>
[pid  5095] close(4 <unfinished ...>
[pid  5091] close(4 <unfinished ...>
[pid  5096] <... close resumed>)        = 0
[pid  5096] socket(AF_NETLINK, SOCK_RAW, NETLINK_GENERIC <unfinished ...>
[pid  5095] <... close resumed>)        = 0
[pid  5094] <... sendto resumed>)       = 48
[pid  5091] <... close resumed>)        = 0
[pid  5096] <... socket resumed>)       = 4
[pid  5095] openat(AT_FDCWD, "/sys/bus/netdevsim/new_device", O_WRONLY|O_CLOEXEC <unfinished ...>
[pid  5091] socket(AF_NETLINK, SOCK_RAW, NETLINK_GENERIC <unfinished ...>
[pid  5096] sendto(4, [{nlmsg_len=36, nlmsg_type=0x10 /* NLMSG_??? */, nlmsg_flags=NLM_F_REQUEST|NLM_F_ACK, nlmsg_seq=0, nlmsg_pid=0}, "\x03\x00\x00\x00\x0e\x00\x02\x00\x77\x69\x72\x65\x67\x75\x61\x72\x64\x00\x00\x00"], 36, 0, {sa_family=AF_NETLINK, nl_pid=0, nl_groups=00000000}, 12) = 36
[pid  5095] <... openat resumed>)       = 4
[pid  5094] recvfrom(5,  <unfinished ...>
[pid  5091] <... socket resumed>)       = 4
[pid  5096] recvfrom(4,  <unfinished ...>
[pid  5095] write(4, "4 4", 3 <unfinished ...>
[pid  5094] <... recvfrom resumed>[{nlmsg_len=36, nlmsg_type=NLMSG_ERROR, nlmsg_flags=NLM_F_CAPPED, nlmsg_seq=0, nlmsg_pid=-1933171619}, {error=0, msg={nlmsg_len=48, nlmsg_type=0x10 /* NLMSG_??? */, nlmsg_flags=NLM_F_REQUEST|NLM_F_ACK, nlmsg_seq=0, nlmsg_pid=0}}], 4096, 0, NULL, NULL) = 36
[pid  5096] <... recvfrom resumed>[{nlmsg_len=112, nlmsg_type=0x10 /* NLMSG_??? */, nlmsg_flags=0, nlmsg_seq=0, nlmsg_pid=1}, "\x01\x02\x00\x00\x0e\x00\x02\x00\x77\x69\x72\x65\x67\x75\x61\x72\x64\x00\x00\x00\x06\x00\x01\x00\x27\x00\x00\x00\x08\x00\x03\x00\x01\x00\x00\x00\x08\x00\x04\x00\x00\x00\x00\x00\x08\x00\x05\x00\x08\x00\x00\x00\x2c\x00\x06\x00\x14\x00\x01\x00\x08\x00\x01\x00\x00\x00\x00\x00\x08\x00\x02\x00\x1c\x00\x00\x00\x14\x00\x02\x00\x08\x00\x01\x00\x01\x00\x00\x00\x08\x00\x02\x00\x1a\x00\x00\x00"], 4096, 0, NULL, NULL) = 112
[pid  5094] socket(AF_UNIX, SOCK_DGRAM|SOCK_CLOEXEC, 0 <unfinished ...>
[pid  5091] socket(AF_NETLINK, SOCK_RAW, NETLINK_ROUTE <unfinished ...>
[pid  5096] recvfrom(4,  <unfinished ...>
[pid  5094] <... socket resumed>)       = 6
[pid  5096] <... recvfrom resumed>[{nlmsg_len=36, nlmsg_type=NLMSG_ERROR, nlmsg_flags=NLM_F_CAPPED, nlmsg_seq=0, nlmsg_pid=1}, {error=0, msg={nlmsg_len=36, nlmsg_type=0x10 /* NLMSG_??? */, nlmsg_flags=NLM_F_REQUEST|NLM_F_ACK, nlmsg_seq=0, nlmsg_pid=0}}], 4096, 0, NULL, NULL) = 36
[pid  5094] ioctl(6, SIOCGIFINDEX, {ifr_name="eth2" <unfinished ...>
[   83.168781][ T5094] netdevsim netdevsim3 netdevsim1: renamed from eth1
[pid  5096] sendto(4, [{nlmsg_len=368, nlmsg_type=0x27 /* NLMSG_??? */, nlmsg_flags=NLM_F_REQUEST|NLM_F_ACK, nlmsg_seq=0, nlmsg_pid=0}, "\x01\x01\x00\x00\x08\x00\x02\x00\x77\x67\x30\x00\x24\x00\x03\x00\xa0\x5c\xa8\x4f\x6c\x9c\x8e\x38\x53\xe2\xfd\x7a\x70\xae\x0f\xb2\x0f\xa1\x52\x60\x0c\xb0\x08\x45\x17\x4f\x08\x07\x6f\x8d\x78\x43\x06\x00\x06\x00\x21\x4e\x00\x00\x28\x01\x08\x80\x8c\x00\x00\x80\x24\x00\x01\x00\xd1\x73\x28\x99\xf6\x11\xcd\x89\x94\x03\x4d\x7f\x41\x3d\xc9\x57\x63\x0e\x54\x93\xc2\x85\xac\xa4\x00\x65\xcb\x63\x11\xbe\x69\x6b"...], 368, 0, {sa_family=AF_NETLINK, nl_pid=0, nl_groups=00000000}, 12 <unfinished ...>
[pid  5094] <... ioctl resumed>, ifr_ifindex=68}) = 0
[pid  5091] <... socket resumed>)       = 5
[pid  5091] sendto(4, [{nlmsg_len=32, nlmsg_type=0x10 /* NLMSG_??? */, nlmsg_flags=NLM_F_REQUEST|NLM_F_ACK, nlmsg_seq=0, nlmsg_pid=0}, "\x03\x00\x00\x00\x0c\x00\x02\x00\x64\x65\x76\x6c\x69\x6e\x6b\x00"], 32, 0, {sa_family=AF_NETLINK, nl_pid=0, nl_groups=00000000}, 12 <unfinished ...>
[pid  5096] <... sendto resumed>)       = 368
[pid  5094] close(6)                    = 0
[pid  5091] <... sendto resumed>)       = 32
[pid  5094] sendto(5, [{nlmsg_len=48, nlmsg_type=0x10 /* NLMSG_??? */, nlmsg_flags=NLM_F_REQUEST|NLM_F_ACK, nlmsg_seq=0, nlmsg_pid=0}, "\x00\x00\x00\x00\x44\x00\x00\x00\x01\x00\x00\x00\x01\x00\x00\x00\x0e\x00\x03\x00\x6e\x65\x74\x64\x65\x76\x73\x69\x6d\x32\x00\x00"], 48, 0, {sa_family=AF_NETLINK, nl_pid=0, nl_groups=00000000}, 12 <unfinished ...>
[pid  5091] recvfrom(4,  <unfinished ...>
[pid  5096] recvfrom(4, [{nlmsg_len=36, nlmsg_type=NLMSG_ERROR, nlmsg_flags=NLM_F_CAPPED, nlmsg_seq=0, nlmsg_pid=1}, {error=0, msg={nlmsg_len=368, nlmsg_type=0x27 /* NLMSG_??? */, nlmsg_flags=NLM_F_REQUEST|NLM_F_ACK, nlmsg_seq=0, nlmsg_pid=0}}], 4096, 0, NULL, NULL) = 36
[pid  5096] sendto(4, [{nlmsg_len=368, nlmsg_type=0x27 /* NLMSG_??? */, nlmsg_flags=NLM_F_REQUEST|NLM_F_ACK, nlmsg_seq=0, nlmsg_pid=0}, "\x01\x01\x00\x00\x08\x00\x02\x00\x77\x67\x31\x00\x24\x00\x03\x00\xb0\x80\x73\xe8\xd4\x4e\x91\xe3\xda\x92\x2c\x22\x43\x82\x44\xbb\x88\x5c\x69\xe2\x69\xc8\xe9\xd8\x35\xb1\x14\x29\x3a\x4d\xdc\x6e\x06\x00\x06\x00\x22\x4e\x00\x00\x28\x01\x08\x80\x98\x00\x00\x80\x24\x00\x01\x00\x97\x5c\x9d\x81\xc9\x83\xc8\x20\x9e\xe7\x81\x25\x4b\x89\x9f\x8e\xd9\x25\xae\x9f\x09\x23\xc2\x3c\x62\xf5\x3c\x57\xcd\xbf\x69\x1c"...], 368, 0, {sa_family=AF_NETLINK, nl_pid=0, nl_groups=00000000}, 12 <unfinished ...>
[pid  5091] <... recvfrom resumed>[{nlmsg_len=1236, nlmsg_type=0x10 /* NLMSG_??? */, nlmsg_flags=0, nlmsg_seq=0, nlmsg_pid=1}, "\x01\x02\x00\x00\x0c\x00\x02\x00\x64\x65\x76\x6c\x69\x6e\x6b\x00\x06\x00\x01\x00\x17\x00\x00\x00\x08\x00\x03\x00\x01\x00\x00\x00\x08\x00\x04\x00\x00\x00\x00\x00\x08\x00\x05\x00\x00\x00\x00\x00\x78\x04\x06\x00\x14\x00\x01\x00\x08\x00\x01\x00\x01\x00\x00\x00\x08\x00\x02\x00\x0e\x00\x00\x00\x14\x00\x02\x00\x08\x00\x01\x00\x05\x00\x00\x00\x08\x00\x02\x00\x0e\x00\x00\x00\x14\x00\x03\x00\x08\x00\x01\x00"...], 4096, 0, NULL, NULL) = 1236
[pid  5091] recvfrom(4, [{nlmsg_len=36, nlmsg_type=NLMSG_ERROR, nlmsg_flags=NLM_F_CAPPED, nlmsg_seq=0, nlmsg_pid=1}, {error=0, msg={nlmsg_len=32, nlmsg_type=0x10 /* NLMSG_??? */, nlmsg_flags=NLM_F_REQUEST|NLM_F_ACK, nlmsg_seq=0, nlmsg_pid=0}}], 4096, 0, NULL, NULL) = 36
[pid  5094] <... sendto resumed>)       = 48
[pid  5091] sendto(4, [{nlmsg_len=52, nlmsg_type=0x17 /* NLMSG_??? */, nlmsg_flags=NLM_F_REQUEST|NLM_F_ACK|0x300, nlmsg_seq=0, nlmsg_pid=0}, "\x05\x00\x00\x00\x0e\x00\x01\x00\x6e\x65\x74\x64\x65\x76\x73\x69\x6d\x00\x00\x00\x0f\x00\x02\x00\x6e\x65\x74\x64\x65\x76\x73\x69\x6d\x32\x00\x00"], 52, 0, {sa_family=AF_NETLINK, nl_pid=0, nl_groups=00000000}, 12 <unfinished ...>
[pid  5094] recvfrom(5, [{nlmsg_len=36, nlmsg_type=NLMSG_ERROR, nlmsg_flags=NLM_F_CAPPED, nlmsg_seq=0, nlmsg_pid=-1933171619}, {error=0, msg={nlmsg_len=48, nlmsg_type=0x10 /* NLMSG_??? */, nlmsg_flags=NLM_F_REQUEST|NLM_F_ACK, nlmsg_seq=0, nlmsg_pid=0}}], 4096, 0, NULL, NULL) = 36
[pid  5091] <... sendto resumed>)       = 52
[pid  5094] socket(AF_UNIX, SOCK_DGRAM|SOCK_CLOEXEC, 0) = 6
[pid  5091] recvfrom(4,  <unfinished ...>
[pid  5094] ioctl(6, SIOCGIFINDEX, {ifr_name="eth3", ifr_ifindex=69}) = 0
[pid  5091] <... recvfrom resumed>[[{nlmsg_len=112, nlmsg_type=0x17 /* NLMSG_??? */, nlmsg_flags=NLM_F_MULTI|NLM_F_DUMP_FILTERED, nlmsg_seq=0, nlmsg_pid=1}, "\x07\x01\x00\x00\x0e\x00\x01\x00\x6e\x65\x74\x64\x65\x76\x73\x69\x6d\x00\x00\x00\x0f\x00\x02\x00\x6e\x65\x74\x64\x65\x76\x73\x69\x6d\x32\x00\x00\x08\x00\x03\x00\x00\x00\x00\x00\x06\x00\x04\x00\x02\x00\x00\x00\x08\x00\x06\x00\x42\x00\x00\x00\x09\x00\x07\x00\x65\x74\x68\x30\x00\x00\x00\x00\x05\x00\x94\x00\x00\x00\x00\x00\x06\x00\x4d\x00\x00\x00\x00\x00\x08\x00\x4e\x00\x01\x00\x00\x00"], [{nlmsg_len=112, nlmsg_type=0x17 /* NLMSG_??? */, nlmsg_flags=NLM_F_MULTI|NLM_F_DUMP_FILTERED, nlmsg_seq=0, nlmsg_pid=1}, "\x07\x01\x00\x00\x0e\x00\x01\x00\x6e\x65\x74\x64\x65\x76\x73\x69\x6d\x00\x00\x00\x0f\x00\x02\x00\x6e\x65\x74\x64\x65\x76\x73\x69\x6d\x32\x00\x00\x08\x00\x03\x00\x01\x00\x00\x00\x06\x00\x04\x00\x02\x00\x00\x00\x08\x00\x06\x00\x43\x00\x00\x00\x09\x00\x07\x00\x65\x74\x68\x31\x00\x00\x00\x00\x05\x00\x94\x00\x00\x00\x00\x00\x06\x00\x4d\x00\x00\x00\x00\x00\x08\x00\x4e\x00\x02\x00\x00\x00"], [{nlmsg_len=112, nlmsg_type=0x17 /* NLMSG_??? */, nlmsg_flags=NLM_F_MULTI|NLM_F_DUMP_FILTERED, nlmsg_seq=0, nlmsg_pid=1}, "\x07\x01\x00\x00\x0e\x00\x01\x00\x6e\x65\x74\x64\x65\x76\x73\x69\x6d\x00\x00\x00\x0f\x00\x02\x00\x6e\x65\x74\x64\x65\x76\x73\x69\x6d\x32\x00\x00\x08\x00\x03\x00\x02\x00\x00\x00\x06\x00\x04\x00\x02\x00\x00\x00\x08\x00\x06\x00\x44\x00\x00\x00\x09\x00\x07\x00\x65\x74\x68\x32\x00\x00\x00\x00\x05\x00\x94\x00\x00\x00\x00\x00\x06\x00\x4d\x00\x00\x00\x00\x00\x08\x00\x4e\x00\x03\x00\x00\x00"], [{nlmsg_len=112, nlmsg_type=0x17 /* NLMSG_??? */, nlmsg_flags=NLM_F_MULTI|NLM_F_DUMP_FILTERED, nlmsg_seq=0, nlmsg_pid=1}, "\x07\x01\x00\x00\x0e\x00\x01\x00\x6e\x65\x74\x64\x65\x76\x73\x69\x6d\x00\x00\x00\x0f\x00\x02\x00\x6e\x65\x74\x64\x65\x76\x73\x69\x6d\x32\x00\x00\x08\x00\x03\x00\x03\x00\x00\x00\x06\x00\x04\x00\x02\x00\x00\x00\x08\x00\x06\x00\x45\x00\x00\x00\x09\x00\x07\x00\x65\x74\x68\x33\x00\x00\x00\x00\x05\x00\x94\x00\x00\x00\x00\x00\x06\x00\x4d\x00\x00\x00\x00\x00\x08\x00\x4e\x00\x04\x00\x00\x00"], [{nlmsg_len=20, nlmsg_type=NLMSG_DONE, nlmsg_flags=NLM_F_MULTI, nlmsg_seq=0, nlmsg_pid=1}, 0]], 4096, 0, NULL, NULL) = 468
[pid  5094] close(6 <unfinished ...>
[pid  5091] socket(AF_UNIX, SOCK_DGRAM|SOCK_CLOEXEC, 0 <unfinished ...>
[pid  5094] <... close resumed>)        = 0
[pid  5091] <... socket resumed>)       = 6
[pid  5094] sendto(5, [{nlmsg_len=48, nlmsg_type=0x10 /* NLMSG_??? */, nlmsg_flags=NLM_F_REQUEST|NLM_F_ACK, nlmsg_seq=0, nlmsg_pid=0}, "\x00\x00\x00\x00\x45\x00\x00\x00\x01\x00\x00\x00\x01\x00\x00\x00\x0e\x00\x03\x00\x6e\x65\x74\x64\x65\x76\x73\x69\x6d\x33\x00\x00"], 48, 0, {sa_family=AF_NETLINK, nl_pid=0, nl_groups=00000000}, 12 <unfinished ...>
[pid  5091] ioctl(6, SIOCGIFINDEX, {ifr_name="eth0" <unfinished ...>
[pid  5096] <... sendto resumed>)       = 368
[pid  5092] <... write resumed>)        = 3
[pid  5089] <... write resumed>)        = -1 ENOENT (No such file or directory)
[pid  5091] <... ioctl resumed>, ifr_ifindex=66}) = 0
[pid  5096] recvfrom(4,  <unfinished ...>
[pid  5092] close(4 <unfinished ...>
[pid  5091] close(6 <unfinished ...>
[pid  5089] close(4 <unfinished ...>
[pid  5091] <... close resumed>)        = 0
[pid  5091] sendto(5, [{nlmsg_len=48, nlmsg_type=0x10 /* NLMSG_??? */, nlmsg_flags=NLM_F_REQUEST|NLM_F_ACK, nlmsg_seq=0, nlmsg_pid=0}, "\x00\x00\x00\x00\x42\x00\x00\x00\x01\x00\x00\x00\x01\x00\x00\x00\x0e\x00\x03\x00\x6e\x65\x74\x64\x65\x76\x73\x69\x6d\x30\x00\x00"], 48, 0, {sa_family=AF_NETLINK, nl_pid=0, nl_groups=00000000}, 12 <unfinished ...>
[pid  5096] <... recvfrom resumed>[{nlmsg_len=36, nlmsg_type=NLMSG_ERROR, nlmsg_flags=NLM_F_CAPPED, nlmsg_seq=0, nlmsg_pid=1}, {error=0, msg={nlmsg_len=368, nlmsg_type=0x27 /* NLMSG_??? */, nlmsg_flags=NLM_F_REQUEST|NLM_F_ACK, nlmsg_seq=0, nlmsg_pid=0}}], 4096, 0, NULL, NULL) = 36
[pid  5092] <... close resumed>)        = 0
[pid  5089] <... close resumed>)        = 0
[pid  5096] sendto(4, [{nlmsg_len=368, nlmsg_type=0x27 /* NLMSG_??? */, nlmsg_flags=NLM_F_REQUEST|NLM_F_ACK, nlmsg_seq=0, nlmsg_pid=0}, "\x01\x01\x00\x00\x08\x00\x02\x00\x77\x67\x32\x00\x24\x00\x03\x00\xa0\xcb\x87\x9a\x47\xf5\xbc\x64\x4c\x0e\x69\x3f\xa6\xd0\x31\xc7\x4a\x15\x53\xb6\xe9\x01\xb9\xff\x2f\x51\x8c\x78\x04\x2f\xb5\x42\x06\x00\x06\x00\x23\x4e\x00\x00\x28\x01\x08\x80\x98\x00\x00\x80\x24\x00\x01\x00\x97\x5c\x9d\x81\xc9\x83\xc8\x20\x9e\xe7\x81\x25\x4b\x89\x9f\x8e\xd9\x25\xae\x9f\x09\x23\xc2\x3c\x62\xf5\x3c\x57\xcd\xbf\x69\x1c"...], 368, 0, {sa_family=AF_NETLINK, nl_pid=0, nl_groups=00000000}, 12 <unfinished ...>
[pid  5092] socket(AF_NETLINK, SOCK_RAW, NETLINK_GENERIC <unfinished ...>
[pid  5089] openat(AT_FDCWD, "/sys/bus/netdevsim/new_device", O_WRONLY|O_CLOEXEC <unfinished ...>
[pid  5092] <... socket resumed>)       = 4
[pid  5089] <... openat resumed>)       = 4
[pid  5092] socket(AF_NETLINK, SOCK_RAW, NETLINK_ROUTE <unfinished ...>
[pid  5089] write(4, "0 4", 3 <unfinished ...>
[pid  5092] <... socket resumed>)       = 5
[pid  5092] sendto(4, [{nlmsg_len=32, nlmsg_type=0x10 /* NLMSG_??? */, nlmsg_flags=NLM_F_REQUEST|NLM_F_ACK, nlmsg_seq=0, nlmsg_pid=0}, "\x03\x00\x00\x00\x0c\x00\x02\x00\x64\x65\x76\x6c\x69\x6e\x6b\x00"], 32, 0, {sa_family=AF_NETLINK, nl_pid=0, nl_groups=00000000}, 12 <unfinished ...>
[pid  5094] <... sendto resumed>)       = 48
[   83.234463][ T5094] netdevsim netdevsim3 netdevsim2: renamed from eth2
[   83.267287][ T5094] netdevsim netdevsim3 netdevsim3: renamed from eth3
[pid  5094] recvfrom(5, [{nlmsg_len=36, nlmsg_type=NLMSG_ERROR, nlmsg_flags=NLM_F_CAPPED, nlmsg_seq=0, nlmsg_pid=-1933171619}, {error=0, msg={nlmsg_len=48, nlmsg_type=0x10 /* NLMSG_??? */, nlmsg_flags=NLM_F_REQUEST|NLM_F_ACK, nlmsg_seq=0, nlmsg_pid=0}}], 4096, 0, NULL, NULL) = 36
[pid  5094] close(5 <unfinished ...>
[pid  5091] <... sendto resumed>)       = 48
[pid  5096] <... sendto resumed>)       = 368
[pid  5092] <... sendto resumed>)       = 32
[pid  5096] recvfrom(4,  <unfinished ...>
[pid  5094] <... close resumed>)        = 0
[pid  5092] recvfrom(4,  <unfinished ...>
[pid  5091] recvfrom(5,  <unfinished ...>
[pid  5096] <... recvfrom resumed>[{nlmsg_len=36, nlmsg_type=NLMSG_ERROR, nlmsg_flags=NLM_F_CAPPED, nlmsg_seq=0, nlmsg_pid=1}, {error=0, msg={nlmsg_len=368, nlmsg_type=0x27 /* NLMSG_??? */, nlmsg_flags=NLM_F_REQUEST|NLM_F_ACK, nlmsg_seq=0, nlmsg_pid=0}}], 4096, 0, NULL, NULL) = 36
[pid  5092] <... recvfrom resumed>[{nlmsg_len=1236, nlmsg_type=0x10 /* NLMSG_??? */, nlmsg_flags=0, nlmsg_seq=0, nlmsg_pid=1}, "\x01\x02\x00\x00\x0c\x00\x02\x00\x64\x65\x76\x6c\x69\x6e\x6b\x00\x06\x00\x01\x00\x17\x00\x00\x00\x08\x00\x03\x00\x01\x00\x00\x00\x08\x00\x04\x00\x00\x00\x00\x00\x08\x00\x05\x00\x00\x00\x00\x00\x78\x04\x06\x00\x14\x00\x01\x00\x08\x00\x01\x00\x01\x00\x00\x00\x08\x00\x02\x00\x0e\x00\x00\x00\x14\x00\x02\x00\x08\x00\x01\x00\x05\x00\x00\x00\x08\x00\x02\x00\x0e\x00\x00\x00\x14\x00\x03\x00\x08\x00\x01\x00"...], 4096, 0, NULL, NULL) = 1236
[pid  5096] close(4 <unfinished ...>
[pid  5094] close(4 <unfinished ...>
[pid  5092] recvfrom(4,  <unfinished ...>
[pid  5091] <... recvfrom resumed>[{nlmsg_len=36, nlmsg_type=NLMSG_ERROR, nlmsg_flags=NLM_F_CAPPED, nlmsg_seq=0, nlmsg_pid=-1635363373}, {error=0, msg={nlmsg_len=48, nlmsg_type=0x10 /* NLMSG_??? */, nlmsg_flags=NLM_F_REQUEST|NLM_F_ACK, nlmsg_seq=0, nlmsg_pid=0}}], 4096, 0, NULL, NULL) = 36
[pid  5096] <... close resumed>)        = 0
[pid  5094] <... close resumed>)        = 0
[pid  5092] <... recvfrom resumed>[{nlmsg_len=36, nlmsg_type=NLMSG_ERROR, nlmsg_flags=NLM_F_CAPPED, nlmsg_seq=0, nlmsg_pid=1}, {error=0, msg={nlmsg_len=32, nlmsg_type=0x10 /* NLMSG_??? */, nlmsg_flags=NLM_F_REQUEST|NLM_F_ACK, nlmsg_seq=0, nlmsg_pid=0}}], 4096, 0, NULL, NULL) = 36
[pid  5091] socket(AF_UNIX, SOCK_DGRAM|SOCK_CLOEXEC, 0 <unfinished ...>
[pid  5096] socket(AF_UNIX, SOCK_DGRAM|SOCK_CLOEXEC, 0 <unfinished ...>
[pid  5094] socket(AF_NETLINK, SOCK_RAW, NETLINK_GENERIC <unfinished ...>
[pid  5092] sendto(4, [{nlmsg_len=52, nlmsg_type=0x17 /* NLMSG_??? */, nlmsg_flags=NLM_F_REQUEST|NLM_F_ACK|0x300, nlmsg_seq=0, nlmsg_pid=0}, "\x05\x00\x00\x00\x0e\x00\x01\x00\x6e\x65\x74\x64\x65\x76\x73\x69\x6d\x00\x00\x00\x0f\x00\x02\x00\x6e\x65\x74\x64\x65\x76\x73\x69\x6d\x31\x00\x00"], 52, 0, {sa_family=AF_NETLINK, nl_pid=0, nl_groups=00000000}, 12 <unfinished ...>
[pid  5091] <... socket resumed>)       = 6
[pid  5096] <... socket resumed>)       = 4
[pid  5094] <... socket resumed>)       = 4
[pid  5092] <... sendto resumed>)       = 52
[pid  5091] ioctl(6, SIOCGIFINDEX, {ifr_name="eth1" <unfinished ...>
[pid  5096] ioctl(4, SIOCGIFINDEX, {ifr_name="lo" <unfinished ...>
[pid  5094] sendto(4, [{nlmsg_len=36, nlmsg_type=0x10 /* NLMSG_??? */, nlmsg_flags=NLM_F_REQUEST|NLM_F_ACK, nlmsg_seq=0, nlmsg_pid=0}, "\x03\x00\x00\x00\x0e\x00\x02\x00\x77\x69\x72\x65\x67\x75\x61\x72\x64\x00\x00\x00"], 36, 0, {sa_family=AF_NETLINK, nl_pid=0, nl_groups=00000000}, 12 <unfinished ...>
[pid  5092] recvfrom(4,  <unfinished ...>
[pid  5091] <... ioctl resumed>, ifr_ifindex=67}) = 0
[pid  5096] <... ioctl resumed>, ifr_ifindex=1}) = 0
[pid  5094] <... sendto resumed>)       = 36
